Starting ACC Classifier Training at Fri Apr  3 01:08:16 PM CDT 2026
Epochs: 30
Process ID: 441942
Script PID: 441942
======================================================
Python Process PID: 441948
Selected GPU: 5
Oh, look at me I am implementing acc classifier
Training with 30 epochs
loading the already saved data from /home/sar0033/blindscrambler/scripts/data/ACC_processed_data.csv
Dataset shape: (9066586, 11), Label shape: (9066586,)
Class distribution: [5748608 3317978]
Features normalized - Train mean: -0.0000, std: 1.0000
Train batches: 198332, Val batches: 42500, Test batches: 42500
Using device: cuda:5

Starting training...
Epoch [1/30], Batch [1000/198332], Loss: 0.3490, Train Acc: 0.6488, Val Acc: 0.6153
Epoch [1/30], Batch [2000/198332], Loss: 0.3561, Train Acc: 0.6296, Val Acc: 0.6070
Epoch [1/30], Batch [3000/198332], Loss: 0.3582, Train Acc: 0.6233, Val Acc: 0.6176
Epoch [1/30], Batch [4000/198332], Loss: 0.3597, Train Acc: 0.6201, Val Acc: 0.6151
Epoch [1/30], Batch [5000/198332], Loss: 0.3595, Train Acc: 0.6173, Val Acc: 0.5954
Epoch [1/30], Batch [6000/198332], Loss: 0.3599, Train Acc: 0.6137, Val Acc: 0.6011
Epoch [1/30], Batch [7000/198332], Loss: 0.3601, Train Acc: 0.6132, Val Acc: 0.6280
Epoch [1/30], Batch [8000/198332], Loss: 0.3601, Train Acc: 0.6146, Val Acc: 0.6119
Epoch [1/30], Batch [9000/198332], Loss: 0.3593, Train Acc: 0.6159, Val Acc: 0.6178
Epoch [1/30], Batch [10000/198332], Loss: 0.3597, Train Acc: 0.6151, Val Acc: 0.6108
Epoch [1/30], Batch [11000/198332], Loss: 0.3600, Train Acc: 0.6146, Val Acc: 0.6175
Epoch [1/30], Batch [12000/198332], Loss: 0.3604, Train Acc: 0.6145, Val Acc: 0.5956
Epoch [1/30], Batch [13000/198332], Loss: 0.3608, Train Acc: 0.6137, Val Acc: 0.6133
Epoch [1/30], Batch [14000/198332], Loss: 0.3633, Train Acc: 0.6103, Val Acc: 0.5004
Epoch [1/30], Batch [15000/198332], Loss: 0.3673, Train Acc: 0.6022, Val Acc: 0.4992
Epoch [1/30], Batch [16000/198332], Loss: 0.3710, Train Acc: 0.5953, Val Acc: 0.3812
Epoch [1/30], Batch [17000/198332], Loss: 0.3738, Train Acc: 0.5894, Val Acc: 0.4900
Epoch [1/30], Batch [18000/198332], Loss: 0.3763, Train Acc: 0.5843, Val Acc: 0.3685
Epoch [1/30], Batch [19000/198332], Loss: 0.3786, Train Acc: 0.5797, Val Acc: 0.4917
Epoch [1/30], Batch [20000/198332], Loss: 0.3808, Train Acc: 0.5754, Val Acc: 0.5046
Epoch [1/30], Batch [21000/198332], Loss: 0.3829, Train Acc: 0.5713, Val Acc: 0.5112
Epoch [1/30], Batch [22000/198332], Loss: 0.3847, Train Acc: 0.5679, Val Acc: 0.5096
Epoch [1/30], Batch [23000/198332], Loss: 0.3860, Train Acc: 0.5649, Val Acc: 0.4797
Epoch [1/30], Batch [24000/198332], Loss: 0.3875, Train Acc: 0.5615, Val Acc: 0.5067
Epoch [1/30], Batch [25000/198332], Loss: 0.3890, Train Acc: 0.5585, Val Acc: 0.4880
Epoch [1/30], Batch [26000/198332], Loss: 0.3902, Train Acc: 0.5558, Val Acc: 0.5114
Epoch [1/30], Batch [27000/198332], Loss: 0.3912, Train Acc: 0.5538, Val Acc: 0.5112
Epoch [1/30], Batch [28000/198332], Loss: 0.3921, Train Acc: 0.5515, Val Acc: 0.3967
Epoch [1/30], Batch [29000/198332], Loss: 0.3930, Train Acc: 0.5494, Val Acc: 0.4846
Epoch [1/30], Batch [30000/198332], Loss: 0.3937, Train Acc: 0.5476, Val Acc: 0.5113
Epoch [1/30], Batch [31000/198332], Loss: 0.3945, Train Acc: 0.5461, Val Acc: 0.5107
Epoch [1/30], Batch [32000/198332], Loss: 0.3953, Train Acc: 0.5445, Val Acc: 0.5110
Epoch [1/30], Batch [33000/198332], Loss: 0.3960, Train Acc: 0.5432, Val Acc: 0.5025
Epoch [1/30], Batch [34000/198332], Loss: 0.3968, Train Acc: 0.5415, Val Acc: 0.5102
Epoch [1/30], Batch [35000/198332], Loss: 0.3974, Train Acc: 0.5403, Val Acc: 0.5072
Epoch [1/30], Batch [36000/198332], Loss: 0.3981, Train Acc: 0.5391, Val Acc: 0.5114
Epoch [1/30], Batch [37000/198332], Loss: 0.3987, Train Acc: 0.5380, Val Acc: 0.5110
Epoch [1/30], Batch [38000/198332], Loss: 0.3993, Train Acc: 0.5368, Val Acc: 0.3803
Epoch [1/30], Batch [39000/198332], Loss: 0.3998, Train Acc: 0.5358, Val Acc: 0.5075
Epoch [1/30], Batch [40000/198332], Loss: 0.4003, Train Acc: 0.5347, Val Acc: 0.5095
Epoch [1/30], Batch [41000/198332], Loss: 0.4008, Train Acc: 0.5335, Val Acc: 0.5096
Epoch [1/30], Batch [42000/198332], Loss: 0.4012, Train Acc: 0.5327, Val Acc: 0.5107
Epoch [1/30], Batch [43000/198332], Loss: 0.4014, Train Acc: 0.5318, Val Acc: 0.5416
Epoch [1/30], Batch [44000/198332], Loss: 0.4009, Train Acc: 0.5324, Val Acc: 0.5677
Epoch [1/30], Batch [45000/198332], Loss: 0.4002, Train Acc: 0.5339, Val Acc: 0.6155
Epoch [1/30], Batch [46000/198332], Loss: 0.3994, Train Acc: 0.5356, Val Acc: 0.5991
Epoch [1/30], Batch [47000/198332], Loss: 0.3987, Train Acc: 0.5370, Val Acc: 0.6095
Epoch [1/30], Batch [48000/198332], Loss: 0.3978, Train Acc: 0.5387, Val Acc: 0.6209
Epoch [1/30], Batch [49000/198332], Loss: 0.3972, Train Acc: 0.5404, Val Acc: 0.6314
Epoch [1/30], Batch [50000/198332], Loss: 0.3966, Train Acc: 0.5420, Val Acc: 0.6093
Epoch [1/30], Batch [51000/198332], Loss: 0.3958, Train Acc: 0.5435, Val Acc: 0.6156
Epoch [1/30], Batch [52000/198332], Loss: 0.3951, Train Acc: 0.5449, Val Acc: 0.6122
Epoch [1/30], Batch [53000/198332], Loss: 0.3945, Train Acc: 0.5461, Val Acc: 0.6198
Epoch [1/30], Batch [54000/198332], Loss: 0.3939, Train Acc: 0.5474, Val Acc: 0.6290
Epoch [1/30], Batch [55000/198332], Loss: 0.3933, Train Acc: 0.5488, Val Acc: 0.6250
Epoch [1/30], Batch [56000/198332], Loss: 0.3928, Train Acc: 0.5497, Val Acc: 0.5593
Epoch [1/30], Batch [57000/198332], Loss: 0.3924, Train Acc: 0.5502, Val Acc: 0.6135
Epoch [1/30], Batch [58000/198332], Loss: 0.3919, Train Acc: 0.5515, Val Acc: 0.6267
Epoch [1/30], Batch [59000/198332], Loss: 0.3914, Train Acc: 0.5526, Val Acc: 0.6008
Epoch [1/30], Batch [60000/198332], Loss: 0.3908, Train Acc: 0.5535, Val Acc: 0.6192
Epoch [1/30], Batch [61000/198332], Loss: 0.3903, Train Acc: 0.5546, Val Acc: 0.6074
Epoch [1/30], Batch [62000/198332], Loss: 0.3899, Train Acc: 0.5554, Val Acc: 0.6151
Epoch [1/30], Batch [63000/198332], Loss: 0.3895, Train Acc: 0.5563, Val Acc: 0.6110
Epoch [1/30], Batch [64000/198332], Loss: 0.3891, Train Acc: 0.5572, Val Acc: 0.6152
Epoch [1/30], Batch [65000/198332], Loss: 0.3887, Train Acc: 0.5578, Val Acc: 0.6032
Epoch [1/30], Batch [66000/198332], Loss: 0.3884, Train Acc: 0.5584, Val Acc: 0.5804
Epoch [1/30], Batch [67000/198332], Loss: 0.3879, Train Acc: 0.5593, Val Acc: 0.6016
Epoch [1/30], Batch [68000/198332], Loss: 0.3876, Train Acc: 0.5598, Val Acc: 0.6067
Epoch [1/30], Batch [69000/198332], Loss: 0.3872, Train Acc: 0.5604, Val Acc: 0.6068
Epoch [1/30], Batch [70000/198332], Loss: 0.3869, Train Acc: 0.5611, Val Acc: 0.6147
Epoch [1/30], Batch [71000/198332], Loss: 0.3865, Train Acc: 0.5620, Val Acc: 0.6297
Epoch [1/30], Batch [72000/198332], Loss: 0.3861, Train Acc: 0.5627, Val Acc: 0.6088
Epoch [1/30], Batch [73000/198332], Loss: 0.3858, Train Acc: 0.5635, Val Acc: 0.6291
Epoch [1/30], Batch [74000/198332], Loss: 0.3855, Train Acc: 0.5642, Val Acc: 0.6094
Epoch [1/30], Batch [75000/198332], Loss: 0.3852, Train Acc: 0.5649, Val Acc: 0.6080
Epoch [1/30], Batch [76000/198332], Loss: 0.3849, Train Acc: 0.5654, Val Acc: 0.6007
Epoch [1/30], Batch [77000/198332], Loss: 0.3846, Train Acc: 0.5659, Val Acc: 0.6168
Epoch [1/30], Batch [78000/198332], Loss: 0.3843, Train Acc: 0.5666, Val Acc: 0.6088
Epoch [1/30], Batch [79000/198332], Loss: 0.3841, Train Acc: 0.5671, Val Acc: 0.6298
Epoch [1/30], Batch [80000/198332], Loss: 0.3839, Train Acc: 0.5679, Val Acc: 0.6256
Epoch [1/30], Batch [81000/198332], Loss: 0.3836, Train Acc: 0.5686, Val Acc: 0.6152
Epoch [1/30], Batch [82000/198332], Loss: 0.3833, Train Acc: 0.5693, Val Acc: 0.6303
Epoch [1/30], Batch [83000/198332], Loss: 0.3831, Train Acc: 0.5699, Val Acc: 0.6262
Epoch [1/30], Batch [84000/198332], Loss: 0.3828, Train Acc: 0.5705, Val Acc: 0.6167
Epoch [1/30], Batch [85000/198332], Loss: 0.3826, Train Acc: 0.5711, Val Acc: 0.6110
Epoch [1/30], Batch [86000/198332], Loss: 0.3823, Train Acc: 0.5716, Val Acc: 0.6258
Epoch [1/30], Batch [87000/198332], Loss: 0.3820, Train Acc: 0.5722, Val Acc: 0.6280
Epoch [1/30], Batch [88000/198332], Loss: 0.3819, Train Acc: 0.5728, Val Acc: 0.6297
Epoch [1/30], Batch [89000/198332], Loss: 0.3816, Train Acc: 0.5733, Val Acc: 0.6248
Epoch [1/30], Batch [90000/198332], Loss: 0.3814, Train Acc: 0.5739, Val Acc: 0.6315
Epoch [1/30], Batch [91000/198332], Loss: 0.3811, Train Acc: 0.5744, Val Acc: 0.6257
