Starting Generator Model Training at Sat Apr 25 07:01:44 PM CDT 2026
Model: gan
Epochs: 20
Batch Size: 64
Learning Rate: 0.002
Data Fraction: 0.25
Process ID: 3030256
======================================================
Python Process PID: 3030270
2026-04-25 19:01:49,398 - INFO - Selected GPU: 1
2026-04-25 19:01:50,699 - INFO - Dataset size: 50649 images
2026-04-25 19:03:12,958 - INFO - Batch shape: torch.Size([64, 3, 64, 64])
2026-04-25 19:03:12,959 - INFO - Batch range: [0.00, 1.00]
2026-04-25 19:03:13,407 - INFO - Models and optimizers initialized
2026-04-25 19:03:13,407 - INFO - Starting GAN training...
Epoch [1/20] Batch [0/792] D_loss: 1.5969 G_loss: 0.4478
Epoch [1/20] Batch [10/792] D_loss: 1.7388 G_loss: 0.7035
Epoch [1/20] Batch [20/792] D_loss: 1.6805 G_loss: 0.8199
Epoch [1/20] Batch [30/792] D_loss: 1.6815 G_loss: 0.7837
Epoch [1/20] Batch [40/792] D_loss: 1.6811 G_loss: 0.7418
Epoch [1/20] Batch [50/792] D_loss: 1.6860 G_loss: 0.7329
Epoch [1/20] Batch [60/792] D_loss: 1.7005 G_loss: 0.7360
Epoch [1/20] Batch [70/792] D_loss: 1.6876 G_loss: 0.7555
Epoch [1/20] Batch [80/792] D_loss: 1.6877 G_loss: 0.7041
Epoch [1/20] Batch [90/792] D_loss: 1.6957 G_loss: 0.8026
Epoch [1/20] Batch [100/792] D_loss: 1.6882 G_loss: 0.7108
Epoch [1/20] Batch [110/792] D_loss: 1.6884 G_loss: 0.7421
Epoch [1/20] Batch [120/792] D_loss: 1.6930 G_loss: 0.7109
Epoch [1/20] Batch [130/792] D_loss: 1.6921 G_loss: 0.7279
Epoch [1/20] Batch [140/792] D_loss: 1.6966 G_loss: 0.7413
Epoch [1/20] Batch [150/792] D_loss: 1.6921 G_loss: 0.7446
Epoch [1/20] Batch [160/792] D_loss: 1.6927 G_loss: 0.7245
Epoch [1/20] Batch [170/792] D_loss: 1.6919 G_loss: 0.7056
Epoch [1/20] Batch [180/792] D_loss: 1.6934 G_loss: 0.7123
Epoch [1/20] Batch [190/792] D_loss: 1.6939 G_loss: 0.7000
Epoch [1/20] Batch [200/792] D_loss: 1.6921 G_loss: 0.6966
Epoch [1/20] Batch [210/792] D_loss: 1.6930 G_loss: 0.7037
Epoch [1/20] Batch [220/792] D_loss: 1.6937 G_loss: 0.6928
Epoch [1/20] Batch [230/792] D_loss: 1.6983 G_loss: 0.6800
Epoch [1/20] Batch [240/792] D_loss: 1.6947 G_loss: 0.6994
Epoch [1/20] Batch [250/792] D_loss: 1.6924 G_loss: 0.6942
Epoch [1/20] Batch [260/792] D_loss: 1.6921 G_loss: 0.6916
Epoch [1/20] Batch [270/792] D_loss: 1.6918 G_loss: 0.7040
Epoch [1/20] Batch [280/792] D_loss: 1.6923 G_loss: 0.7043
Epoch [1/20] Batch [290/792] D_loss: 1.6938 G_loss: 0.7307
Epoch [1/20] Batch [300/792] D_loss: 1.6920 G_loss: 0.7278
Epoch [1/20] Batch [310/792] D_loss: 1.6916 G_loss: 0.7184
Epoch [1/20] Batch [320/792] D_loss: 1.6944 G_loss: 0.7219
Epoch [1/20] Batch [330/792] D_loss: 1.6928 G_loss: 0.7069
Epoch [1/20] Batch [340/792] D_loss: 1.6914 G_loss: 0.6793
Epoch [1/20] Batch [350/792] D_loss: 1.6917 G_loss: 0.7007
Epoch [1/20] Batch [360/792] D_loss: 1.6927 G_loss: 0.7112
Epoch [1/20] Batch [370/792] D_loss: 1.6912 G_loss: 0.7423
Epoch [1/20] Batch [380/792] D_loss: 1.6929 G_loss: 0.7278
Epoch [1/20] Batch [390/792] D_loss: 1.6913 G_loss: 0.7098
Epoch [1/20] Batch [400/792] D_loss: 1.6922 G_loss: 0.7023
Epoch [1/20] Batch [410/792] D_loss: 1.6929 G_loss: 0.7127
Epoch [1/20] Batch [420/792] D_loss: 1.6931 G_loss: 0.7073
Epoch [1/20] Batch [430/792] D_loss: 1.6921 G_loss: 0.7081
Epoch [1/20] Batch [440/792] D_loss: 1.6916 G_loss: 0.6787
Epoch [1/20] Batch [450/792] D_loss: 1.6919 G_loss: 0.6892
Epoch [1/20] Batch [460/792] D_loss: 1.6934 G_loss: 0.6990
Epoch [1/20] Batch [470/792] D_loss: 1.6926 G_loss: 0.6828
Epoch [1/20] Batch [480/792] D_loss: 1.6919 G_loss: 0.7043
Epoch [1/20] Batch [490/792] D_loss: 1.6925 G_loss: 0.6988
Epoch [1/20] Batch [500/792] D_loss: 1.6929 G_loss: 0.7081
Epoch [1/20] Batch [510/792] D_loss: 1.6941 G_loss: 0.6935
Epoch [1/20] Batch [520/792] D_loss: 1.6919 G_loss: 0.6802
Epoch [1/20] Batch [530/792] D_loss: 1.6916 G_loss: 0.6893
Epoch [1/20] Batch [540/792] D_loss: 1.6945 G_loss: 0.7035
Epoch [1/20] Batch [550/792] D_loss: 1.6962 G_loss: 0.7138
Epoch [1/20] Batch [560/792] D_loss: 1.6922 G_loss: 0.7357
Epoch [1/20] Batch [570/792] D_loss: 1.6919 G_loss: 0.7131
Epoch [1/20] Batch [580/792] D_loss: 1.6939 G_loss: 0.6971
Epoch [1/20] Batch [590/792] D_loss: 1.6937 G_loss: 0.6898
Epoch [1/20] Batch [600/792] D_loss: 1.6934 G_loss: 0.6845
Epoch [1/20] Batch [610/792] D_loss: 1.6941 G_loss: 0.6979
Epoch [1/20] Batch [620/792] D_loss: 1.6927 G_loss: 0.7118
Epoch [1/20] Batch [630/792] D_loss: 1.6929 G_loss: 0.7124
Epoch [1/20] Batch [640/792] D_loss: 1.6938 G_loss: 0.6996
Epoch [1/20] Batch [650/792] D_loss: 1.6926 G_loss: 0.6989
Epoch [1/20] Batch [660/792] D_loss: 1.6931 G_loss: 0.6929
Epoch [1/20] Batch [670/792] D_loss: 1.6944 G_loss: 0.6845
Epoch [1/20] Batch [680/792] D_loss: 1.6921 G_loss: 0.6854
Epoch [1/20] Batch [690/792] D_loss: 1.6932 G_loss: 0.7035
Epoch [1/20] Batch [700/792] D_loss: 1.6924 G_loss: 0.6975
Epoch [1/20] Batch [710/792] D_loss: 1.6936 G_loss: 0.6852
Epoch [1/20] Batch [720/792] D_loss: 1.6921 G_loss: 0.6958
Epoch [1/20] Batch [730/792] D_loss: 1.6952 G_loss: 0.7053
Epoch [1/20] Batch [740/792] D_loss: 1.6923 G_loss: 0.7042
Epoch [1/20] Batch [750/792] D_loss: 1.6921 G_loss: 0.6920
Epoch [1/20] Batch [760/792] D_loss: 1.6920 G_loss: 0.7118
Epoch [1/20] Batch [770/792] D_loss: 1.6924 G_loss: 0.7054
Epoch [1/20] Batch [780/792] D_loss: 1.6937 G_loss: 0.6873
Epoch [1/20] Batch [790/792] D_loss: 1.6930 G_loss: 0.6899
Saving checkpoint at epoch 1...
Model saved to /home/sar0033/blindscrambler/scripts/models/models_gan_epoch_1.onnx
Epoch [2/20] Batch [0/792] D_loss: 1.6932 G_loss: 0.6864
Epoch [2/20] Batch [10/792] D_loss: 1.6951 G_loss: 0.6952
Epoch [2/20] Batch [20/792] D_loss: 1.6929 G_loss: 0.7040
Epoch [2/20] Batch [30/792] D_loss: 1.6926 G_loss: 0.6702
Epoch [2/20] Batch [40/792] D_loss: 1.6934 G_loss: 0.7188
Epoch [2/20] Batch [50/792] D_loss: 1.6951 G_loss: 0.6977
Epoch [2/20] Batch [60/792] D_loss: 1.6946 G_loss: 0.6912
Epoch [2/20] Batch [70/792] D_loss: 1.6931 G_loss: 0.6970
Epoch [2/20] Batch [80/792] D_loss: 1.6931 G_loss: 0.6910
Epoch [2/20] Batch [90/792] D_loss: 1.6947 G_loss: 0.7115
Epoch [2/20] Batch [100/792] D_loss: 1.6932 G_loss: 0.6728
Epoch [2/20] Batch [110/792] D_loss: 1.6947 G_loss: 0.7065
Epoch [2/20] Batch [120/792] D_loss: 1.6933 G_loss: 0.6774
Epoch [2/20] Batch [130/792] D_loss: 1.6947 G_loss: 0.7043
Epoch [2/20] Batch [140/792] D_loss: 1.6937 G_loss: 0.6931
Epoch [2/20] Batch [150/792] D_loss: 1.6927 G_loss: 0.6943
Epoch [2/20] Batch [160/792] D_loss: 1.6928 G_loss: 0.6870
Epoch [2/20] Batch [170/792] D_loss: 1.6928 G_loss: 0.6928
Epoch [2/20] Batch [180/792] D_loss: 1.6930 G_loss: 0.6910
Epoch [2/20] Batch [190/792] D_loss: 1.6930 G_loss: 0.6886
Epoch [2/20] Batch [200/792] D_loss: 1.6929 G_loss: 0.7084
Epoch [2/20] Batch [210/792] D_loss: 1.6928 G_loss: 0.6788
Epoch [2/20] Batch [220/792] D_loss: 1.6940 G_loss: 0.7178
Epoch [2/20] Batch [230/792] D_loss: 1.6935 G_loss: 0.6849
Epoch [2/20] Batch [240/792] D_loss: 1.6929 G_loss: 0.6989
Epoch [2/20] Batch [250/792] D_loss: 1.6935 G_loss: 0.6819
Epoch [2/20] Batch [260/792] D_loss: 1.6938 G_loss: 0.7110
Epoch [2/20] Batch [270/792] D_loss: 1.6933 G_loss: 0.6932
Epoch [2/20] Batch [280/792] D_loss: 1.6932 G_loss: 0.6899
Epoch [2/20] Batch [290/792] D_loss: 1.6932 G_loss: 0.7023
Epoch [2/20] Batch [300/792] D_loss: 1.6926 G_loss: 0.6803
Epoch [2/20] Batch [310/792] D_loss: 1.6938 G_loss: 0.7189
Epoch [2/20] Batch [320/792] D_loss: 1.6925 G_loss: 0.6819
Epoch [2/20] Batch [330/792] D_loss: 1.6928 G_loss: 0.7071
Epoch [2/20] Batch [340/792] D_loss: 1.6927 G_loss: 0.6849
Epoch [2/20] Batch [350/792] D_loss: 1.6928 G_loss: 0.7037
Epoch [2/20] Batch [360/792] D_loss: 1.6925 G_loss: 0.6839
Epoch [2/20] Batch [370/792] D_loss: 1.6929 G_loss: 0.7066
Epoch [2/20] Batch [380/792] D_loss: 1.6926 G_loss: 0.6965
Epoch [2/20] Batch [390/792] D_loss: 1.6929 G_loss: 0.6892
Epoch [2/20] Batch [400/792] D_loss: 1.6929 G_loss: 0.6928
Epoch [2/20] Batch [410/792] D_loss: 1.6931 G_loss: 0.6891
Epoch [2/20] Batch [420/792] D_loss: 1.6935 G_loss: 0.6935
Epoch [2/20] Batch [430/792] D_loss: 1.6928 G_loss: 0.6952
Epoch [2/20] Batch [440/792] D_loss: 1.6928 G_loss: 0.6889
Epoch [2/20] Batch [450/792] D_loss: 1.6934 G_loss: 0.6937
Epoch [2/20] Batch [460/792] D_loss: 1.6931 G_loss: 0.6874
Epoch [2/20] Batch [470/792] D_loss: 1.6934 G_loss: 0.6995
Epoch [2/20] Batch [480/792] D_loss: 1.6932 G_loss: 0.6909
Epoch [2/20] Batch [490/792] D_loss: 1.6932 G_loss: 0.6993
Epoch [2/20] Batch [500/792] D_loss: 1.6929 G_loss: 0.6828
Epoch [2/20] Batch [510/792] D_loss: 1.6938 G_loss: 0.7043
Epoch [2/20] Batch [520/792] D_loss: 1.6941 G_loss: 0.6884
Epoch [2/20] Batch [530/792] D_loss: 1.6932 G_loss: 0.6941
Epoch [2/20] Batch [540/792] D_loss: 1.6938 G_loss: 0.7013
Epoch [2/20] Batch [550/792] D_loss: 1.6929 G_loss: 0.6894
Epoch [2/20] Batch [560/792] D_loss: 1.6937 G_loss: 0.7105
Epoch [2/20] Batch [570/792] D_loss: 1.6934 G_loss: 0.7104
Epoch [2/20] Batch [580/792] D_loss: 1.6933 G_loss: 0.6864
Epoch [2/20] Batch [590/792] D_loss: 1.6934 G_loss: 0.6927
Epoch [2/20] Batch [600/792] D_loss: 1.6932 G_loss: 0.6948
Epoch [2/20] Batch [610/792] D_loss: 1.6926 G_loss: 0.6867
Epoch [2/20] Batch [620/792] D_loss: 1.6938 G_loss: 0.6973
Epoch [2/20] Batch [630/792] D_loss: 1.6932 G_loss: 0.6853
Epoch [2/20] Batch [640/792] D_loss: 1.6944 G_loss: 0.6968
Epoch [2/20] Batch [650/792] D_loss: 1.6935 G_loss: 0.6898
Epoch [2/20] Batch [660/792] D_loss: 1.6942 G_loss: 0.6964
Epoch [2/20] Batch [670/792] D_loss: 1.6941 G_loss: 0.6864
Epoch [2/20] Batch [680/792] D_loss: 1.6911 G_loss: 0.7242
Epoch [2/20] Batch [690/792] D_loss: 1.6924 G_loss: 0.6893
Epoch [2/20] Batch [700/792] D_loss: 1.6925 G_loss: 0.6986
Epoch [2/20] Batch [710/792] D_loss: 1.6929 G_loss: 0.6895
Epoch [2/20] Batch [720/792] D_loss: 1.6932 G_loss: 0.6951
Epoch [2/20] Batch [730/792] D_loss: 1.6931 G_loss: 0.6919
Epoch [2/20] Batch [740/792] D_loss: 1.6930 G_loss: 0.6938
Epoch [2/20] Batch [750/792] D_loss: 1.6926 G_loss: 0.6972
Epoch [2/20] Batch [760/792] D_loss: 1.6930 G_loss: 0.6868
Epoch [2/20] Batch [770/792] D_loss: 1.6927 G_loss: 0.7038
Epoch [2/20] Batch [780/792] D_loss: 1.6929 G_loss: 0.6849
Epoch [2/20] Batch [790/792] D_loss: 1.6930 G_loss: 0.7067
Epoch [3/20] Batch [0/792] D_loss: 1.6931 G_loss: 0.7064
Epoch [3/20] Batch [10/792] D_loss: 1.6963 G_loss: 0.7144
Epoch [3/20] Batch [20/792] D_loss: 1.6903 G_loss: 0.7230
Epoch [3/20] Batch [30/792] D_loss: 1.6996 G_loss: 0.7194
Epoch [3/20] Batch [40/792] D_loss: 1.6959 G_loss: 0.6960
Epoch [3/20] Batch [50/792] D_loss: 1.6904 G_loss: 0.6550
Epoch [3/20] Batch [60/792] D_loss: 1.7076 G_loss: 0.7115
Epoch [3/20] Batch [70/792] D_loss: 1.6927 G_loss: 0.6937
Epoch [3/20] Batch [80/792] D_loss: 1.6941 G_loss: 0.7020
Epoch [3/20] Batch [90/792] D_loss: 1.6935 G_loss: 0.6932
Epoch [3/20] Batch [100/792] D_loss: 1.6941 G_loss: 0.6881
Epoch [3/20] Batch [110/792] D_loss: 1.6925 G_loss: 0.7204
Epoch [3/20] Batch [120/792] D_loss: 1.6922 G_loss: 0.6830
Epoch [3/20] Batch [130/792] D_loss: 1.6928 G_loss: 0.7179
Epoch [3/20] Batch [140/792] D_loss: 1.6923 G_loss: 0.6914
Epoch [3/20] Batch [150/792] D_loss: 1.6940 G_loss: 0.7002
Epoch [3/20] Batch [160/792] D_loss: 1.6926 G_loss: 0.6918
Epoch [3/20] Batch [170/792] D_loss: 1.6933 G_loss: 0.6985
Epoch [3/20] Batch [180/792] D_loss: 1.6935 G_loss: 0.6986
Epoch [3/20] Batch [190/792] D_loss: 1.6933 G_loss: 0.6889
Epoch [3/20] Batch [200/792] D_loss: 1.6940 G_loss: 0.6992
Epoch [3/20] Batch [210/792] D_loss: 1.6933 G_loss: 0.6821
Epoch [3/20] Batch [220/792] D_loss: 1.6939 G_loss: 0.7031
Epoch [3/20] Batch [230/792] D_loss: 1.6924 G_loss: 0.6863
Epoch [3/20] Batch [240/792] D_loss: 1.6933 G_loss: 0.7002
Epoch [3/20] Batch [250/792] D_loss: 1.6933 G_loss: 0.6869
Epoch [3/20] Batch [260/792] D_loss: 1.6940 G_loss: 0.6937
Epoch [3/20] Batch [270/792] D_loss: 1.6955 G_loss: 0.7003
Epoch [3/20] Batch [280/792] D_loss: 1.6945 G_loss: 0.6792
Epoch [3/20] Batch [290/792] D_loss: 1.6933 G_loss: 0.7214
Epoch [3/20] Batch [300/792] D_loss: 1.6920 G_loss: 0.6878
Epoch [3/20] Batch [310/792] D_loss: 1.6945 G_loss: 0.7022
Epoch [3/20] Batch [320/792] D_loss: 1.6933 G_loss: 0.6924
Epoch [3/20] Batch [330/792] D_loss: 1.6942 G_loss: 0.6932
Epoch [3/20] Batch [340/792] D_loss: 1.6959 G_loss: 0.7000
Epoch [3/20] Batch [350/792] D_loss: 1.6943 G_loss: 0.6872
Epoch [3/20] Batch [360/792] D_loss: 1.6951 G_loss: 0.7049
Epoch [3/20] Batch [370/792] D_loss: 1.6931 G_loss: 0.6885
Epoch [3/20] Batch [380/792] D_loss: 1.6933 G_loss: 0.6987
Epoch [3/20] Batch [390/792] D_loss: 1.6936 G_loss: 0.7001
Epoch [3/20] Batch [400/792] D_loss: 1.6929 G_loss: 0.6857
Epoch [3/20] Batch [410/792] D_loss: 1.6939 G_loss: 0.6979
Epoch [3/20] Batch [420/792] D_loss: 1.6934 G_loss: 0.6945
Epoch [3/20] Batch [430/792] D_loss: 1.6931 G_loss: 0.6898
Epoch [3/20] Batch [440/792] D_loss: 1.6930 G_loss: 0.6989
Epoch [3/20] Batch [450/792] D_loss: 1.6931 G_loss: 0.6926
Epoch [3/20] Batch [460/792] D_loss: 1.6932 G_loss: 0.6876
Epoch [3/20] Batch [470/792] D_loss: 1.6931 G_loss: 0.7013
Epoch [3/20] Batch [480/792] D_loss: 1.6929 G_loss: 0.6893
Epoch [3/20] Batch [490/792] D_loss: 1.6933 G_loss: 0.6945
Epoch [3/20] Batch [500/792] D_loss: 1.6941 G_loss: 0.6977
Epoch [3/20] Batch [510/792] D_loss: 1.6933 G_loss: 0.6845
Epoch [3/20] Batch [520/792] D_loss: 1.6928 G_loss: 0.7002
Epoch [3/20] Batch [530/792] D_loss: 1.6934 G_loss: 0.6932
Epoch [3/20] Batch [540/792] D_loss: 1.6931 G_loss: 0.6904
Epoch [3/20] Batch [550/792] D_loss: 1.6928 G_loss: 0.6989
Epoch [3/20] Batch [560/792] D_loss: 1.6932 G_loss: 0.6938
Epoch [3/20] Batch [570/792] D_loss: 1.6932 G_loss: 0.6845
Epoch [3/20] Batch [580/792] D_loss: 1.6927 G_loss: 0.7048
Epoch [3/20] Batch [590/792] D_loss: 1.6936 G_loss: 0.6928
Epoch [3/20] Batch [600/792] D_loss: 1.6934 G_loss: 0.6879
Epoch [3/20] Batch [610/792] D_loss: 1.6930 G_loss: 0.7041
Epoch [3/20] Batch [620/792] D_loss: 1.6932 G_loss: 0.6923
Epoch [3/20] Batch [630/792] D_loss: 1.6939 G_loss: 0.6857
Epoch [3/20] Batch [640/792] D_loss: 1.6928 G_loss: 0.7048
Epoch [3/20] Batch [650/792] D_loss: 1.6931 G_loss: 0.6919
Epoch [3/20] Batch [660/792] D_loss: 1.6937 G_loss: 0.6897
Epoch [3/20] Batch [670/792] D_loss: 1.6936 G_loss: 0.7009
Epoch [3/20] Batch [680/792] D_loss: 1.6932 G_loss: 0.6906
Epoch [3/20] Batch [690/792] D_loss: 1.6934 G_loss: 0.6884
Epoch [3/20] Batch [700/792] D_loss: 1.6927 G_loss: 0.7015
Epoch [3/20] Batch [710/792] D_loss: 1.6929 G_loss: 0.6925
Epoch [3/20] Batch [720/792] D_loss: 1.6932 G_loss: 0.6860
Epoch [3/20] Batch [730/792] D_loss: 1.6927 G_loss: 0.7025
Epoch [3/20] Batch [740/792] D_loss: 1.6936 G_loss: 0.6946
Epoch [3/20] Batch [750/792] D_loss: 1.6929 G_loss: 0.6872
Epoch [3/20] Batch [760/792] D_loss: 1.6934 G_loss: 0.6922
Epoch [3/20] Batch [770/792] D_loss: 1.6935 G_loss: 0.7009
Epoch [3/20] Batch [780/792] D_loss: 1.6931 G_loss: 0.6914
Epoch [3/20] Batch [790/792] D_loss: 1.6935 G_loss: 0.6880
Epoch [4/20] Batch [0/792] D_loss: 1.6937 G_loss: 0.6906
Epoch [4/20] Batch [10/792] D_loss: 1.6933 G_loss: 0.6988
Epoch [4/20] Batch [20/792] D_loss: 1.6931 G_loss: 0.6905
Epoch [4/20] Batch [30/792] D_loss: 1.6934 G_loss: 0.6892
Epoch [4/20] Batch [40/792] D_loss: 1.6932 G_loss: 0.6977
Epoch [4/20] Batch [50/792] D_loss: 1.6931 G_loss: 0.6916
Epoch [4/20] Batch [60/792] D_loss: 1.6939 G_loss: 0.6889
Epoch [4/20] Batch [70/792] D_loss: 1.6934 G_loss: 0.6998
Epoch [4/20] Batch [80/792] D_loss: 1.6931 G_loss: 0.6922
Epoch [4/20] Batch [90/792] D_loss: 1.6933 G_loss: 0.6883
Epoch [4/20] Batch [100/792] D_loss: 1.6927 G_loss: 0.7006
Epoch [4/20] Batch [110/792] D_loss: 1.6934 G_loss: 0.6939
Epoch [4/20] Batch [120/792] D_loss: 1.6932 G_loss: 0.6852
Epoch [4/20] Batch [130/792] D_loss: 1.6928 G_loss: 0.7009
Epoch [4/20] Batch [140/792] D_loss: 1.6938 G_loss: 0.6960
Epoch [4/20] Batch [150/792] D_loss: 1.6929 G_loss: 0.6873
Epoch [4/20] Batch [160/792] D_loss: 1.6932 G_loss: 0.6948
Epoch [4/20] Batch [170/792] D_loss: 1.6937 G_loss: 0.6974
Epoch [4/20] Batch [180/792] D_loss: 1.6930 G_loss: 0.6901
Epoch [4/20] Batch [190/792] D_loss: 1.6934 G_loss: 0.6916
Epoch [4/20] Batch [200/792] D_loss: 1.6928 G_loss: 0.6996
Epoch [4/20] Batch [210/792] D_loss: 1.6933 G_loss: 0.6929
Epoch [4/20] Batch [220/792] D_loss: 1.6934 G_loss: 0.6886
Epoch [4/20] Batch [230/792] D_loss: 1.6930 G_loss: 0.6947
Epoch [4/20] Batch [240/792] D_loss: 1.6934 G_loss: 0.6958
Epoch [4/20] Batch [250/792] D_loss: 1.6928 G_loss: 0.6898
Epoch [4/20] Batch [260/792] D_loss: 1.6931 G_loss: 0.6947
Epoch [4/20] Batch [270/792] D_loss: 1.6931 G_loss: 0.6969
Epoch [4/20] Batch [280/792] D_loss: 1.6929 G_loss: 0.6899
Epoch [4/20] Batch [290/792] D_loss: 1.6930 G_loss: 0.6937
Epoch [4/20] Batch [300/792] D_loss: 1.6933 G_loss: 0.6960
Epoch [4/20] Batch [310/792] D_loss: 1.6929 G_loss: 0.6886
Epoch [4/20] Batch [320/792] D_loss: 1.6932 G_loss: 0.6936
Epoch [4/20] Batch [330/792] D_loss: 1.6931 G_loss: 0.6986
Epoch [4/20] Batch [340/792] D_loss: 1.6928 G_loss: 0.6907
Epoch [4/20] Batch [350/792] D_loss: 1.6932 G_loss: 0.6909
Epoch [4/20] Batch [360/792] D_loss: 1.6930 G_loss: 0.7001
Epoch [4/20] Batch [370/792] D_loss: 1.6929 G_loss: 0.6914
Epoch [4/20] Batch [380/792] D_loss: 1.6933 G_loss: 0.6885
Epoch [4/20] Batch [390/792] D_loss: 1.6930 G_loss: 0.6999
Epoch [4/20] Batch [400/792] D_loss: 1.6935 G_loss: 0.6936
Epoch [4/20] Batch [410/792] D_loss: 1.6933 G_loss: 0.6879
Epoch [4/20] Batch [420/792] D_loss: 1.6928 G_loss: 0.6987
Epoch [4/20] Batch [430/792] D_loss: 1.6939 G_loss: 0.6962
Epoch [4/20] Batch [440/792] D_loss: 1.6931 G_loss: 0.6874
Epoch [4/20] Batch [450/792] D_loss: 1.6930 G_loss: 0.6953
Epoch [4/20] Batch [460/792] D_loss: 1.6934 G_loss: 0.6970
Epoch [4/20] Batch [470/792] D_loss: 1.6928 G_loss: 0.6882
Epoch [4/20] Batch [480/792] D_loss: 1.6933 G_loss: 0.6940
Epoch [4/20] Batch [490/792] D_loss: 1.6938 G_loss: 0.6993
Epoch [4/20] Batch [500/792] D_loss: 1.6926 G_loss: 0.6890
Epoch [4/20] Batch [510/792] D_loss: 1.6936 G_loss: 0.6915
Epoch [4/20] Batch [520/792] D_loss: 1.6930 G_loss: 0.7014
Epoch [4/20] Batch [530/792] D_loss: 1.6929 G_loss: 0.6904
Epoch [4/20] Batch [540/792] D_loss: 1.6934 G_loss: 0.6904
Epoch [4/20] Batch [550/792] D_loss: 1.6934 G_loss: 0.6994
Epoch [4/20] Batch [560/792] D_loss: 1.6930 G_loss: 0.6897
Epoch [4/20] Batch [570/792] D_loss: 1.6931 G_loss: 0.6936
Epoch [4/20] Batch [580/792] D_loss: 1.6933 G_loss: 0.6963
Epoch [4/20] Batch [590/792] D_loss: 1.6929 G_loss: 0.6914
Epoch [4/20] Batch [600/792] D_loss: 1.6931 G_loss: 0.6887
Epoch [4/20] Batch [610/792] D_loss: 1.6930 G_loss: 0.6985
Epoch [4/20] Batch [620/792] D_loss: 1.6929 G_loss: 0.6915
Epoch [4/20] Batch [630/792] D_loss: 1.6933 G_loss: 0.6915
Epoch [4/20] Batch [640/792] D_loss: 1.6931 G_loss: 0.6989
Epoch [4/20] Batch [650/792] D_loss: 1.6927 G_loss: 0.6896
Epoch [4/20] Batch [660/792] D_loss: 1.6933 G_loss: 0.6931
Epoch [4/20] Batch [670/792] D_loss: 1.6932 G_loss: 0.6976
Epoch [4/20] Batch [680/792] D_loss: 1.6927 G_loss: 0.6897
Epoch [4/20] Batch [690/792] D_loss: 1.6930 G_loss: 0.6944
Epoch [4/20] Batch [700/792] D_loss: 1.6936 G_loss: 0.6952
Epoch [4/20] Batch [710/792] D_loss: 1.6928 G_loss: 0.6873
Epoch [4/20] Batch [720/792] D_loss: 1.6929 G_loss: 0.6968
Epoch [4/20] Batch [730/792] D_loss: 1.6937 G_loss: 0.6959
Epoch [4/20] Batch [740/792] D_loss: 1.6930 G_loss: 0.6880
Epoch [4/20] Batch [750/792] D_loss: 1.6928 G_loss: 0.6966
Epoch [4/20] Batch [760/792] D_loss: 1.6933 G_loss: 0.6935
Epoch [4/20] Batch [770/792] D_loss: 1.6932 G_loss: 0.6886
Epoch [4/20] Batch [780/792] D_loss: 1.6928 G_loss: 0.6972
Epoch [4/20] Batch [790/792] D_loss: 1.6935 G_loss: 0.6937
Saving checkpoint at epoch 4...
Model saved to /home/sar0033/blindscrambler/scripts/models/models_gan_epoch_4.onnx
Epoch [5/20] Batch [0/792] D_loss: 1.6931 G_loss: 0.6920
Epoch [5/20] Batch [10/792] D_loss: 1.6932 G_loss: 0.6892
Epoch [5/20] Batch [20/792] D_loss: 1.6927 G_loss: 0.6982
Epoch [5/20] Batch [30/792] D_loss: 1.6931 G_loss: 0.6938
Epoch [5/20] Batch [40/792] D_loss: 1.6932 G_loss: 0.6874
Epoch [5/20] Batch [50/792] D_loss: 1.6929 G_loss: 0.6993
Epoch [5/20] Batch [60/792] D_loss: 1.6931 G_loss: 0.6950
Epoch [5/20] Batch [70/792] D_loss: 1.6931 G_loss: 0.6883
Epoch [5/20] Batch [80/792] D_loss: 1.6929 G_loss: 0.6969
Epoch [5/20] Batch [90/792] D_loss: 1.6932 G_loss: 0.6943
Epoch [5/20] Batch [100/792] D_loss: 1.6930 G_loss: 0.6897
Epoch [5/20] Batch [110/792] D_loss: 1.6927 G_loss: 0.6977
Epoch [5/20] Batch [120/792] D_loss: 1.6930 G_loss: 0.6903
Epoch [5/20] Batch [130/792] D_loss: 1.6930 G_loss: 0.6952
Epoch [5/20] Batch [140/792] D_loss: 1.6928 G_loss: 0.6949
Epoch [5/20] Batch [150/792] D_loss: 1.6930 G_loss: 0.6899
Epoch [5/20] Batch [160/792] D_loss: 1.6932 G_loss: 0.6958
Epoch [5/20] Batch [170/792] D_loss: 1.6929 G_loss: 0.6916
Epoch [5/20] Batch [180/792] D_loss: 1.6930 G_loss: 0.6899
Epoch [5/20] Batch [190/792] D_loss: 1.6937 G_loss: 0.7008
Epoch [5/20] Batch [200/792] D_loss: 1.6925 G_loss: 0.6878
Epoch [5/20] Batch [210/792] D_loss: 1.6930 G_loss: 0.6978
Epoch [5/20] Batch [220/792] D_loss: 1.6934 G_loss: 0.6957
Epoch [5/20] Batch [230/792] D_loss: 1.6931 G_loss: 0.6882
Epoch [5/20] Batch [240/792] D_loss: 1.6931 G_loss: 0.6993
Epoch [5/20] Batch [250/792] D_loss: 1.6929 G_loss: 0.6915
Epoch [5/20] Batch [260/792] D_loss: 1.6931 G_loss: 0.6957
Epoch [5/20] Batch [270/792] D_loss: 1.6930 G_loss: 0.6981
Epoch [5/20] Batch [280/792] D_loss: 1.6927 G_loss: 0.6884
Epoch [5/20] Batch [290/792] D_loss: 1.6930 G_loss: 0.6963
Epoch [5/20] Batch [300/792] D_loss: 1.6931 G_loss: 0.6967
Epoch [5/20] Batch [310/792] D_loss: 1.6928 G_loss: 0.6887
Epoch [5/20] Batch [320/792] D_loss: 1.6933 G_loss: 0.6951
Epoch [5/20] Batch [330/792] D_loss: 1.6935 G_loss: 0.6954
Epoch [5/20] Batch [340/792] D_loss: 1.6928 G_loss: 0.6907
Epoch [5/20] Batch [350/792] D_loss: 1.6929 G_loss: 0.6966
Epoch [5/20] Batch [360/792] D_loss: 1.6928 G_loss: 0.6928
Epoch [5/20] Batch [370/792] D_loss: 1.6931 G_loss: 0.6945
Epoch [5/20] Batch [380/792] D_loss: 1.6908 G_loss: 0.7479
Epoch [5/20] Batch [390/792] D_loss: 1.6929 G_loss: 0.6969
Epoch [5/20] Batch [400/792] D_loss: 1.6924 G_loss: 0.6885
Epoch [5/20] Batch [410/792] D_loss: 1.6936 G_loss: 0.6985
Epoch [5/20] Batch [420/792] D_loss: 1.6925 G_loss: 0.6955
Epoch [5/20] Batch [430/792] D_loss: 1.6931 G_loss: 0.6907
Epoch [5/20] Batch [440/792] D_loss: 1.6934 G_loss: 0.6946
Epoch [5/20] Batch [450/792] D_loss: 1.6929 G_loss: 0.6936
Epoch [5/20] Batch [460/792] D_loss: 1.6930 G_loss: 0.6928
Epoch [5/20] Batch [470/792] D_loss: 1.6929 G_loss: 0.6937
Epoch [5/20] Batch [480/792] D_loss: 1.6928 G_loss: 0.6986
Epoch [5/20] Batch [490/792] D_loss: 1.6931 G_loss: 0.6886
Epoch [5/20] Batch [500/792] D_loss: 1.6936 G_loss: 0.6977
Epoch [5/20] Batch [510/792] D_loss: 1.6932 G_loss: 0.6917
Epoch [5/20] Batch [520/792] D_loss: 1.6928 G_loss: 0.6973
Epoch [5/20] Batch [530/792] D_loss: 1.6924 G_loss: 0.6987
Epoch [5/20] Batch [540/792] D_loss: 1.6929 G_loss: 0.6910
Epoch [5/20] Batch [550/792] D_loss: 1.6935 G_loss: 0.6953
Epoch [5/20] Batch [560/792] D_loss: 1.6926 G_loss: 0.6967
Epoch [5/20] Batch [570/792] D_loss: 1.6934 G_loss: 0.6880
Epoch [5/20] Batch [580/792] D_loss: 1.6934 G_loss: 0.6961
Epoch [5/20] Batch [590/792] D_loss: 1.6922 G_loss: 0.6971
Epoch [5/20] Batch [600/792] D_loss: 1.6923 G_loss: 0.6997
Epoch [5/20] Batch [610/792] D_loss: 1.6930 G_loss: 0.6939
Epoch [5/20] Batch [620/792] D_loss: 1.6930 G_loss: 0.6918
Epoch [5/20] Batch [630/792] D_loss: 1.6930 G_loss: 0.6973
Epoch [5/20] Batch [640/792] D_loss: 1.6924 G_loss: 0.6980
Epoch [5/20] Batch [650/792] D_loss: 1.6936 G_loss: 0.6856
Epoch [5/20] Batch [660/792] D_loss: 1.6938 G_loss: 0.7016
Epoch [5/20] Batch [670/792] D_loss: 1.6925 G_loss: 0.7002
Epoch [5/20] Batch [680/792] D_loss: 1.6928 G_loss: 0.7015
Epoch [5/20] Batch [690/792] D_loss: 1.6881 G_loss: 0.7041
Epoch [5/20] Batch [700/792] D_loss: 1.6952 G_loss: 0.7220
Epoch [5/20] Batch [710/792] D_loss: 1.6935 G_loss: 0.6958
Epoch [5/20] Batch [720/792] D_loss: 1.6938 G_loss: 0.6986
Epoch [5/20] Batch [730/792] D_loss: 1.6919 G_loss: 0.6913
Epoch [5/20] Batch [740/792] D_loss: 1.6911 G_loss: 0.7273
Epoch [5/20] Batch [750/792] D_loss: 1.6929 G_loss: 0.6815
Epoch [5/20] Batch [760/792] D_loss: 1.6962 G_loss: 0.7326
Epoch [5/20] Batch [770/792] D_loss: 1.6945 G_loss: 0.6917
Epoch [5/20] Batch [780/792] D_loss: 1.6953 G_loss: 0.6969
Epoch [5/20] Batch [790/792] D_loss: 1.6910 G_loss: 0.7004
Epoch [6/20] Batch [0/792] D_loss: 1.6933 G_loss: 0.6894
Epoch [6/20] Batch [10/792] D_loss: 1.6943 G_loss: 0.6929
Epoch [6/20] Batch [20/792] D_loss: 1.6928 G_loss: 0.6978
Epoch [6/20] Batch [30/792] D_loss: 1.6931 G_loss: 0.6884
Epoch [6/20] Batch [40/792] D_loss: 1.6927 G_loss: 0.6938
Epoch [6/20] Batch [50/792] D_loss: 1.6936 G_loss: 0.6946
Epoch [6/20] Batch [60/792] D_loss: 1.6933 G_loss: 0.6939
Epoch [6/20] Batch [70/792] D_loss: 1.6924 G_loss: 0.6950
Epoch [6/20] Batch [80/792] D_loss: 1.6923 G_loss: 0.6920
Epoch [6/20] Batch [90/792] D_loss: 1.6934 G_loss: 0.6967
Epoch [6/20] Batch [100/792] D_loss: 1.6927 G_loss: 0.6929
Epoch [6/20] Batch [110/792] D_loss: 1.6938 G_loss: 0.6900
Epoch [6/20] Batch [120/792] D_loss: 1.6936 G_loss: 0.6962
Epoch [6/20] Batch [130/792] D_loss: 1.6924 G_loss: 0.6935
Epoch [6/20] Batch [140/792] D_loss: 1.6937 G_loss: 0.6973
Epoch [6/20] Batch [150/792] D_loss: 1.6930 G_loss: 0.6931
Epoch [6/20] Batch [160/792] D_loss: 1.6936 G_loss: 0.6901
Epoch [6/20] Batch [170/792] D_loss: 1.6932 G_loss: 0.6954
Epoch [6/20] Batch [180/792] D_loss: 1.6931 G_loss: 0.6896
Epoch [6/20] Batch [190/792] D_loss: 1.6938 G_loss: 0.6950
Epoch [6/20] Batch [200/792] D_loss: 1.6934 G_loss: 0.6936
Epoch [6/20] Batch [210/792] D_loss: 1.6931 G_loss: 0.6914
Epoch [6/20] Batch [220/792] D_loss: 1.6932 G_loss: 0.6978
Epoch [6/20] Batch [230/792] D_loss: 1.6929 G_loss: 0.6941
Epoch [6/20] Batch [240/792] D_loss: 1.6931 G_loss: 0.6926
Epoch [6/20] Batch [250/792] D_loss: 1.6930 G_loss: 0.6914
Epoch [6/20] Batch [260/792] D_loss: 1.6928 G_loss: 0.6962
Epoch [6/20] Batch [270/792] D_loss: 1.6927 G_loss: 0.6939
Epoch [6/20] Batch [280/792] D_loss: 1.6930 G_loss: 0.6930
Epoch [6/20] Batch [290/792] D_loss: 1.6936 G_loss: 0.6942
Epoch [6/20] Batch [300/792] D_loss: 1.6927 G_loss: 0.6926
Epoch [6/20] Batch [310/792] D_loss: 1.6931 G_loss: 0.6908
Epoch [6/20] Batch [320/792] D_loss: 1.6933 G_loss: 0.6932
Epoch [6/20] Batch [330/792] D_loss: 1.6934 G_loss: 0.6971
Epoch [6/20] Batch [340/792] D_loss: 1.6929 G_loss: 0.6931
Epoch [6/20] Batch [350/792] D_loss: 1.6940 G_loss: 0.6977
Epoch [6/20] Batch [360/792] D_loss: 1.6925 G_loss: 0.6891
Epoch [6/20] Batch [370/792] D_loss: 1.6941 G_loss: 0.6858
Epoch [6/20] Batch [380/792] D_loss: 1.6941 G_loss: 0.7058
Epoch [6/20] Batch [390/792] D_loss: 1.6927 G_loss: 0.6882
Epoch [6/20] Batch [400/792] D_loss: 1.6935 G_loss: 0.6959
Epoch [6/20] Batch [410/792] D_loss: 1.6927 G_loss: 0.7020
Epoch [6/20] Batch [420/792] D_loss: 1.6929 G_loss: 0.6978
Epoch [6/20] Batch [430/792] D_loss: 1.6931 G_loss: 0.6925
Epoch [6/20] Batch [440/792] D_loss: 1.6935 G_loss: 0.6888
Epoch [6/20] Batch [450/792] D_loss: 1.6933 G_loss: 0.6974
Epoch [6/20] Batch [460/792] D_loss: 1.6926 G_loss: 0.6927
Epoch [6/20] Batch [470/792] D_loss: 1.6928 G_loss: 0.6931
Epoch [6/20] Batch [480/792] D_loss: 1.6932 G_loss: 0.6939
Epoch [6/20] Batch [490/792] D_loss: 1.6933 G_loss: 0.7045
Epoch [6/20] Batch [500/792] D_loss: 1.6926 G_loss: 0.6989
Epoch [6/20] Batch [510/792] D_loss: 1.6924 G_loss: 0.6927
Epoch [6/20] Batch [520/792] D_loss: 1.6932 G_loss: 0.6847
Epoch [6/20] Batch [530/792] D_loss: 1.6935 G_loss: 0.6956
Epoch [6/20] Batch [540/792] D_loss: 1.6970 G_loss: 0.7082
Epoch [6/20] Batch [550/792] D_loss: 1.6932 G_loss: 0.6807
Epoch [6/20] Batch [560/792] D_loss: 1.6928 G_loss: 0.7054
Epoch [6/20] Batch [570/792] D_loss: 1.6927 G_loss: 0.6938
Epoch [6/20] Batch [580/792] D_loss: 1.6943 G_loss: 0.6870
Epoch [6/20] Batch [590/792] D_loss: 1.6940 G_loss: 0.6984
Epoch [6/20] Batch [600/792] D_loss: 1.6931 G_loss: 0.6897
Epoch [6/20] Batch [610/792] D_loss: 1.6940 G_loss: 0.6904
Epoch [6/20] Batch [620/792] D_loss: 1.6949 G_loss: 0.7026
Epoch [6/20] Batch [630/792] D_loss: 1.6918 G_loss: 0.6906
Epoch [6/20] Batch [640/792] D_loss: 1.6949 G_loss: 0.6920
Epoch [6/20] Batch [650/792] D_loss: 1.6936 G_loss: 0.7004
Epoch [6/20] Batch [660/792] D_loss: 1.6932 G_loss: 0.6911
Epoch [6/20] Batch [670/792] D_loss: 1.6933 G_loss: 0.6907
Epoch [6/20] Batch [680/792] D_loss: 1.6937 G_loss: 0.6975
Epoch [6/20] Batch [690/792] D_loss: 1.6930 G_loss: 0.6930
Epoch [6/20] Batch [700/792] D_loss: 1.6932 G_loss: 0.6926
Epoch [6/20] Batch [710/792] D_loss: 1.6933 G_loss: 0.6943
Epoch [6/20] Batch [720/792] D_loss: 1.6931 G_loss: 0.6932
Epoch [6/20] Batch [730/792] D_loss: 1.6930 G_loss: 0.6953
Epoch [6/20] Batch [740/792] D_loss: 1.6931 G_loss: 0.6943
Epoch [6/20] Batch [750/792] D_loss: 1.6930 G_loss: 0.6904
Epoch [6/20] Batch [760/792] D_loss: 1.6931 G_loss: 0.6936
Epoch [6/20] Batch [770/792] D_loss: 1.6931 G_loss: 0.6973
Epoch [6/20] Batch [780/792] D_loss: 1.6931 G_loss: 0.6932
Epoch [6/20] Batch [790/792] D_loss: 1.6931 G_loss: 0.6904
Epoch [7/20] Batch [0/792] D_loss: 1.6932 G_loss: 0.6904
Epoch [7/20] Batch [10/792] D_loss: 1.6932 G_loss: 0.6943
Epoch [7/20] Batch [20/792] D_loss: 1.6933 G_loss: 0.6945
Epoch [7/20] Batch [30/792] D_loss: 1.6928 G_loss: 0.6904
Epoch [7/20] Batch [40/792] D_loss: 1.6929 G_loss: 0.6939
Epoch [7/20] Batch [50/792] D_loss: 1.6933 G_loss: 0.6962
Epoch [7/20] Batch [60/792] D_loss: 1.6929 G_loss: 0.6911
Epoch [7/20] Batch [70/792] D_loss: 1.6930 G_loss: 0.6906
Epoch [7/20] Batch [80/792] D_loss: 1.6929 G_loss: 0.6964
Epoch [7/20] Batch [90/792] D_loss: 1.6931 G_loss: 0.6951
Epoch [7/20] Batch [100/792] D_loss: 1.6929 G_loss: 0.6908
Epoch [7/20] Batch [110/792] D_loss: 1.6931 G_loss: 0.6946
Epoch [7/20] Batch [120/792] D_loss: 1.6932 G_loss: 0.6960
Epoch [7/20] Batch [130/792] D_loss: 1.6929 G_loss: 0.6906
Epoch [7/20] Batch [140/792] D_loss: 1.6930 G_loss: 0.6915
Epoch [7/20] Batch [150/792] D_loss: 1.6931 G_loss: 0.6962
Epoch [7/20] Batch [160/792] D_loss: 1.6924 G_loss: 0.6943
Epoch [7/20] Batch [170/792] D_loss: 1.6931 G_loss: 0.6905
Epoch [7/20] Batch [180/792] D_loss: 1.6930 G_loss: 0.6942
Epoch [7/20] Batch [190/792] D_loss: 1.6933 G_loss: 0.6945
Epoch [7/20] Batch [200/792] D_loss: 1.6929 G_loss: 0.6913
Epoch [7/20] Batch [210/792] D_loss: 1.6931 G_loss: 0.6957
Epoch [7/20] Batch [220/792] D_loss: 1.6929 G_loss: 0.6941
Epoch [7/20] Batch [230/792] D_loss: 1.6929 G_loss: 0.6901
Epoch [7/20] Batch [240/792] D_loss: 1.6932 G_loss: 0.6929
Epoch [7/20] Batch [250/792] D_loss: 1.6936 G_loss: 0.6976
Epoch [7/20] Batch [260/792] D_loss: 1.6927 G_loss: 0.6899
Epoch [7/20] Batch [270/792] D_loss: 1.6933 G_loss: 0.6920
Epoch [7/20] Batch [280/792] D_loss: 1.6930 G_loss: 0.7071
Epoch [7/20] Batch [290/792] D_loss: 1.6934 G_loss: 0.6953
Epoch [7/20] Batch [300/792] D_loss: 1.6932 G_loss: 0.6867
Epoch [7/20] Batch [310/792] D_loss: 1.6931 G_loss: 0.6970
Epoch [7/20] Batch [320/792] D_loss: 1.6929 G_loss: 0.6982
Epoch [7/20] Batch [330/792] D_loss: 1.6927 G_loss: 0.6908
Epoch [7/20] Batch [340/792] D_loss: 1.6930 G_loss: 0.6911
Epoch [7/20] Batch [350/792] D_loss: 1.6930 G_loss: 0.6963
Epoch [7/20] Batch [360/792] D_loss: 1.6922 G_loss: 0.6999
Epoch [7/20] Batch [370/792] D_loss: 1.6929 G_loss: 0.6939
Epoch [7/20] Batch [380/792] D_loss: 1.6927 G_loss: 0.6876
Epoch [7/20] Batch [390/792] D_loss: 1.6933 G_loss: 0.6990
Epoch [7/20] Batch [400/792] D_loss: 1.6941 G_loss: 0.7023
Epoch [7/20] Batch [410/792] D_loss: 1.6926 G_loss: 0.6886
Epoch [7/20] Batch [420/792] D_loss: 1.6936 G_loss: 0.6987
Epoch [7/20] Batch [430/792] D_loss: 1.6926 G_loss: 0.6966
Epoch [7/20] Batch [440/792] D_loss: 1.6928 G_loss: 0.6891
Epoch [7/20] Batch [450/792] D_loss: 1.6934 G_loss: 0.6930
Epoch [7/20] Batch [460/792] D_loss: 1.6932 G_loss: 0.6960
Epoch [7/20] Batch [470/792] D_loss: 1.6916 G_loss: 0.7023
Epoch [7/20] Batch [480/792] D_loss: 1.6932 G_loss: 0.6954
Epoch [7/20] Batch [490/792] D_loss: 1.6924 G_loss: 0.6866
Epoch [7/20] Batch [500/792] D_loss: 1.6935 G_loss: 0.6951
Epoch [7/20] Batch [510/792] D_loss: 1.6903 G_loss: 0.7375
Epoch [7/20] Batch [520/792] D_loss: 1.6933 G_loss: 0.6966
Epoch [7/20] Batch [530/792] D_loss: 1.6923 G_loss: 0.6952
Epoch [7/20] Batch [540/792] D_loss: 1.6906 G_loss: 0.6888
Epoch [7/20] Batch [550/792] D_loss: 1.6989 G_loss: 0.6945
Epoch [7/20] Batch [560/792] D_loss: 1.6923 G_loss: 0.7257
Epoch [7/20] Batch [570/792] D_loss: 1.6895 G_loss: 0.7248
Epoch [7/20] Batch [580/792] D_loss: 1.6850 G_loss: 0.7285
Epoch [7/20] Batch [590/792] D_loss: 1.6879 G_loss: 0.7057
Epoch [7/20] Batch [600/792] D_loss: 1.6915 G_loss: 0.6897
Epoch [7/20] Batch [610/792] D_loss: 1.6948 G_loss: 0.6959
Epoch [7/20] Batch [620/792] D_loss: 1.6945 G_loss: 0.6836
Epoch [7/20] Batch [630/792] D_loss: 1.6940 G_loss: 0.6978
Epoch [7/20] Batch [640/792] D_loss: 1.6938 G_loss: 0.6868
Epoch [7/20] Batch [650/792] D_loss: 1.6941 G_loss: 0.7007
Epoch [7/20] Batch [660/792] D_loss: 1.6948 G_loss: 0.7043
Epoch [7/20] Batch [670/792] D_loss: 1.6930 G_loss: 0.6955
Epoch [7/20] Batch [680/792] D_loss: 1.6942 G_loss: 0.6878
Epoch [7/20] Batch [690/792] D_loss: 1.6907 G_loss: 0.7049
Epoch [7/20] Batch [700/792] D_loss: 1.6920 G_loss: 0.6813
Epoch [7/20] Batch [710/792] D_loss: 1.6943 G_loss: 0.6956
Epoch [7/20] Batch [720/792] D_loss: 1.6911 G_loss: 0.6936
Epoch [7/20] Batch [730/792] D_loss: 1.6950 G_loss: 0.6939
Epoch [7/20] Batch [740/792] D_loss: 1.6902 G_loss: 0.6971
Epoch [7/20] Batch [750/792] D_loss: 1.6943 G_loss: 0.6846
Epoch [7/20] Batch [760/792] D_loss: 1.6936 G_loss: 0.6926
Epoch [7/20] Batch [770/792] D_loss: 1.6904 G_loss: 0.6922
Epoch [7/20] Batch [780/792] D_loss: 1.6918 G_loss: 0.6891
Epoch [7/20] Batch [790/792] D_loss: 1.6918 G_loss: 0.7055
Saving checkpoint at epoch 7...
Model saved to /home/sar0033/blindscrambler/scripts/models/models_gan_epoch_7.onnx
Epoch [8/20] Batch [0/792] D_loss: 1.6919 G_loss: 0.7150
Epoch [8/20] Batch [10/792] D_loss: 1.6916 G_loss: 0.6965
Epoch [8/20] Batch [20/792] D_loss: 1.6900 G_loss: 0.7001
Epoch [8/20] Batch [30/792] D_loss: 1.6900 G_loss: 0.6827
Epoch [8/20] Batch [40/792] D_loss: 1.6915 G_loss: 0.6880
Epoch [8/20] Batch [50/792] D_loss: 1.6925 G_loss: 0.6930
Epoch [8/20] Batch [60/792] D_loss: 1.6923 G_loss: 0.6938
Epoch [8/20] Batch [70/792] D_loss: 1.6904 G_loss: 0.7094
Epoch [8/20] Batch [80/792] D_loss: 1.6913 G_loss: 0.6920
Epoch [8/20] Batch [90/792] D_loss: 1.6901 G_loss: 0.6917
Epoch [8/20] Batch [100/792] D_loss: 1.6914 G_loss: 0.6900
Epoch [8/20] Batch [110/792] D_loss: 1.6903 G_loss: 0.6934
Epoch [8/20] Batch [120/792] D_loss: 1.6909 G_loss: 0.7008
Epoch [8/20] Batch [130/792] D_loss: 1.6927 G_loss: 0.6848
Epoch [8/20] Batch [140/792] D_loss: 1.6897 G_loss: 0.6923
Epoch [8/20] Batch [150/792] D_loss: 1.6890 G_loss: 0.7065
Epoch [8/20] Batch [160/792] D_loss: 1.6919 G_loss: 0.6911
Epoch [8/20] Batch [170/792] D_loss: 1.6885 G_loss: 0.6878
Epoch [8/20] Batch [180/792] D_loss: 1.6901 G_loss: 0.7105
Epoch [8/20] Batch [190/792] D_loss: 1.6911 G_loss: 0.6899
Epoch [8/20] Batch [200/792] D_loss: 1.6865 G_loss: 0.6881
Epoch [8/20] Batch [210/792] D_loss: 1.6912 G_loss: 0.6960
Epoch [8/20] Batch [220/792] D_loss: 1.6849 G_loss: 0.7097
Epoch [8/20] Batch [230/792] D_loss: 1.6861 G_loss: 0.6980
Epoch [8/20] Batch [240/792] D_loss: 1.6860 G_loss: 0.6927
Epoch [8/20] Batch [250/792] D_loss: 1.6874 G_loss: 0.7027
Epoch [8/20] Batch [260/792] D_loss: 1.6873 G_loss: 0.6996
Epoch [8/20] Batch [270/792] D_loss: 1.6896 G_loss: 0.7000
Epoch [8/20] Batch [280/792] D_loss: 1.6877 G_loss: 0.6977
Epoch [8/20] Batch [290/792] D_loss: 1.6820 G_loss: 0.7040
Epoch [8/20] Batch [300/792] D_loss: 1.6853 G_loss: 0.6984
Epoch [8/20] Batch [310/792] D_loss: 1.6930 G_loss: 0.6861
Epoch [8/20] Batch [320/792] D_loss: 1.6850 G_loss: 0.6951
Epoch [8/20] Batch [330/792] D_loss: 1.6809 G_loss: 0.6961
Epoch [8/20] Batch [340/792] D_loss: 1.6825 G_loss: 0.6840
Epoch [8/20] Batch [350/792] D_loss: 1.6894 G_loss: 0.7260
Epoch [8/20] Batch [360/792] D_loss: 1.6914 G_loss: 0.6815
Epoch [8/20] Batch [370/792] D_loss: 1.6867 G_loss: 0.6805
Epoch [8/20] Batch [380/792] D_loss: 1.6814 G_loss: 0.7094
Epoch [8/20] Batch [390/792] D_loss: 1.6687 G_loss: 0.6987
Epoch [8/20] Batch [400/792] D_loss: 1.6781 G_loss: 0.7323
Epoch [8/20] Batch [410/792] D_loss: 1.6890 G_loss: 0.6742
Epoch [8/20] Batch [420/792] D_loss: 1.6842 G_loss: 0.7034
Epoch [8/20] Batch [430/792] D_loss: 1.6755 G_loss: 0.6741
Epoch [8/20] Batch [440/792] D_loss: 1.6939 G_loss: 0.6980
Epoch [8/20] Batch [450/792] D_loss: 1.6774 G_loss: 0.7017
Epoch [8/20] Batch [460/792] D_loss: 1.6736 G_loss: 0.6793
Epoch [8/20] Batch [470/792] D_loss: 1.6838 G_loss: 0.7276
Epoch [8/20] Batch [480/792] D_loss: 1.6832 G_loss: 0.6911
Epoch [8/20] Batch [490/792] D_loss: 1.6781 G_loss: 0.6968
Epoch [8/20] Batch [500/792] D_loss: 1.6674 G_loss: 0.7055
Epoch [8/20] Batch [510/792] D_loss: 1.6617 G_loss: 0.7248
Epoch [8/20] Batch [520/792] D_loss: 1.6694 G_loss: 0.6876
Epoch [8/20] Batch [530/792] D_loss: 1.6694 G_loss: 0.6902
Epoch [8/20] Batch [540/792] D_loss: 1.6907 G_loss: 0.6973
Epoch [8/20] Batch [550/792] D_loss: 1.6640 G_loss: 0.7174
Epoch [8/20] Batch [560/792] D_loss: 1.6708 G_loss: 0.7726
Epoch [8/20] Batch [570/792] D_loss: 1.6662 G_loss: 0.7126
Epoch [8/20] Batch [580/792] D_loss: 1.6653 G_loss: 0.7160
Epoch [8/20] Batch [590/792] D_loss: 1.6773 G_loss: 0.6591
Epoch [8/20] Batch [600/792] D_loss: 1.6574 G_loss: 0.7236
Epoch [8/20] Batch [610/792] D_loss: 1.6580 G_loss: 0.6697
Epoch [8/20] Batch [620/792] D_loss: 1.7081 G_loss: 0.7601
Epoch [8/20] Batch [630/792] D_loss: 1.6532 G_loss: 0.7142
Epoch [8/20] Batch [640/792] D_loss: 1.6714 G_loss: 0.7084
Epoch [8/20] Batch [650/792] D_loss: 1.6641 G_loss: 0.6647
Epoch [8/20] Batch [660/792] D_loss: 1.6637 G_loss: 0.7016
Epoch [8/20] Batch [670/792] D_loss: 1.6727 G_loss: 0.6840
Epoch [8/20] Batch [680/792] D_loss: 1.6655 G_loss: 0.6941
Epoch [8/20] Batch [690/792] D_loss: 1.6721 G_loss: 0.7021
Epoch [8/20] Batch [700/792] D_loss: 1.6778 G_loss: 0.7305
Epoch [8/20] Batch [710/792] D_loss: 1.6676 G_loss: 0.6908
Epoch [8/20] Batch [720/792] D_loss: 1.6643 G_loss: 0.7019
Epoch [8/20] Batch [730/792] D_loss: 1.6763 G_loss: 0.7150
Epoch [8/20] Batch [740/792] D_loss: 1.6726 G_loss: 0.7051
Epoch [8/20] Batch [750/792] D_loss: 1.6723 G_loss: 0.7033
Epoch [8/20] Batch [760/792] D_loss: 1.6696 G_loss: 0.7030
Epoch [8/20] Batch [770/792] D_loss: 1.6641 G_loss: 0.6773
Epoch [8/20] Batch [780/792] D_loss: 1.6645 G_loss: 0.6877
Epoch [8/20] Batch [790/792] D_loss: 1.6716 G_loss: 0.6961
Epoch [9/20] Batch [0/792] D_loss: 1.6790 G_loss: 0.7036
Epoch [9/20] Batch [10/792] D_loss: 1.7074 G_loss: 0.7662
Epoch [9/20] Batch [20/792] D_loss: 1.6752 G_loss: 0.7032
Epoch [9/20] Batch [30/792] D_loss: 1.6762 G_loss: 0.6991
Epoch [9/20] Batch [40/792] D_loss: 1.6666 G_loss: 0.7032
Epoch [9/20] Batch [50/792] D_loss: 1.6752 G_loss: 0.7027
Epoch [9/20] Batch [60/792] D_loss: 1.6702 G_loss: 0.6786
Epoch [9/20] Batch [70/792] D_loss: 1.6684 G_loss: 0.6922
Epoch [9/20] Batch [80/792] D_loss: 1.6714 G_loss: 0.6886
Epoch [9/20] Batch [90/792] D_loss: 1.6725 G_loss: 0.6828
Epoch [9/20] Batch [100/792] D_loss: 1.6697 G_loss: 0.6766
Epoch [9/20] Batch [110/792] D_loss: 1.6654 G_loss: 0.6928
Epoch [9/20] Batch [120/792] D_loss: 1.6644 G_loss: 0.6914
Epoch [9/20] Batch [130/792] D_loss: 1.6905 G_loss: 0.6943
Epoch [9/20] Batch [140/792] D_loss: 1.6690 G_loss: 0.6831
Epoch [9/20] Batch [150/792] D_loss: 1.6721 G_loss: 0.7011
Epoch [9/20] Batch [160/792] D_loss: 1.6673 G_loss: 0.6929
Epoch [9/20] Batch [170/792] D_loss: 1.6677 G_loss: 0.6944
Epoch [9/20] Batch [180/792] D_loss: 1.6620 G_loss: 0.6881
Epoch [9/20] Batch [190/792] D_loss: 1.6706 G_loss: 0.6810
Epoch [9/20] Batch [200/792] D_loss: 1.6713 G_loss: 0.7009
Epoch [9/20] Batch [210/792] D_loss: 1.6787 G_loss: 0.6918
Epoch [9/20] Batch [220/792] D_loss: 1.6741 G_loss: 0.6872
Epoch [9/20] Batch [230/792] D_loss: 1.6673 G_loss: 0.6911
Epoch [9/20] Batch [240/792] D_loss: 1.6630 G_loss: 0.6940
Epoch [9/20] Batch [250/792] D_loss: 1.6566 G_loss: 0.6823
Epoch [9/20] Batch [260/792] D_loss: 1.6598 G_loss: 0.6938
Epoch [9/20] Batch [270/792] D_loss: 1.6636 G_loss: 0.7072
Epoch [9/20] Batch [280/792] D_loss: 1.6677 G_loss: 0.7209
Epoch [9/20] Batch [290/792] D_loss: 1.6807 G_loss: 0.6744
Epoch [9/20] Batch [300/792] D_loss: 1.6636 G_loss: 0.6928
Epoch [9/20] Batch [310/792] D_loss: 1.6585 G_loss: 0.6999
Epoch [9/20] Batch [320/792] D_loss: 1.6571 G_loss: 0.7171
Epoch [9/20] Batch [330/792] D_loss: 1.6603 G_loss: 0.7148
Epoch [9/20] Batch [340/792] D_loss: 1.6688 G_loss: 0.6988
Epoch [9/20] Batch [350/792] D_loss: 1.6739 G_loss: 0.6897
Epoch [9/20] Batch [360/792] D_loss: 1.6677 G_loss: 0.6972
Epoch [9/20] Batch [370/792] D_loss: 1.6652 G_loss: 0.7170
Epoch [9/20] Batch [380/792] D_loss: 1.6721 G_loss: 0.6666
Epoch [9/20] Batch [390/792] D_loss: 1.6640 G_loss: 0.7120
Epoch [9/20] Batch [400/792] D_loss: 1.6574 G_loss: 0.7394
Epoch [9/20] Batch [410/792] D_loss: 1.6678 G_loss: 0.6799
Epoch [9/20] Batch [420/792] D_loss: 1.6721 G_loss: 0.6947
Epoch [9/20] Batch [430/792] D_loss: 1.6947 G_loss: 0.7855
Epoch [9/20] Batch [440/792] D_loss: 1.6648 G_loss: 0.7037
Epoch [9/20] Batch [450/792] D_loss: 1.6645 G_loss: 0.6977
Epoch [9/20] Batch [460/792] D_loss: 1.6651 G_loss: 0.7092
Epoch [9/20] Batch [470/792] D_loss: 1.6749 G_loss: 0.6951
Epoch [9/20] Batch [480/792] D_loss: 1.6651 G_loss: 0.6940
Epoch [9/20] Batch [490/792] D_loss: 1.6672 G_loss: 0.6978
Epoch [9/20] Batch [500/792] D_loss: 1.6668 G_loss: 0.6807
Epoch [9/20] Batch [510/792] D_loss: 1.6646 G_loss: 0.7014
Epoch [9/20] Batch [520/792] D_loss: 1.6659 G_loss: 0.6961
Epoch [9/20] Batch [530/792] D_loss: 1.6632 G_loss: 0.6854
Epoch [9/20] Batch [540/792] D_loss: 1.6620 G_loss: 0.7085
Epoch [9/20] Batch [550/792] D_loss: 1.6681 G_loss: 0.7111
Epoch [9/20] Batch [560/792] D_loss: 1.6614 G_loss: 0.6800
Epoch [9/20] Batch [570/792] D_loss: 1.6631 G_loss: 0.7114
Epoch [9/20] Batch [580/792] D_loss: 1.6705 G_loss: 0.6965
Epoch [9/20] Batch [590/792] D_loss: 1.6548 G_loss: 0.6869
Epoch [9/20] Batch [600/792] D_loss: 1.6657 G_loss: 0.7154
Epoch [9/20] Batch [610/792] D_loss: 1.6803 G_loss: 0.6936
Epoch [9/20] Batch [620/792] D_loss: 1.6604 G_loss: 0.7005
Epoch [9/20] Batch [630/792] D_loss: 1.6648 G_loss: 0.7052
Epoch [9/20] Batch [640/792] D_loss: 1.6640 G_loss: 0.6898
Epoch [9/20] Batch [650/792] D_loss: 1.6466 G_loss: 0.7252
Epoch [9/20] Batch [660/792] D_loss: 1.6712 G_loss: 0.6982
Epoch [9/20] Batch [670/792] D_loss: 1.6629 G_loss: 0.6908
Epoch [9/20] Batch [680/792] D_loss: 1.6714 G_loss: 0.6964
Epoch [9/20] Batch [690/792] D_loss: 1.6615 G_loss: 0.7072
Epoch [9/20] Batch [700/792] D_loss: 1.6656 G_loss: 0.6806
Epoch [9/20] Batch [710/792] D_loss: 1.6600 G_loss: 0.7078
Epoch [9/20] Batch [720/792] D_loss: 1.6787 G_loss: 0.6778
Epoch [9/20] Batch [730/792] D_loss: 1.6654 G_loss: 0.6948
Epoch [9/20] Batch [740/792] D_loss: 1.6759 G_loss: 0.6895
Epoch [9/20] Batch [750/792] D_loss: 1.6660 G_loss: 0.7144
Epoch [9/20] Batch [760/792] D_loss: 1.6639 G_loss: 0.7003
Epoch [9/20] Batch [770/792] D_loss: 1.6652 G_loss: 0.6929
Epoch [9/20] Batch [780/792] D_loss: 1.6675 G_loss: 0.6689
Epoch [9/20] Batch [790/792] D_loss: 1.6664 G_loss: 0.6975
Epoch [10/20] Batch [0/792] D_loss: 1.6684 G_loss: 0.7060
Epoch [10/20] Batch [10/792] D_loss: 1.6656 G_loss: 0.6989
Epoch [10/20] Batch [20/792] D_loss: 1.6711 G_loss: 0.6965
Epoch [10/20] Batch [30/792] D_loss: 1.6555 G_loss: 0.6943
Epoch [10/20] Batch [40/792] D_loss: 1.6721 G_loss: 0.7239
Epoch [10/20] Batch [50/792] D_loss: 1.6683 G_loss: 0.6878
Epoch [10/20] Batch [60/792] D_loss: 1.6594 G_loss: 0.6855
Epoch [10/20] Batch [70/792] D_loss: 1.6590 G_loss: 0.6873
Epoch [10/20] Batch [80/792] D_loss: 1.6675 G_loss: 0.6701
Epoch [10/20] Batch [90/792] D_loss: 1.6620 G_loss: 0.7353
Epoch [10/20] Batch [100/792] D_loss: 1.6658 G_loss: 0.7027
Epoch [10/20] Batch [110/792] D_loss: 1.6529 G_loss: 0.7047
Epoch [10/20] Batch [120/792] D_loss: 1.6591 G_loss: 0.6746
Epoch [10/20] Batch [130/792] D_loss: 1.6664 G_loss: 0.7023
Epoch [10/20] Batch [140/792] D_loss: 1.6680 G_loss: 0.7006
Epoch [10/20] Batch [150/792] D_loss: 1.6676 G_loss: 0.7216
Epoch [10/20] Batch [160/792] D_loss: 1.6640 G_loss: 0.6867
Epoch [10/20] Batch [170/792] D_loss: 1.6679 G_loss: 0.6926
Epoch [10/20] Batch [180/792] D_loss: 1.6654 G_loss: 0.7052
Epoch [10/20] Batch [190/792] D_loss: 1.6665 G_loss: 0.7109
Epoch [10/20] Batch [200/792] D_loss: 1.6653 G_loss: 0.7069
Epoch [10/20] Batch [210/792] D_loss: 1.6595 G_loss: 0.6754
Epoch [10/20] Batch [220/792] D_loss: 1.6620 G_loss: 0.6784
Epoch [10/20] Batch [230/792] D_loss: 1.6667 G_loss: 0.7267
Epoch [10/20] Batch [240/792] D_loss: 1.6638 G_loss: 0.6946
Epoch [10/20] Batch [250/792] D_loss: 1.6618 G_loss: 0.6969
Epoch [10/20] Batch [260/792] D_loss: 1.6640 G_loss: 0.6935
Epoch [10/20] Batch [270/792] D_loss: 1.6640 G_loss: 0.6968
Epoch [10/20] Batch [280/792] D_loss: 1.6711 G_loss: 0.6911
Epoch [10/20] Batch [290/792] D_loss: 1.6592 G_loss: 0.7048
Epoch [10/20] Batch [300/792] D_loss: 1.6671 G_loss: 0.6825
Epoch [10/20] Batch [310/792] D_loss: 1.6815 G_loss: 0.6929
Epoch [10/20] Batch [320/792] D_loss: 1.6735 G_loss: 0.6865
Epoch [10/20] Batch [330/792] D_loss: 1.6608 G_loss: 0.6948
Epoch [10/20] Batch [340/792] D_loss: 1.6678 G_loss: 0.6945
Epoch [10/20] Batch [350/792] D_loss: 1.6677 G_loss: 0.6804
Epoch [10/20] Batch [360/792] D_loss: 1.6605 G_loss: 0.7112
Epoch [10/20] Batch [370/792] D_loss: 1.6734 G_loss: 0.7097
Epoch [10/20] Batch [380/792] D_loss: 1.6675 G_loss: 0.7044
Epoch [10/20] Batch [390/792] D_loss: 1.6592 G_loss: 0.6902
Epoch [10/20] Batch [400/792] D_loss: 1.6586 G_loss: 0.6956
Epoch [10/20] Batch [410/792] D_loss: 1.6575 G_loss: 0.6986
Epoch [10/20] Batch [420/792] D_loss: 1.6773 G_loss: 0.6820
Epoch [10/20] Batch [430/792] D_loss: 1.6608 G_loss: 0.7155
Epoch [10/20] Batch [440/792] D_loss: 1.6543 G_loss: 0.7177
Epoch [10/20] Batch [450/792] D_loss: 1.6544 G_loss: 0.6993
Epoch [10/20] Batch [460/792] D_loss: 1.6604 G_loss: 0.7043
Epoch [10/20] Batch [470/792] D_loss: 1.6572 G_loss: 0.6886
Epoch [10/20] Batch [480/792] D_loss: 1.6656 G_loss: 0.6913
Epoch [10/20] Batch [490/792] D_loss: 1.6580 G_loss: 0.7093
Epoch [10/20] Batch [500/792] D_loss: 1.6612 G_loss: 0.6954
Epoch [10/20] Batch [510/792] D_loss: 1.6680 G_loss: 0.6971
Epoch [10/20] Batch [520/792] D_loss: 1.6558 G_loss: 0.7221
Epoch [10/20] Batch [530/792] D_loss: 1.6660 G_loss: 0.7084
Epoch [10/20] Batch [540/792] D_loss: 1.6659 G_loss: 0.6833
Epoch [10/20] Batch [550/792] D_loss: 1.6687 G_loss: 0.7074
Epoch [10/20] Batch [560/792] D_loss: 1.6634 G_loss: 0.6937
Epoch [10/20] Batch [570/792] D_loss: 1.6666 G_loss: 0.6735
Epoch [10/20] Batch [580/792] D_loss: 1.6608 G_loss: 0.6822
Epoch [10/20] Batch [590/792] D_loss: 1.6690 G_loss: 0.7021
Epoch [10/20] Batch [600/792] D_loss: 1.6683 G_loss: 0.6976
Epoch [10/20] Batch [610/792] D_loss: 1.6760 G_loss: 0.6884
Epoch [10/20] Batch [620/792] D_loss: 1.6859 G_loss: 0.7206
Epoch [10/20] Batch [630/792] D_loss: 1.6889 G_loss: 0.6603
Epoch [10/20] Batch [640/792] D_loss: 1.6873 G_loss: 0.6821
Epoch [10/20] Batch [650/792] D_loss: 1.6819 G_loss: 0.7257
Epoch [10/20] Batch [660/792] D_loss: 1.6799 G_loss: 0.6811
Epoch [10/20] Batch [670/792] D_loss: 1.6750 G_loss: 0.6927
Epoch [10/20] Batch [680/792] D_loss: 1.6742 G_loss: 0.7124
Epoch [10/20] Batch [690/792] D_loss: 1.6667 G_loss: 0.6842
Epoch [10/20] Batch [700/792] D_loss: 1.6623 G_loss: 0.6787
Epoch [10/20] Batch [710/792] D_loss: 1.6588 G_loss: 0.6965
Epoch [10/20] Batch [720/792] D_loss: 1.6778 G_loss: 0.7034
Epoch [10/20] Batch [730/792] D_loss: 1.6660 G_loss: 0.7043
Epoch [10/20] Batch [740/792] D_loss: 1.6613 G_loss: 0.7070
Epoch [10/20] Batch [750/792] D_loss: 1.6673 G_loss: 0.6960
Epoch [10/20] Batch [760/792] D_loss: 1.6582 G_loss: 0.6913
Epoch [10/20] Batch [770/792] D_loss: 1.6678 G_loss: 0.6999
Epoch [10/20] Batch [780/792] D_loss: 1.6627 G_loss: 0.6844
Epoch [10/20] Batch [790/792] D_loss: 1.6822 G_loss: 0.6740
Saving checkpoint at epoch 10...
Model saved to /home/sar0033/blindscrambler/scripts/models/models_gan_epoch_10.onnx
Epoch [11/20] Batch [0/792] D_loss: 1.6833 G_loss: 0.6742
Epoch [11/20] Batch [10/792] D_loss: 1.6872 G_loss: 0.6980
Epoch [11/20] Batch [20/792] D_loss: 1.6837 G_loss: 0.6852
Epoch [11/20] Batch [30/792] D_loss: 1.6816 G_loss: 0.7075
Epoch [11/20] Batch [40/792] D_loss: 1.6702 G_loss: 0.7078
Epoch [11/20] Batch [50/792] D_loss: 1.6716 G_loss: 0.6755
Epoch [11/20] Batch [60/792] D_loss: 1.6699 G_loss: 0.7023
Epoch [11/20] Batch [70/792] D_loss: 1.6786 G_loss: 0.6879
Epoch [11/20] Batch [80/792] D_loss: 1.6753 G_loss: 0.7149
Epoch [11/20] Batch [90/792] D_loss: 1.6752 G_loss: 0.6996
Epoch [11/20] Batch [100/792] D_loss: 1.6717 G_loss: 0.6978
Epoch [11/20] Batch [110/792] D_loss: 1.6674 G_loss: 0.6693
Epoch [11/20] Batch [120/792] D_loss: 1.6699 G_loss: 0.7052
Epoch [11/20] Batch [130/792] D_loss: 1.6693 G_loss: 0.6763
Epoch [11/20] Batch [140/792] D_loss: 1.6748 G_loss: 0.6838
Epoch [11/20] Batch [150/792] D_loss: 1.6770 G_loss: 0.7148
Epoch [11/20] Batch [160/792] D_loss: 1.6898 G_loss: 0.7079
Epoch [11/20] Batch [170/792] D_loss: 1.6871 G_loss: 0.7781
Epoch [11/20] Batch [180/792] D_loss: 1.6698 G_loss: 0.7081
Epoch [11/20] Batch [190/792] D_loss: 1.6781 G_loss: 0.6668
Epoch [11/20] Batch [200/792] D_loss: 1.6794 G_loss: 0.7168
Epoch [11/20] Batch [210/792] D_loss: 1.6847 G_loss: 0.6673
Epoch [11/20] Batch [220/792] D_loss: 1.6726 G_loss: 0.7137
Epoch [11/20] Batch [230/792] D_loss: 1.6652 G_loss: 0.7336
Epoch [11/20] Batch [240/792] D_loss: 1.6837 G_loss: 0.7006
Epoch [11/20] Batch [250/792] D_loss: 1.6616 G_loss: 0.7039
Epoch [11/20] Batch [260/792] D_loss: 1.6824 G_loss: 0.7009
Epoch [11/20] Batch [270/792] D_loss: 1.6954 G_loss: 0.6953
Epoch [11/20] Batch [280/792] D_loss: 1.6748 G_loss: 0.7080
Epoch [11/20] Batch [290/792] D_loss: 1.6689 G_loss: 0.6914
Epoch [11/20] Batch [300/792] D_loss: 1.6751 G_loss: 0.6815
Epoch [11/20] Batch [310/792] D_loss: 1.6851 G_loss: 0.6838
Epoch [11/20] Batch [320/792] D_loss: 1.6860 G_loss: 0.7321
Epoch [11/20] Batch [330/792] D_loss: 1.6813 G_loss: 0.6919
Epoch [11/20] Batch [340/792] D_loss: 1.6776 G_loss: 0.6740
Epoch [11/20] Batch [350/792] D_loss: 1.6755 G_loss: 0.6990
Epoch [11/20] Batch [360/792] D_loss: 1.6786 G_loss: 0.7250
Epoch [11/20] Batch [370/792] D_loss: 1.6796 G_loss: 0.6783
Epoch [11/20] Batch [380/792] D_loss: 1.6768 G_loss: 0.6690
Epoch [11/20] Batch [390/792] D_loss: 1.6748 G_loss: 0.7131
Epoch [11/20] Batch [400/792] D_loss: 1.6778 G_loss: 0.6952
Epoch [11/20] Batch [410/792] D_loss: 1.6766 G_loss: 0.7018
Epoch [11/20] Batch [420/792] D_loss: 1.6778 G_loss: 0.6966
Epoch [11/20] Batch [430/792] D_loss: 1.6705 G_loss: 0.6938
Epoch [11/20] Batch [440/792] D_loss: 1.6746 G_loss: 0.6937
Epoch [11/20] Batch [450/792] D_loss: 1.6737 G_loss: 0.7054
Epoch [11/20] Batch [460/792] D_loss: 1.6712 G_loss: 0.6889
Epoch [11/20] Batch [470/792] D_loss: 1.6776 G_loss: 0.7046
Epoch [11/20] Batch [480/792] D_loss: 1.6778 G_loss: 0.6959
Epoch [11/20] Batch [490/792] D_loss: 1.6810 G_loss: 0.6620
Epoch [11/20] Batch [500/792] D_loss: 1.6742 G_loss: 0.7241
Epoch [11/20] Batch [510/792] D_loss: 1.6771 G_loss: 0.7125
Epoch [11/20] Batch [520/792] D_loss: 1.6701 G_loss: 0.6883
Epoch [11/20] Batch [530/792] D_loss: 1.6852 G_loss: 0.6721
Epoch [11/20] Batch [540/792] D_loss: 1.6789 G_loss: 0.6908
Epoch [11/20] Batch [550/792] D_loss: 1.6780 G_loss: 0.6988
Epoch [11/20] Batch [560/792] D_loss: 1.6755 G_loss: 0.6822
Epoch [11/20] Batch [570/792] D_loss: 1.6766 G_loss: 0.7061
Epoch [11/20] Batch [580/792] D_loss: 1.6765 G_loss: 0.6908
Epoch [11/20] Batch [590/792] D_loss: 1.6759 G_loss: 0.6842
Epoch [11/20] Batch [600/792] D_loss: 1.6725 G_loss: 0.6777
Epoch [11/20] Batch [610/792] D_loss: 1.6801 G_loss: 0.6947
Epoch [11/20] Batch [620/792] D_loss: 1.6818 G_loss: 0.6767
Epoch [11/20] Batch [630/792] D_loss: 1.6725 G_loss: 0.7059
Epoch [11/20] Batch [640/792] D_loss: 1.6781 G_loss: 0.6966
Epoch [11/20] Batch [650/792] D_loss: 1.6791 G_loss: 0.6986
Epoch [11/20] Batch [660/792] D_loss: 1.6735 G_loss: 0.6830
Epoch [11/20] Batch [670/792] D_loss: 1.6835 G_loss: 0.7007
Epoch [11/20] Batch [680/792] D_loss: 1.6811 G_loss: 0.6737
Epoch [11/20] Batch [690/792] D_loss: 1.6860 G_loss: 0.6891
Epoch [11/20] Batch [700/792] D_loss: 1.6764 G_loss: 0.7037
Epoch [11/20] Batch [710/792] D_loss: 1.6773 G_loss: 0.7136
Epoch [11/20] Batch [720/792] D_loss: 1.6806 G_loss: 0.7142
Epoch [11/20] Batch [730/792] D_loss: 1.6814 G_loss: 0.6728
Epoch [11/20] Batch [740/792] D_loss: 1.6770 G_loss: 0.6901
Epoch [11/20] Batch [750/792] D_loss: 1.6742 G_loss: 0.6965
Epoch [11/20] Batch [760/792] D_loss: 1.6757 G_loss: 0.6909
Epoch [11/20] Batch [770/792] D_loss: 1.6789 G_loss: 0.6880
Epoch [11/20] Batch [780/792] D_loss: 1.6760 G_loss: 0.7170
Epoch [11/20] Batch [790/792] D_loss: 1.6781 G_loss: 0.6819
Epoch [12/20] Batch [0/792] D_loss: 1.6805 G_loss: 0.6762
Epoch [12/20] Batch [10/792] D_loss: 1.6680 G_loss: 0.6926
Epoch [12/20] Batch [20/792] D_loss: 1.6725 G_loss: 0.7019
Epoch [12/20] Batch [30/792] D_loss: 1.6690 G_loss: 0.6899
Epoch [12/20] Batch [40/792] D_loss: 1.6737 G_loss: 0.7130
Epoch [12/20] Batch [50/792] D_loss: 1.6656 G_loss: 0.6833
Epoch [12/20] Batch [60/792] D_loss: 1.6653 G_loss: 0.6921
Epoch [12/20] Batch [70/792] D_loss: 1.6682 G_loss: 0.6830
Epoch [12/20] Batch [80/792] D_loss: 1.6632 G_loss: 0.6990
Epoch [12/20] Batch [90/792] D_loss: 1.6698 G_loss: 0.7265
Epoch [12/20] Batch [100/792] D_loss: 1.6765 G_loss: 0.6672
Epoch [12/20] Batch [110/792] D_loss: 1.6720 G_loss: 0.6928
Epoch [12/20] Batch [120/792] D_loss: 1.6780 G_loss: 0.7053
Epoch [12/20] Batch [130/792] D_loss: 1.6762 G_loss: 0.6907
Epoch [12/20] Batch [140/792] D_loss: 1.6823 G_loss: 0.6867
Epoch [12/20] Batch [150/792] D_loss: 1.6811 G_loss: 0.7071
Epoch [12/20] Batch [160/792] D_loss: 1.6772 G_loss: 0.6852
Epoch [12/20] Batch [170/792] D_loss: 1.6679 G_loss: 0.6973
Epoch [12/20] Batch [180/792] D_loss: 1.6713 G_loss: 0.6911
Epoch [12/20] Batch [190/792] D_loss: 1.6746 G_loss: 0.6784
Epoch [12/20] Batch [200/792] D_loss: 1.6679 G_loss: 0.7056
Epoch [12/20] Batch [210/792] D_loss: 1.6636 G_loss: 0.6868
Epoch [12/20] Batch [220/792] D_loss: 1.6688 G_loss: 0.7016
Epoch [12/20] Batch [230/792] D_loss: 1.6606 G_loss: 0.6997
Epoch [12/20] Batch [240/792] D_loss: 1.6779 G_loss: 0.6843
Epoch [12/20] Batch [250/792] D_loss: 1.6777 G_loss: 0.6986
Epoch [12/20] Batch [260/792] D_loss: 1.6798 G_loss: 0.7016
Epoch [12/20] Batch [270/792] D_loss: 1.6839 G_loss: 0.6810
Epoch [12/20] Batch [280/792] D_loss: 1.6836 G_loss: 0.6665
Epoch [12/20] Batch [290/792] D_loss: 1.6810 G_loss: 0.6938
Epoch [12/20] Batch [300/792] D_loss: 1.6673 G_loss: 0.7153
Epoch [12/20] Batch [310/792] D_loss: 1.6800 G_loss: 0.6905
Epoch [12/20] Batch [320/792] D_loss: 1.6800 G_loss: 0.6705
Epoch [12/20] Batch [330/792] D_loss: 1.6695 G_loss: 0.7027
Epoch [12/20] Batch [340/792] D_loss: 1.6715 G_loss: 0.7122
Epoch [12/20] Batch [350/792] D_loss: 1.6778 G_loss: 0.6901
Epoch [12/20] Batch [360/792] D_loss: 1.6786 G_loss: 0.6759
Epoch [12/20] Batch [370/792] D_loss: 1.6844 G_loss: 0.6771
Epoch [12/20] Batch [380/792] D_loss: 1.6782 G_loss: 0.7134
Epoch [12/20] Batch [390/792] D_loss: 1.6798 G_loss: 0.6997
Epoch [12/20] Batch [400/792] D_loss: 1.6777 G_loss: 0.6731
Epoch [12/20] Batch [410/792] D_loss: 1.6776 G_loss: 0.6895
Epoch [12/20] Batch [420/792] D_loss: 1.6685 G_loss: 0.7075
Epoch [12/20] Batch [430/792] D_loss: 1.6810 G_loss: 0.7077
Epoch [12/20] Batch [440/792] D_loss: 1.6838 G_loss: 0.6792
Epoch [12/20] Batch [450/792] D_loss: 1.6783 G_loss: 0.6830
Epoch [12/20] Batch [460/792] D_loss: 1.6783 G_loss: 0.7151
Epoch [12/20] Batch [470/792] D_loss: 1.6769 G_loss: 0.7074
Epoch [12/20] Batch [480/792] D_loss: 1.6773 G_loss: 0.6835
Epoch [12/20] Batch [490/792] D_loss: 1.6762 G_loss: 0.6866
Epoch [12/20] Batch [500/792] D_loss: 1.6752 G_loss: 0.7067
Epoch [12/20] Batch [510/792] D_loss: 1.6781 G_loss: 0.6913
Epoch [12/20] Batch [520/792] D_loss: 1.6745 G_loss: 0.7055
Epoch [12/20] Batch [530/792] D_loss: 1.6716 G_loss: 0.7053
Epoch [12/20] Batch [540/792] D_loss: 1.6759 G_loss: 0.6915
Epoch [12/20] Batch [550/792] D_loss: 1.6670 G_loss: 0.7108
Epoch [12/20] Batch [560/792] D_loss: 1.6642 G_loss: 0.6861
Epoch [12/20] Batch [570/792] D_loss: 1.6744 G_loss: 0.6912
Epoch [12/20] Batch [580/792] D_loss: 1.6682 G_loss: 0.7029
Epoch [12/20] Batch [590/792] D_loss: 1.6640 G_loss: 0.6858
Epoch [12/20] Batch [600/792] D_loss: 1.6703 G_loss: 0.7102
Epoch [12/20] Batch [610/792] D_loss: 1.6636 G_loss: 0.7046
Epoch [12/20] Batch [620/792] D_loss: 1.6715 G_loss: 0.6854
Epoch [12/20] Batch [630/792] D_loss: 1.6492 G_loss: 0.6796
Epoch [12/20] Batch [640/792] D_loss: 1.6768 G_loss: 0.7010
Epoch [12/20] Batch [650/792] D_loss: 1.6563 G_loss: 0.6950
Epoch [12/20] Batch [660/792] D_loss: 1.6632 G_loss: 0.6766
Epoch [12/20] Batch [670/792] D_loss: 1.6530 G_loss: 0.6939
Epoch [12/20] Batch [680/792] D_loss: 1.6688 G_loss: 0.6945
Epoch [12/20] Batch [690/792] D_loss: 1.6680 G_loss: 0.6967
Epoch [12/20] Batch [700/792] D_loss: 1.6636 G_loss: 0.7020
Epoch [12/20] Batch [710/792] D_loss: 1.6676 G_loss: 0.6934
Epoch [12/20] Batch [720/792] D_loss: 1.6607 G_loss: 0.6859
Epoch [12/20] Batch [730/792] D_loss: 1.6666 G_loss: 0.7067
Epoch [12/20] Batch [740/792] D_loss: 1.6680 G_loss: 0.7156
Epoch [12/20] Batch [750/792] D_loss: 1.6658 G_loss: 0.6817
Epoch [12/20] Batch [760/792] D_loss: 1.6530 G_loss: 0.7324
Epoch [12/20] Batch [770/792] D_loss: 1.6793 G_loss: 0.7118
Epoch [12/20] Batch [780/792] D_loss: 1.6578 G_loss: 0.6766
Epoch [12/20] Batch [790/792] D_loss: 1.6650 G_loss: 0.7020
Epoch [13/20] Batch [0/792] D_loss: 1.6654 G_loss: 0.6990
Epoch [13/20] Batch [10/792] D_loss: 1.6607 G_loss: 0.6941
Epoch [13/20] Batch [20/792] D_loss: 1.6845 G_loss: 0.6698
Epoch [13/20] Batch [30/792] D_loss: 1.6732 G_loss: 0.6987
Epoch [13/20] Batch [40/792] D_loss: 1.6635 G_loss: 0.7076
Epoch [13/20] Batch [50/792] D_loss: 1.6720 G_loss: 0.6769
Epoch [13/20] Batch [60/792] D_loss: 1.6710 G_loss: 0.7121
Epoch [13/20] Batch [70/792] D_loss: 1.6796 G_loss: 0.6897
Epoch [13/20] Batch [80/792] D_loss: 1.6837 G_loss: 0.7017
Epoch [13/20] Batch [90/792] D_loss: 1.6771 G_loss: 0.6913
Epoch [13/20] Batch [100/792] D_loss: 1.6687 G_loss: 0.6905
Epoch [13/20] Batch [110/792] D_loss: 1.6844 G_loss: 0.6876
Epoch [13/20] Batch [120/792] D_loss: 1.6667 G_loss: 0.7084
Epoch [13/20] Batch [130/792] D_loss: 1.6691 G_loss: 0.7009
Epoch [13/20] Batch [140/792] D_loss: 1.6683 G_loss: 0.6828
Epoch [13/20] Batch [150/792] D_loss: 1.6660 G_loss: 0.7191
Epoch [13/20] Batch [160/792] D_loss: 1.6638 G_loss: 0.6982
Epoch [13/20] Batch [170/792] D_loss: 1.6646 G_loss: 0.6961
Epoch [13/20] Batch [180/792] D_loss: 1.6616 G_loss: 0.6799
Epoch [13/20] Batch [190/792] D_loss: 1.6665 G_loss: 0.7674
Epoch [13/20] Batch [200/792] D_loss: 1.6522 G_loss: 0.7439
Epoch [13/20] Batch [210/792] D_loss: 1.6690 G_loss: 0.7017
Epoch [13/20] Batch [220/792] D_loss: 1.6776 G_loss: 0.6867
Epoch [13/20] Batch [230/792] D_loss: 1.6741 G_loss: 0.7102
Epoch [13/20] Batch [240/792] D_loss: 1.6663 G_loss: 0.6995
Epoch [13/20] Batch [250/792] D_loss: 1.6750 G_loss: 0.6658
Epoch [13/20] Batch [260/792] D_loss: 1.6721 G_loss: 0.7123
Epoch [13/20] Batch [270/792] D_loss: 1.6742 G_loss: 0.6865
Epoch [13/20] Batch [280/792] D_loss: 1.6890 G_loss: 0.7186
Epoch [13/20] Batch [290/792] D_loss: 1.6591 G_loss: 0.6919
Epoch [13/20] Batch [300/792] D_loss: 1.6734 G_loss: 0.6800
Epoch [13/20] Batch [310/792] D_loss: 1.6695 G_loss: 0.7028
Epoch [13/20] Batch [320/792] D_loss: 1.6705 G_loss: 0.6815
Epoch [13/20] Batch [330/792] D_loss: 1.6541 G_loss: 0.7069
Epoch [13/20] Batch [340/792] D_loss: 1.6598 G_loss: 0.6899
Epoch [13/20] Batch [350/792] D_loss: 1.6803 G_loss: 0.6807
Epoch [13/20] Batch [360/792] D_loss: 1.6719 G_loss: 0.6732
Epoch [13/20] Batch [370/792] D_loss: 1.6699 G_loss: 0.7027
Epoch [13/20] Batch [380/792] D_loss: 1.6803 G_loss: 0.6899
Epoch [13/20] Batch [390/792] D_loss: 1.6765 G_loss: 0.7166
Epoch [13/20] Batch [400/792] D_loss: 1.6845 G_loss: 0.6670
Epoch [13/20] Batch [410/792] D_loss: 1.6743 G_loss: 0.7116
Epoch [13/20] Batch [420/792] D_loss: 1.6749 G_loss: 0.6896
Epoch [13/20] Batch [430/792] D_loss: 1.6640 G_loss: 0.6910
Epoch [13/20] Batch [440/792] D_loss: 1.6545 G_loss: 0.7170
Epoch [13/20] Batch [450/792] D_loss: 1.6731 G_loss: 0.6891
Epoch [13/20] Batch [460/792] D_loss: 1.6755 G_loss: 0.7149
Epoch [13/20] Batch [470/792] D_loss: 1.6819 G_loss: 0.6990
Epoch [13/20] Batch [480/792] D_loss: 1.6804 G_loss: 0.6887
Epoch [13/20] Batch [490/792] D_loss: 1.6801 G_loss: 0.6984
Epoch [13/20] Batch [500/792] D_loss: 1.6844 G_loss: 0.6702
Epoch [13/20] Batch [510/792] D_loss: 1.6787 G_loss: 0.6965
Epoch [13/20] Batch [520/792] D_loss: 1.6770 G_loss: 0.6911
Epoch [13/20] Batch [530/792] D_loss: 1.6801 G_loss: 0.6961
Epoch [13/20] Batch [540/792] D_loss: 1.6735 G_loss: 0.6902
Epoch [13/20] Batch [550/792] D_loss: 1.6671 G_loss: 0.6809
Epoch [13/20] Batch [560/792] D_loss: 1.6801 G_loss: 0.7005
Epoch [13/20] Batch [570/792] D_loss: 1.6792 G_loss: 0.6875
Epoch [13/20] Batch [580/792] D_loss: 1.6685 G_loss: 0.6774
Epoch [13/20] Batch [590/792] D_loss: 1.6677 G_loss: 0.6874
Epoch [13/20] Batch [600/792] D_loss: 1.6729 G_loss: 0.6959
Epoch [13/20] Batch [610/792] D_loss: 1.6733 G_loss: 0.6911
Epoch [13/20] Batch [620/792] D_loss: 1.6623 G_loss: 0.7060
Epoch [13/20] Batch [630/792] D_loss: 1.6778 G_loss: 0.6998
Epoch [13/20] Batch [640/792] D_loss: 1.6733 G_loss: 0.6857
Epoch [13/20] Batch [650/792] D_loss: 1.6688 G_loss: 0.7009
Epoch [13/20] Batch [660/792] D_loss: 1.6637 G_loss: 0.6803
Epoch [13/20] Batch [670/792] D_loss: 1.6675 G_loss: 0.7305
Epoch [13/20] Batch [680/792] D_loss: 1.6576 G_loss: 0.6800
Epoch [13/20] Batch [690/792] D_loss: 1.6865 G_loss: 0.6645
Epoch [13/20] Batch [700/792] D_loss: 1.6802 G_loss: 0.7257
Epoch [13/20] Batch [710/792] D_loss: 1.6633 G_loss: 0.6921
Epoch [13/20] Batch [720/792] D_loss: 1.6675 G_loss: 0.7105
Epoch [13/20] Batch [730/792] D_loss: 1.6716 G_loss: 0.6628
Epoch [13/20] Batch [740/792] D_loss: 1.6699 G_loss: 0.7204
Epoch [13/20] Batch [750/792] D_loss: 1.6647 G_loss: 0.7381
Epoch [13/20] Batch [760/792] D_loss: 1.6620 G_loss: 0.6970
Epoch [13/20] Batch [770/792] D_loss: 1.6702 G_loss: 0.6755
Epoch [13/20] Batch [780/792] D_loss: 1.6783 G_loss: 0.7057
Epoch [13/20] Batch [790/792] D_loss: 1.6695 G_loss: 0.7034
Saving checkpoint at epoch 13...
Model saved to /home/sar0033/blindscrambler/scripts/models/models_gan_epoch_13.onnx
Epoch [14/20] Batch [0/792] D_loss: 1.6749 G_loss: 0.6929
Epoch [14/20] Batch [10/792] D_loss: 1.6781 G_loss: 0.7065
Epoch [14/20] Batch [20/792] D_loss: 1.6687 G_loss: 0.6698
Epoch [14/20] Batch [30/792] D_loss: 1.6719 G_loss: 0.7045
Epoch [14/20] Batch [40/792] D_loss: 1.6579 G_loss: 0.7445
Epoch [14/20] Batch [50/792] D_loss: 1.6577 G_loss: 0.6729
Epoch [14/20] Batch [60/792] D_loss: 1.6665 G_loss: 0.7444
Epoch [14/20] Batch [70/792] D_loss: 1.6586 G_loss: 0.7337
Epoch [14/20] Batch [80/792] D_loss: 1.6764 G_loss: 0.6949
Epoch [14/20] Batch [90/792] D_loss: 1.6724 G_loss: 0.6760
Epoch [14/20] Batch [100/792] D_loss: 1.6716 G_loss: 0.7016
Epoch [14/20] Batch [110/792] D_loss: 1.6737 G_loss: 0.6791
Epoch [14/20] Batch [120/792] D_loss: 1.6718 G_loss: 0.7141
Epoch [14/20] Batch [130/792] D_loss: 1.6704 G_loss: 0.6655
Epoch [14/20] Batch [140/792] D_loss: 1.6806 G_loss: 0.6816
Epoch [14/20] Batch [150/792] D_loss: 1.6698 G_loss: 0.6980
Epoch [14/20] Batch [160/792] D_loss: 1.6708 G_loss: 0.6894
Epoch [14/20] Batch [170/792] D_loss: 1.6622 G_loss: 0.6939
Epoch [14/20] Batch [180/792] D_loss: 1.6670 G_loss: 0.6923
Epoch [14/20] Batch [190/792] D_loss: 1.6654 G_loss: 0.6950
Epoch [14/20] Batch [200/792] D_loss: 1.6778 G_loss: 0.6759
Epoch [14/20] Batch [210/792] D_loss: 1.6817 G_loss: 0.7152
Epoch [14/20] Batch [220/792] D_loss: 1.6781 G_loss: 0.6812
Epoch [14/20] Batch [230/792] D_loss: 1.6694 G_loss: 0.6976
Epoch [14/20] Batch [240/792] D_loss: 1.6678 G_loss: 0.6951
Epoch [14/20] Batch [250/792] D_loss: 1.6693 G_loss: 0.6864
Epoch [14/20] Batch [260/792] D_loss: 1.6642 G_loss: 0.7010
Epoch [14/20] Batch [270/792] D_loss: 1.6626 G_loss: 0.6912
Epoch [14/20] Batch [280/792] D_loss: 1.6690 G_loss: 0.7108
Epoch [14/20] Batch [290/792] D_loss: 1.6635 G_loss: 0.7002
Epoch [14/20] Batch [300/792] D_loss: 1.6800 G_loss: 0.6826
Epoch [14/20] Batch [310/792] D_loss: 1.6746 G_loss: 0.7178
Epoch [14/20] Batch [320/792] D_loss: 1.6690 G_loss: 0.6757
Epoch [14/20] Batch [330/792] D_loss: 1.6730 G_loss: 0.6868
Epoch [14/20] Batch [340/792] D_loss: 1.6788 G_loss: 0.6716
Epoch [14/20] Batch [350/792] D_loss: 1.6726 G_loss: 0.7069
Epoch [14/20] Batch [360/792] D_loss: 1.6720 G_loss: 0.7100
Epoch [14/20] Batch [370/792] D_loss: 1.6722 G_loss: 0.6791
Epoch [14/20] Batch [380/792] D_loss: 1.6749 G_loss: 0.7042
Epoch [14/20] Batch [390/792] D_loss: 1.6704 G_loss: 0.6998
Epoch [14/20] Batch [400/792] D_loss: 1.6689 G_loss: 0.6943
Epoch [14/20] Batch [410/792] D_loss: 1.6758 G_loss: 0.6856
Epoch [14/20] Batch [420/792] D_loss: 1.6739 G_loss: 0.6871
Epoch [14/20] Batch [430/792] D_loss: 1.6728 G_loss: 0.7083
Epoch [14/20] Batch [440/792] D_loss: 1.6764 G_loss: 0.6965
Epoch [14/20] Batch [450/792] D_loss: 1.6793 G_loss: 0.7051
Epoch [14/20] Batch [460/792] D_loss: 1.6788 G_loss: 0.6685
Epoch [14/20] Batch [470/792] D_loss: 1.6713 G_loss: 0.7068
Epoch [14/20] Batch [480/792] D_loss: 1.6729 G_loss: 0.6714
Epoch [14/20] Batch [490/792] D_loss: 1.6698 G_loss: 0.6893
Epoch [14/20] Batch [500/792] D_loss: 1.6695 G_loss: 0.6848
Epoch [14/20] Batch [510/792] D_loss: 1.6776 G_loss: 0.6949
Epoch [14/20] Batch [520/792] D_loss: 1.6459 G_loss: 0.7194
Epoch [14/20] Batch [530/792] D_loss: 1.6640 G_loss: 0.6779
Epoch [14/20] Batch [540/792] D_loss: 1.6671 G_loss: 0.7187
Epoch [14/20] Batch [550/792] D_loss: 1.6683 G_loss: 0.6875
Epoch [14/20] Batch [560/792] D_loss: 1.6672 G_loss: 0.7272
Epoch [14/20] Batch [570/792] D_loss: 1.6725 G_loss: 0.6697
Epoch [14/20] Batch [580/792] D_loss: 1.6719 G_loss: 0.7468
Epoch [14/20] Batch [590/792] D_loss: 1.6751 G_loss: 0.6824
Epoch [14/20] Batch [600/792] D_loss: 1.6699 G_loss: 0.7057
Epoch [14/20] Batch [610/792] D_loss: 1.6769 G_loss: 0.7002
Epoch [14/20] Batch [620/792] D_loss: 1.6738 G_loss: 0.7218
Epoch [14/20] Batch [630/792] D_loss: 1.6680 G_loss: 0.7063
Epoch [14/20] Batch [640/792] D_loss: 1.6784 G_loss: 0.6869
Epoch [14/20] Batch [650/792] D_loss: 1.6802 G_loss: 0.6906
Epoch [14/20] Batch [660/792] D_loss: 1.6689 G_loss: 0.6806
Epoch [14/20] Batch [670/792] D_loss: 1.6640 G_loss: 0.7010
Epoch [14/20] Batch [680/792] D_loss: 1.6671 G_loss: 0.6760
Epoch [14/20] Batch [690/792] D_loss: 1.6575 G_loss: 0.7123
Epoch [14/20] Batch [700/792] D_loss: 1.6667 G_loss: 0.6960
Epoch [14/20] Batch [710/792] D_loss: 1.6714 G_loss: 0.6824
Epoch [14/20] Batch [720/792] D_loss: 1.6653 G_loss: 0.7148
Epoch [14/20] Batch [730/792] D_loss: 1.6758 G_loss: 0.6637
Epoch [14/20] Batch [740/792] D_loss: 1.6640 G_loss: 0.7205
Epoch [14/20] Batch [750/792] D_loss: 1.6773 G_loss: 0.6781
Epoch [14/20] Batch [760/792] D_loss: 1.6684 G_loss: 0.7325
Epoch [14/20] Batch [770/792] D_loss: 1.6670 G_loss: 0.6741
Epoch [14/20] Batch [780/792] D_loss: 1.6688 G_loss: 0.7042
Epoch [14/20] Batch [790/792] D_loss: 1.6706 G_loss: 0.6999
Epoch [15/20] Batch [0/792] D_loss: 1.6697 G_loss: 0.7148
Epoch [15/20] Batch [10/792] D_loss: 1.6397 G_loss: 0.7024
Epoch [15/20] Batch [20/792] D_loss: 1.6741 G_loss: 0.6760
Epoch [15/20] Batch [30/792] D_loss: 1.6580 G_loss: 0.7250
Epoch [15/20] Batch [40/792] D_loss: 1.6664 G_loss: 0.6693
Epoch [15/20] Batch [50/792] D_loss: 1.6569 G_loss: 0.7343
Epoch [15/20] Batch [60/792] D_loss: 1.6650 G_loss: 0.6844
Epoch [15/20] Batch [70/792] D_loss: 1.6747 G_loss: 0.6751
Epoch [15/20] Batch [80/792] D_loss: 1.6407 G_loss: 0.7217
Epoch [15/20] Batch [90/792] D_loss: 1.6744 G_loss: 0.6920
Epoch [15/20] Batch [100/792] D_loss: 1.6608 G_loss: 0.7134
Epoch [15/20] Batch [110/792] D_loss: 1.6813 G_loss: 0.6979
Epoch [15/20] Batch [120/792] D_loss: 1.6559 G_loss: 0.7315
Epoch [15/20] Batch [130/792] D_loss: 1.6677 G_loss: 0.7002
Epoch [15/20] Batch [140/792] D_loss: 1.6728 G_loss: 0.6636
Epoch [15/20] Batch [150/792] D_loss: 1.6515 G_loss: 0.7386
Epoch [15/20] Batch [160/792] D_loss: 1.6630 G_loss: 0.7017
Epoch [15/20] Batch [170/792] D_loss: 1.6735 G_loss: 0.6942
Epoch [15/20] Batch [180/792] D_loss: 1.6771 G_loss: 0.6731
Epoch [15/20] Batch [190/792] D_loss: 1.6651 G_loss: 0.7132
Epoch [15/20] Batch [200/792] D_loss: 1.6636 G_loss: 0.6718
Epoch [15/20] Batch [210/792] D_loss: 1.6707 G_loss: 0.6959
Epoch [15/20] Batch [220/792] D_loss: 1.6609 G_loss: 0.7126
Epoch [15/20] Batch [230/792] D_loss: 1.6618 G_loss: 0.6778
Epoch [15/20] Batch [240/792] D_loss: 1.6700 G_loss: 0.7184
Epoch [15/20] Batch [250/792] D_loss: 1.6693 G_loss: 0.7048
Epoch [15/20] Batch [260/792] D_loss: 1.6568 G_loss: 0.6903
Epoch [15/20] Batch [270/792] D_loss: 1.6686 G_loss: 0.6693
Epoch [15/20] Batch [280/792] D_loss: 1.6678 G_loss: 0.6921
Epoch [15/20] Batch [290/792] D_loss: 1.6571 G_loss: 0.7005
Epoch [15/20] Batch [300/792] D_loss: 1.6758 G_loss: 0.6884
Epoch [15/20] Batch [310/792] D_loss: 1.6737 G_loss: 0.6907
Epoch [15/20] Batch [320/792] D_loss: 1.6523 G_loss: 0.7474
Epoch [15/20] Batch [330/792] D_loss: 1.6691 G_loss: 0.6774
Epoch [15/20] Batch [340/792] D_loss: 1.6714 G_loss: 0.7038
Epoch [15/20] Batch [350/792] D_loss: 1.6622 G_loss: 0.7012
Epoch [15/20] Batch [360/792] D_loss: 1.6624 G_loss: 0.6939
Epoch [15/20] Batch [370/792] D_loss: 1.6635 G_loss: 0.6924
Epoch [15/20] Batch [380/792] D_loss: 1.6638 G_loss: 0.7004
Epoch [15/20] Batch [390/792] D_loss: 1.6739 G_loss: 0.6790
Epoch [15/20] Batch [400/792] D_loss: 1.6642 G_loss: 0.6974
Epoch [15/20] Batch [410/792] D_loss: 1.6706 G_loss: 0.6957
Epoch [15/20] Batch [420/792] D_loss: 1.6646 G_loss: 0.7046
Epoch [15/20] Batch [430/792] D_loss: 1.6694 G_loss: 0.6985
Epoch [15/20] Batch [440/792] D_loss: 1.6573 G_loss: 0.6614
Epoch [15/20] Batch [450/792] D_loss: 1.6722 G_loss: 0.7725
Epoch [15/20] Batch [460/792] D_loss: 1.6651 G_loss: 0.7293
Epoch [15/20] Batch [470/792] D_loss: 1.6585 G_loss: 0.6987
Epoch [15/20] Batch [480/792] D_loss: 1.6566 G_loss: 0.7676
Epoch [15/20] Batch [490/792] D_loss: 1.6747 G_loss: 0.6656
Epoch [15/20] Batch [500/792] D_loss: 1.6626 G_loss: 0.7382
Epoch [15/20] Batch [510/792] D_loss: 1.6804 G_loss: 0.6644
Epoch [15/20] Batch [520/792] D_loss: 1.6593 G_loss: 0.7134
Epoch [15/20] Batch [530/792] D_loss: 1.6660 G_loss: 0.6724
Epoch [15/20] Batch [540/792] D_loss: 1.6804 G_loss: 0.7056
Epoch [15/20] Batch [550/792] D_loss: 1.6600 G_loss: 0.7239
Epoch [15/20] Batch [560/792] D_loss: 1.6770 G_loss: 0.7255
Epoch [15/20] Batch [570/792] D_loss: 1.6745 G_loss: 0.7038
Epoch [15/20] Batch [580/792] D_loss: 1.6690 G_loss: 0.6794
Epoch [15/20] Batch [590/792] D_loss: 1.6658 G_loss: 0.6975
Epoch [15/20] Batch [600/792] D_loss: 1.6829 G_loss: 0.6805
Epoch [15/20] Batch [610/792] D_loss: 1.6593 G_loss: 0.7054
Epoch [15/20] Batch [620/792] D_loss: 1.6724 G_loss: 0.6932
Epoch [15/20] Batch [630/792] D_loss: 1.6585 G_loss: 0.6785
Epoch [15/20] Batch [640/792] D_loss: 1.6666 G_loss: 0.7098
Epoch [15/20] Batch [650/792] D_loss: 1.6799 G_loss: 0.6717
Epoch [15/20] Batch [660/792] D_loss: 1.6582 G_loss: 0.6929
Epoch [15/20] Batch [670/792] D_loss: 1.6613 G_loss: 0.7006
Epoch [15/20] Batch [680/792] D_loss: 1.6743 G_loss: 0.7239
Epoch [15/20] Batch [690/792] D_loss: 1.6761 G_loss: 0.6697
Epoch [15/20] Batch [700/792] D_loss: 1.6581 G_loss: 0.7120
Epoch [15/20] Batch [710/792] D_loss: 1.6599 G_loss: 0.6878
Epoch [15/20] Batch [720/792] D_loss: 1.6511 G_loss: 0.7021
Epoch [15/20] Batch [730/792] D_loss: 1.6554 G_loss: 0.7857
Epoch [15/20] Batch [740/792] D_loss: 1.6545 G_loss: 0.8189
Epoch [15/20] Batch [750/792] D_loss: 1.6697 G_loss: 0.6752
Epoch [15/20] Batch [760/792] D_loss: 1.6675 G_loss: 0.7790
Epoch [15/20] Batch [770/792] D_loss: 1.6749 G_loss: 0.6703
Epoch [15/20] Batch [780/792] D_loss: 1.6563 G_loss: 0.6918
Epoch [15/20] Batch [790/792] D_loss: 1.6669 G_loss: 0.6780
Epoch [16/20] Batch [0/792] D_loss: 1.6832 G_loss: 0.6979
Epoch [16/20] Batch [10/792] D_loss: 1.6801 G_loss: 0.6712
Epoch [16/20] Batch [20/792] D_loss: 1.6519 G_loss: 0.7234
Epoch [16/20] Batch [30/792] D_loss: 1.6793 G_loss: 0.6651
Epoch [16/20] Batch [40/792] D_loss: 1.6740 G_loss: 0.6965
Epoch [16/20] Batch [50/792] D_loss: 1.6618 G_loss: 0.7610
Epoch [16/20] Batch [60/792] D_loss: 1.6709 G_loss: 0.6849
Epoch [16/20] Batch [70/792] D_loss: 1.6649 G_loss: 0.6952
Epoch [16/20] Batch [80/792] D_loss: 1.6610 G_loss: 0.7066
Epoch [16/20] Batch [90/792] D_loss: 1.6554 G_loss: 0.6905
Epoch [16/20] Batch [100/792] D_loss: 1.6535 G_loss: 0.7138
Epoch [16/20] Batch [110/792] D_loss: 1.6508 G_loss: 0.6947
Epoch [16/20] Batch [120/792] D_loss: 1.6669 G_loss: 0.7040
Epoch [16/20] Batch [130/792] D_loss: 1.6720 G_loss: 0.6594
Epoch [16/20] Batch [140/792] D_loss: 1.6586 G_loss: 0.7210
Epoch [16/20] Batch [150/792] D_loss: 1.6659 G_loss: 0.6732
Epoch [16/20] Batch [160/792] D_loss: 1.6675 G_loss: 0.7283
Epoch [16/20] Batch [170/792] D_loss: 1.6642 G_loss: 0.6949
Epoch [16/20] Batch [180/792] D_loss: 1.6157 G_loss: 0.7356
Epoch [16/20] Batch [190/792] D_loss: 1.6682 G_loss: 0.6673
Epoch [16/20] Batch [200/792] D_loss: 1.6302 G_loss: 0.7244
Epoch [16/20] Batch [210/792] D_loss: 1.6565 G_loss: 0.7042
Epoch [16/20] Batch [220/792] D_loss: 1.6548 G_loss: 0.6988
Epoch [16/20] Batch [230/792] D_loss: 1.6589 G_loss: 0.7356
Epoch [16/20] Batch [240/792] D_loss: 1.6664 G_loss: 0.6834
Epoch [16/20] Batch [250/792] D_loss: 1.6659 G_loss: 0.7152
Epoch [16/20] Batch [260/792] D_loss: 1.6723 G_loss: 0.6577
Epoch [16/20] Batch [270/792] D_loss: 1.6674 G_loss: 0.7174
Epoch [16/20] Batch [280/792] D_loss: 1.6862 G_loss: 0.6781
Epoch [16/20] Batch [290/792] D_loss: 1.6664 G_loss: 0.6966
Epoch [16/20] Batch [300/792] D_loss: 1.6669 G_loss: 0.7148
Epoch [16/20] Batch [310/792] D_loss: 1.6761 G_loss: 0.6870
Epoch [16/20] Batch [320/792] D_loss: 1.6697 G_loss: 0.6911
Epoch [16/20] Batch [330/792] D_loss: 1.6726 G_loss: 0.6765
Epoch [16/20] Batch [340/792] D_loss: 1.6586 G_loss: 0.7079
Epoch [16/20] Batch [350/792] D_loss: 1.6655 G_loss: 0.6805
Epoch [16/20] Batch [360/792] D_loss: 1.6884 G_loss: 0.6667
Epoch [16/20] Batch [370/792] D_loss: 1.6633 G_loss: 0.7587
Epoch [16/20] Batch [380/792] D_loss: 1.6731 G_loss: 0.6771
Epoch [16/20] Batch [390/792] D_loss: 1.6809 G_loss: 0.7282
Epoch [16/20] Batch [400/792] D_loss: 1.6718 G_loss: 0.7098
Epoch [16/20] Batch [410/792] D_loss: 1.6613 G_loss: 0.6750
Epoch [16/20] Batch [420/792] D_loss: 1.6686 G_loss: 0.7083
Epoch [16/20] Batch [430/792] D_loss: 1.6784 G_loss: 0.6951
Epoch [16/20] Batch [440/792] D_loss: 1.6842 G_loss: 0.6963
Epoch [16/20] Batch [450/792] D_loss: 1.6734 G_loss: 0.7022
Epoch [16/20] Batch [460/792] D_loss: 1.6803 G_loss: 0.7204
Epoch [16/20] Batch [470/792] D_loss: 1.6722 G_loss: 0.6937
Epoch [16/20] Batch [480/792] D_loss: 1.6704 G_loss: 0.7246
Epoch [16/20] Batch [490/792] D_loss: 1.6744 G_loss: 0.6597
Epoch [16/20] Batch [500/792] D_loss: 1.6560 G_loss: 0.7197
Epoch [16/20] Batch [510/792] D_loss: 1.6623 G_loss: 0.6872
Epoch [16/20] Batch [520/792] D_loss: 1.6641 G_loss: 0.7399
Epoch [16/20] Batch [530/792] D_loss: 1.6723 G_loss: 0.6933
Epoch [16/20] Batch [540/792] D_loss: 1.6586 G_loss: 0.6958
Epoch [16/20] Batch [550/792] D_loss: 1.6522 G_loss: 0.7493
Epoch [16/20] Batch [560/792] D_loss: 1.6747 G_loss: 0.6767
Epoch [16/20] Batch [570/792] D_loss: 1.6733 G_loss: 0.7109
Epoch [16/20] Batch [580/792] D_loss: 1.6694 G_loss: 0.6725
Epoch [16/20] Batch [590/792] D_loss: 1.6548 G_loss: 0.7184
Epoch [16/20] Batch [600/792] D_loss: 1.6574 G_loss: 0.7706
Epoch [16/20] Batch [610/792] D_loss: 1.6760 G_loss: 0.6655
Epoch [16/20] Batch [620/792] D_loss: 1.6600 G_loss: 0.7115
Epoch [16/20] Batch [630/792] D_loss: 1.6597 G_loss: 0.7017
Epoch [16/20] Batch [640/792] D_loss: 1.6746 G_loss: 0.6778
Epoch [16/20] Batch [650/792] D_loss: 1.6694 G_loss: 0.7084
Epoch [16/20] Batch [660/792] D_loss: 1.6781 G_loss: 0.7171
Epoch [16/20] Batch [670/792] D_loss: 1.6411 G_loss: 0.7473
Epoch [16/20] Batch [680/792] D_loss: 1.6824 G_loss: 0.6714
Epoch [16/20] Batch [690/792] D_loss: 1.6715 G_loss: 0.7089
Epoch [16/20] Batch [700/792] D_loss: 1.6755 G_loss: 0.6890
Epoch [16/20] Batch [710/792] D_loss: 1.6689 G_loss: 0.6907
Epoch [16/20] Batch [720/792] D_loss: 1.6690 G_loss: 0.6864
Epoch [16/20] Batch [730/792] D_loss: 1.6728 G_loss: 0.7160
Epoch [16/20] Batch [740/792] D_loss: 1.6653 G_loss: 0.7223
Epoch [16/20] Batch [750/792] D_loss: 1.6644 G_loss: 0.6885
Epoch [16/20] Batch [760/792] D_loss: 1.6559 G_loss: 0.7078
Epoch [16/20] Batch [770/792] D_loss: 1.6537 G_loss: 0.7294
Epoch [16/20] Batch [780/792] D_loss: 1.6613 G_loss: 0.6971
Epoch [16/20] Batch [790/792] D_loss: 1.6804 G_loss: 0.7027
Saving checkpoint at epoch 16...
Model saved to /home/sar0033/blindscrambler/scripts/models/models_gan_epoch_16.onnx
Epoch [17/20] Batch [0/792] D_loss: 1.6657 G_loss: 0.7140
Epoch [17/20] Batch [10/792] D_loss: 1.6580 G_loss: 0.6956
Epoch [17/20] Batch [20/792] D_loss: 1.6622 G_loss: 0.6786
Epoch [17/20] Batch [30/792] D_loss: 1.6658 G_loss: 0.7236
Epoch [17/20] Batch [40/792] D_loss: 1.6769 G_loss: 0.6499
Epoch [17/20] Batch [50/792] D_loss: 1.6565 G_loss: 0.7301
Epoch [17/20] Batch [60/792] D_loss: 1.6770 G_loss: 0.6715
Epoch [17/20] Batch [70/792] D_loss: 1.6646 G_loss: 0.6992
Epoch [17/20] Batch [80/792] D_loss: 1.6699 G_loss: 0.7031
Epoch [17/20] Batch [90/792] D_loss: 1.6568 G_loss: 0.7058
Epoch [17/20] Batch [100/792] D_loss: 1.6805 G_loss: 0.7141
Epoch [17/20] Batch [110/792] D_loss: 1.6842 G_loss: 0.6713
Epoch [17/20] Batch [120/792] D_loss: 1.6656 G_loss: 0.7193
Epoch [17/20] Batch [130/792] D_loss: 1.6739 G_loss: 0.6962
Epoch [17/20] Batch [140/792] D_loss: 1.6708 G_loss: 0.6898
Epoch [17/20] Batch [150/792] D_loss: 1.6575 G_loss: 0.6973
Epoch [17/20] Batch [160/792] D_loss: 1.6678 G_loss: 0.6882
Epoch [17/20] Batch [170/792] D_loss: 1.6702 G_loss: 0.7138
Epoch [17/20] Batch [180/792] D_loss: 1.6704 G_loss: 0.7107
Epoch [17/20] Batch [190/792] D_loss: 1.6768 G_loss: 0.6670
Epoch [17/20] Batch [200/792] D_loss: 1.6572 G_loss: 0.7063
Epoch [17/20] Batch [210/792] D_loss: 1.6559 G_loss: 0.7219
Epoch [17/20] Batch [220/792] D_loss: 1.6740 G_loss: 0.7160
Epoch [17/20] Batch [230/792] D_loss: 1.6402 G_loss: 0.7357
Epoch [17/20] Batch [240/792] D_loss: 1.6763 G_loss: 0.6737
Epoch [17/20] Batch [250/792] D_loss: 1.6559 G_loss: 0.7556
Epoch [17/20] Batch [260/792] D_loss: 1.6794 G_loss: 0.6763
Epoch [17/20] Batch [270/792] D_loss: 1.6700 G_loss: 0.6873
Epoch [17/20] Batch [280/792] D_loss: 1.6680 G_loss: 0.6835
Epoch [17/20] Batch [290/792] D_loss: 1.6657 G_loss: 0.7458
Epoch [17/20] Batch [300/792] D_loss: 1.6769 G_loss: 0.6880
Epoch [17/20] Batch [310/792] D_loss: 1.6669 G_loss: 0.6919
Epoch [17/20] Batch [320/792] D_loss: 1.6557 G_loss: 0.6998
Epoch [17/20] Batch [330/792] D_loss: 1.6085 G_loss: 0.7577
Epoch [17/20] Batch [340/792] D_loss: 1.6813 G_loss: 0.6716
Epoch [17/20] Batch [350/792] D_loss: 1.6490 G_loss: 0.7407
Epoch [17/20] Batch [360/792] D_loss: 1.6621 G_loss: 0.6797
Epoch [17/20] Batch [370/792] D_loss: 1.6675 G_loss: 0.7198
Epoch [17/20] Batch [380/792] D_loss: 1.6661 G_loss: 0.6847
Epoch [17/20] Batch [390/792] D_loss: 1.6619 G_loss: 0.6868
Epoch [17/20] Batch [400/792] D_loss: 1.6692 G_loss: 0.6886
Epoch [17/20] Batch [410/792] D_loss: 1.5933 G_loss: 0.7226
Epoch [17/20] Batch [420/792] D_loss: 1.6700 G_loss: 0.7404
Epoch [17/20] Batch [430/792] D_loss: 1.6586 G_loss: 0.6915
Epoch [17/20] Batch [440/792] D_loss: 1.6663 G_loss: 0.7033
Epoch [17/20] Batch [450/792] D_loss: 1.6597 G_loss: 0.7135
Epoch [17/20] Batch [460/792] D_loss: 1.6484 G_loss: 0.7077
Epoch [17/20] Batch [470/792] D_loss: 1.6572 G_loss: 0.7445
Epoch [17/20] Batch [480/792] D_loss: 1.6744 G_loss: 0.6882
Epoch [17/20] Batch [490/792] D_loss: 1.6653 G_loss: 0.7080
Epoch [17/20] Batch [500/792] D_loss: 1.6666 G_loss: 0.6662
Epoch [17/20] Batch [510/792] D_loss: 1.6615 G_loss: 0.7213
Epoch [17/20] Batch [520/792] D_loss: 1.6567 G_loss: 0.7019
Epoch [17/20] Batch [530/792] D_loss: 1.6437 G_loss: 0.7509
Epoch [17/20] Batch [540/792] D_loss: 1.6865 G_loss: 0.6823
Epoch [17/20] Batch [550/792] D_loss: 1.6786 G_loss: 0.7907
Epoch [17/20] Batch [560/792] D_loss: 1.6605 G_loss: 0.7103
Epoch [17/20] Batch [570/792] D_loss: 1.6485 G_loss: 0.6957
Epoch [17/20] Batch [580/792] D_loss: 1.6585 G_loss: 0.6952
Epoch [17/20] Batch [590/792] D_loss: 1.6808 G_loss: 0.6861
Epoch [17/20] Batch [600/792] D_loss: 1.6623 G_loss: 0.6669
Epoch [17/20] Batch [610/792] D_loss: 1.6789 G_loss: 0.6800
Epoch [17/20] Batch [620/792] D_loss: 1.6559 G_loss: 0.7112
Epoch [17/20] Batch [630/792] D_loss: 1.6468 G_loss: 0.7032
Epoch [17/20] Batch [640/792] D_loss: 1.6709 G_loss: 0.6805
Epoch [17/20] Batch [650/792] D_loss: 1.6724 G_loss: 0.6928
Epoch [17/20] Batch [660/792] D_loss: 1.6691 G_loss: 0.7060
Epoch [17/20] Batch [670/792] D_loss: 1.6635 G_loss: 0.6939
Epoch [17/20] Batch [680/792] D_loss: 1.6570 G_loss: 0.6240
Epoch [17/20] Batch [690/792] D_loss: 1.6380 G_loss: 0.7174
Epoch [17/20] Batch [700/792] D_loss: 1.6814 G_loss: 0.6688
Epoch [17/20] Batch [710/792] D_loss: 1.6638 G_loss: 0.6877
Epoch [17/20] Batch [720/792] D_loss: 1.6522 G_loss: 0.7180
Epoch [17/20] Batch [730/792] D_loss: 1.6666 G_loss: 0.6898
Epoch [17/20] Batch [740/792] D_loss: 1.6485 G_loss: 0.7057
Epoch [17/20] Batch [750/792] D_loss: 1.6624 G_loss: 0.6751
Epoch [17/20] Batch [760/792] D_loss: 1.6678 G_loss: 0.7069
Epoch [17/20] Batch [770/792] D_loss: 1.6621 G_loss: 0.6754
Epoch [17/20] Batch [780/792] D_loss: 1.6756 G_loss: 0.6984
Epoch [17/20] Batch [790/792] D_loss: 1.6737 G_loss: 0.6554
Epoch [18/20] Batch [0/792] D_loss: 1.6823 G_loss: 0.6541
Epoch [18/20] Batch [10/792] D_loss: 1.6724 G_loss: 0.7291
Epoch [18/20] Batch [20/792] D_loss: 1.6437 G_loss: 0.7689
Epoch [18/20] Batch [30/792] D_loss: 1.6626 G_loss: 0.6847
Epoch [18/20] Batch [40/792] D_loss: 1.6636 G_loss: 0.7106
Epoch [18/20] Batch [50/792] D_loss: 1.6496 G_loss: 0.7013
Epoch [18/20] Batch [60/792] D_loss: 1.6744 G_loss: 0.6959
Epoch [18/20] Batch [70/792] D_loss: 1.6671 G_loss: 0.6784
Epoch [18/20] Batch [80/792] D_loss: 1.6523 G_loss: 0.6985
Epoch [18/20] Batch [90/792] D_loss: 1.6539 G_loss: 0.6914
Epoch [18/20] Batch [100/792] D_loss: 1.6638 G_loss: 0.6949
Epoch [18/20] Batch [110/792] D_loss: 1.6694 G_loss: 0.7631
Epoch [18/20] Batch [120/792] D_loss: 1.6773 G_loss: 0.6799
Epoch [18/20] Batch [130/792] D_loss: 1.6550 G_loss: 0.7004
Epoch [18/20] Batch [140/792] D_loss: 1.6626 G_loss: 0.6608
Epoch [18/20] Batch [150/792] D_loss: 1.6498 G_loss: 0.7598
Epoch [18/20] Batch [160/792] D_loss: 1.6573 G_loss: 0.6913
Epoch [18/20] Batch [170/792] D_loss: 1.6646 G_loss: 0.7116
Epoch [18/20] Batch [180/792] D_loss: 1.6581 G_loss: 0.7464
Epoch [18/20] Batch [190/792] D_loss: 1.6469 G_loss: 0.6892
Epoch [18/20] Batch [200/792] D_loss: 1.6614 G_loss: 0.6978
Epoch [18/20] Batch [210/792] D_loss: 1.6736 G_loss: 0.6345
Epoch [18/20] Batch [220/792] D_loss: 1.6581 G_loss: 0.7245
Epoch [18/20] Batch [230/792] D_loss: 1.7050 G_loss: 0.7051
Epoch [18/20] Batch [240/792] D_loss: 1.6827 G_loss: 0.6468
Epoch [18/20] Batch [250/792] D_loss: 1.6585 G_loss: 0.7268
Epoch [18/20] Batch [260/792] D_loss: 1.6628 G_loss: 0.6994
Epoch [18/20] Batch [270/792] D_loss: 1.6643 G_loss: 0.6878
Epoch [18/20] Batch [280/792] D_loss: 1.6562 G_loss: 0.7009
Epoch [18/20] Batch [290/792] D_loss: 1.6656 G_loss: 0.6890
Epoch [18/20] Batch [300/792] D_loss: 1.6498 G_loss: 0.6961
Epoch [18/20] Batch [310/792] D_loss: 1.6491 G_loss: 0.8339
Epoch [18/20] Batch [320/792] D_loss: 1.6726 G_loss: 0.6789
Epoch [18/20] Batch [330/792] D_loss: 1.6691 G_loss: 0.6490
Epoch [18/20] Batch [340/792] D_loss: 1.6417 G_loss: 0.7141
Epoch [18/20] Batch [350/792] D_loss: 1.6707 G_loss: 0.6860
Epoch [18/20] Batch [360/792] D_loss: 1.6798 G_loss: 0.6553
Epoch [18/20] Batch [370/792] D_loss: 1.6587 G_loss: 0.7744
Epoch [18/20] Batch [380/792] D_loss: 1.6543 G_loss: 0.6775
Epoch [18/20] Batch [390/792] D_loss: 1.6488 G_loss: 0.7032
Epoch [18/20] Batch [400/792] D_loss: 1.6584 G_loss: 0.6897
Epoch [18/20] Batch [410/792] D_loss: 1.6623 G_loss: 0.7046
Epoch [18/20] Batch [420/792] D_loss: 1.6553 G_loss: 0.6806
Epoch [18/20] Batch [430/792] D_loss: 1.6657 G_loss: 0.6632
Epoch [18/20] Batch [440/792] D_loss: 1.6481 G_loss: 0.7213
Epoch [18/20] Batch [450/792] D_loss: 1.6849 G_loss: 0.6714
Epoch [18/20] Batch [460/792] D_loss: 1.6707 G_loss: 0.7016
Epoch [18/20] Batch [470/792] D_loss: 1.6670 G_loss: 0.6448
Epoch [18/20] Batch [480/792] D_loss: 1.6459 G_loss: 0.7606
Epoch [18/20] Batch [490/792] D_loss: 1.6804 G_loss: 0.6833
Epoch [18/20] Batch [500/792] D_loss: 1.6673 G_loss: 0.6993
Epoch [18/20] Batch [510/792] D_loss: 1.6640 G_loss: 0.6953
Epoch [18/20] Batch [520/792] D_loss: 1.6700 G_loss: 0.6814
Epoch [18/20] Batch [530/792] D_loss: 1.6664 G_loss: 0.7008
Epoch [18/20] Batch [540/792] D_loss: 1.6620 G_loss: 0.7039
Epoch [18/20] Batch [550/792] D_loss: 1.6607 G_loss: 0.6871
Epoch [18/20] Batch [560/792] D_loss: 1.6830 G_loss: 0.6686
Epoch [18/20] Batch [570/792] D_loss: 1.6585 G_loss: 0.7051
Epoch [18/20] Batch [580/792] D_loss: 1.6733 G_loss: 0.7148
Epoch [18/20] Batch [590/792] D_loss: 1.6763 G_loss: 0.6888
Epoch [18/20] Batch [600/792] D_loss: 1.6583 G_loss: 0.7056
Epoch [18/20] Batch [610/792] D_loss: 1.6742 G_loss: 0.6556
Epoch [18/20] Batch [620/792] D_loss: 1.6630 G_loss: 0.7157
Epoch [18/20] Batch [630/792] D_loss: 1.6627 G_loss: 0.7279
Epoch [18/20] Batch [640/792] D_loss: 1.6727 G_loss: 0.6847
Epoch [18/20] Batch [650/792] D_loss: 1.6654 G_loss: 0.7143
Epoch [18/20] Batch [660/792] D_loss: 1.6373 G_loss: 0.7131
Epoch [18/20] Batch [670/792] D_loss: 1.6660 G_loss: 0.6669
Epoch [18/20] Batch [680/792] D_loss: 1.6287 G_loss: 0.7234
Epoch [18/20] Batch [690/792] D_loss: 1.6591 G_loss: 0.6810
Epoch [18/20] Batch [700/792] D_loss: 1.6617 G_loss: 0.7089
Epoch [18/20] Batch [710/792] D_loss: 1.6607 G_loss: 0.6829
Epoch [18/20] Batch [720/792] D_loss: 1.6554 G_loss: 0.6983
Epoch [18/20] Batch [730/792] D_loss: 1.6594 G_loss: 0.6872
Epoch [18/20] Batch [740/792] D_loss: 1.6309 G_loss: 0.7485
Epoch [18/20] Batch [750/792] D_loss: 1.6557 G_loss: 0.6958
Epoch [18/20] Batch [760/792] D_loss: 1.6650 G_loss: 0.7323
Epoch [18/20] Batch [770/792] D_loss: 1.6644 G_loss: 0.6644
Epoch [18/20] Batch [780/792] D_loss: 1.6702 G_loss: 0.7000
Epoch [18/20] Batch [790/792] D_loss: 1.6648 G_loss: 0.7232
Epoch [19/20] Batch [0/792] D_loss: 1.6533 G_loss: 0.7385
Epoch [19/20] Batch [10/792] D_loss: 1.6793 G_loss: 0.6682
Epoch [19/20] Batch [20/792] D_loss: 1.6469 G_loss: 0.7408
Epoch [19/20] Batch [30/792] D_loss: 1.6551 G_loss: 0.6786
Epoch [19/20] Batch [40/792] D_loss: 1.6711 G_loss: 0.7062
Epoch [19/20] Batch [50/792] D_loss: 1.6752 G_loss: 0.6747
Epoch [19/20] Batch [60/792] D_loss: 1.6231 G_loss: 0.7483
Epoch [19/20] Batch [70/792] D_loss: 1.6820 G_loss: 0.6961
Epoch [19/20] Batch [80/792] D_loss: 1.6901 G_loss: 0.6973
Epoch [19/20] Batch [90/792] D_loss: 1.6540 G_loss: 0.6594
Epoch [19/20] Batch [100/792] D_loss: 1.6656 G_loss: 0.7221
Epoch [19/20] Batch [110/792] D_loss: 1.6812 G_loss: 0.6752
Epoch [19/20] Batch [120/792] D_loss: 1.6375 G_loss: 0.7665
Epoch [19/20] Batch [130/792] D_loss: 1.6790 G_loss: 0.6556
Epoch [19/20] Batch [140/792] D_loss: 1.6697 G_loss: 0.6824
Epoch [19/20] Batch [150/792] D_loss: 1.6719 G_loss: 0.6819
Epoch [19/20] Batch [160/792] D_loss: 1.6861 G_loss: 0.6954
Epoch [19/20] Batch [170/792] D_loss: 1.6750 G_loss: 0.7026
Epoch [19/20] Batch [180/792] D_loss: 1.6584 G_loss: 0.7551
Epoch [19/20] Batch [190/792] D_loss: 1.6638 G_loss: 0.7493
Epoch [19/20] Batch [200/792] D_loss: 1.6730 G_loss: 0.6567
Epoch [19/20] Batch [210/792] D_loss: 1.6456 G_loss: 0.7508
Epoch [19/20] Batch [220/792] D_loss: 1.6714 G_loss: 0.6818
Epoch [19/20] Batch [230/792] D_loss: 1.6646 G_loss: 0.6800
Epoch [19/20] Batch [240/792] D_loss: 1.6569 G_loss: 0.7447
Epoch [19/20] Batch [250/792] D_loss: 1.6552 G_loss: 0.7132
Epoch [19/20] Batch [260/792] D_loss: 1.6636 G_loss: 0.6899
Epoch [19/20] Batch [270/792] D_loss: 1.6573 G_loss: 0.6917
Epoch [19/20] Batch [280/792] D_loss: 1.6384 G_loss: 0.7012
Epoch [19/20] Batch [290/792] D_loss: 1.6551 G_loss: 0.7079
Epoch [19/20] Batch [300/792] D_loss: 1.6805 G_loss: 0.6666
Epoch [19/20] Batch [310/792] D_loss: 1.6438 G_loss: 0.7279
Epoch [19/20] Batch [320/792] D_loss: 1.6683 G_loss: 0.6775
Epoch [19/20] Batch [330/792] D_loss: 1.6481 G_loss: 0.7233
Epoch [19/20] Batch [340/792] D_loss: 1.6651 G_loss: 0.7338
Epoch [19/20] Batch [350/792] D_loss: 1.6707 G_loss: 0.6780
Epoch [19/20] Batch [360/792] D_loss: 1.6365 G_loss: 0.7345
Epoch [19/20] Batch [370/792] D_loss: 1.6702 G_loss: 0.6885
Epoch [19/20] Batch [380/792] D_loss: 1.6627 G_loss: 0.6901
Epoch [19/20] Batch [390/792] D_loss: 1.6751 G_loss: 0.6807
Epoch [19/20] Batch [400/792] D_loss: 1.6578 G_loss: 0.7034
Epoch [19/20] Batch [410/792] D_loss: 1.6609 G_loss: 0.7000
Epoch [19/20] Batch [420/792] D_loss: 1.6722 G_loss: 0.6665
Epoch [19/20] Batch [430/792] D_loss: 1.6478 G_loss: 0.7188
Epoch [19/20] Batch [440/792] D_loss: 1.6684 G_loss: 0.6904
Epoch [19/20] Batch [450/792] D_loss: 1.6753 G_loss: 0.7257
Epoch [19/20] Batch [460/792] D_loss: 1.6532 G_loss: 0.6781
Epoch [19/20] Batch [470/792] D_loss: 1.6653 G_loss: 0.7214
Epoch [19/20] Batch [480/792] D_loss: 1.6740 G_loss: 0.6829
Epoch [19/20] Batch [490/792] D_loss: 1.6559 G_loss: 0.7148
Epoch [19/20] Batch [500/792] D_loss: 1.6686 G_loss: 0.6661
Epoch [19/20] Batch [510/792] D_loss: 1.6697 G_loss: 0.7224
Epoch [19/20] Batch [520/792] D_loss: 1.6838 G_loss: 0.7990
Epoch [19/20] Batch [530/792] D_loss: 1.6462 G_loss: 0.7419
Epoch [19/20] Batch [540/792] D_loss: 1.6816 G_loss: 0.6890
Epoch [19/20] Batch [550/792] D_loss: 1.6615 G_loss: 0.7101
Epoch [19/20] Batch [560/792] D_loss: 1.6861 G_loss: 0.6835
Epoch [19/20] Batch [570/792] D_loss: 1.6605 G_loss: 0.7257
Epoch [19/20] Batch [580/792] D_loss: 1.6675 G_loss: 0.6868
Epoch [19/20] Batch [590/792] D_loss: 1.6652 G_loss: 0.6741
Epoch [19/20] Batch [600/792] D_loss: 1.6425 G_loss: 0.7257
Epoch [19/20] Batch [610/792] D_loss: 1.6665 G_loss: 0.7052
Epoch [19/20] Batch [620/792] D_loss: 1.6593 G_loss: 0.7697
Epoch [19/20] Batch [630/792] D_loss: 1.6600 G_loss: 0.6916
Epoch [19/20] Batch [640/792] D_loss: 1.6641 G_loss: 0.6872
Epoch [19/20] Batch [650/792] D_loss: 1.6486 G_loss: 0.6981
Epoch [19/20] Batch [660/792] D_loss: 1.6684 G_loss: 0.6930
Epoch [19/20] Batch [670/792] D_loss: 1.6650 G_loss: 0.6978
Epoch [19/20] Batch [680/792] D_loss: 1.6489 G_loss: 0.7128
Epoch [19/20] Batch [690/792] D_loss: 1.6546 G_loss: 0.6962
Epoch [19/20] Batch [700/792] D_loss: 1.6651 G_loss: 0.6816
Epoch [19/20] Batch [710/792] D_loss: 1.6751 G_loss: 0.7103
Epoch [19/20] Batch [720/792] D_loss: 1.6484 G_loss: 0.7151
Epoch [19/20] Batch [730/792] D_loss: 1.6539 G_loss: 0.7048
Epoch [19/20] Batch [740/792] D_loss: 1.6504 G_loss: 0.6911
Epoch [19/20] Batch [750/792] D_loss: 1.6734 G_loss: 0.6738
Epoch [19/20] Batch [760/792] D_loss: 1.6473 G_loss: 0.7096
Epoch [19/20] Batch [770/792] D_loss: 1.6639 G_loss: 0.7153
Epoch [19/20] Batch [780/792] D_loss: 1.6625 G_loss: 0.6779
Epoch [19/20] Batch [790/792] D_loss: 1.6559 G_loss: 0.7055
Saving checkpoint at epoch 19...
Model saved to /home/sar0033/blindscrambler/scripts/models/models_gan_epoch_19.onnx
Epoch [20/20] Batch [0/792] D_loss: 1.6604 G_loss: 0.7088
Epoch [20/20] Batch [10/792] D_loss: 1.6603 G_loss: 0.6798
Epoch [20/20] Batch [20/792] D_loss: 1.6567 G_loss: 0.7180
Epoch [20/20] Batch [30/792] D_loss: 1.6681 G_loss: 0.6928
Epoch [20/20] Batch [40/792] D_loss: 1.6573 G_loss: 0.6878
Epoch [20/20] Batch [50/792] D_loss: 1.6450 G_loss: 0.6890
Epoch [20/20] Batch [60/792] D_loss: 1.6707 G_loss: 0.6833
Epoch [20/20] Batch [70/792] D_loss: 1.6532 G_loss: 0.7845
Epoch [20/20] Batch [80/792] D_loss: 1.6649 G_loss: 0.7000
Epoch [20/20] Batch [90/792] D_loss: 1.6646 G_loss: 0.6858
Epoch [20/20] Batch [100/792] D_loss: 1.6603 G_loss: 0.7105
Epoch [20/20] Batch [110/792] D_loss: 1.6545 G_loss: 0.7089
Epoch [20/20] Batch [120/792] D_loss: 1.6766 G_loss: 0.6831
Epoch [20/20] Batch [130/792] D_loss: 1.6651 G_loss: 0.6896
Epoch [20/20] Batch [140/792] D_loss: 1.6548 G_loss: 0.7187
Epoch [20/20] Batch [150/792] D_loss: 1.6672 G_loss: 0.6980
Epoch [20/20] Batch [160/792] D_loss: 1.6751 G_loss: 0.7412
Epoch [20/20] Batch [170/792] D_loss: 1.6597 G_loss: 0.6617
Epoch [20/20] Batch [180/792] D_loss: 1.6594 G_loss: 0.7259
Epoch [20/20] Batch [190/792] D_loss: 1.6250 G_loss: 0.7105
Epoch [20/20] Batch [200/792] D_loss: 1.6743 G_loss: 0.6874
Epoch [20/20] Batch [210/792] D_loss: 1.6760 G_loss: 0.6542
Epoch [20/20] Batch [220/792] D_loss: 1.6486 G_loss: 0.7280
Epoch [20/20] Batch [230/792] D_loss: 1.6592 G_loss: 0.6936
Epoch [20/20] Batch [240/792] D_loss: 1.6605 G_loss: 0.7008
Epoch [20/20] Batch [250/792] D_loss: 1.6644 G_loss: 0.6950
Epoch [20/20] Batch [260/792] D_loss: 1.6763 G_loss: 0.7086
Epoch [20/20] Batch [270/792] D_loss: 1.6665 G_loss: 0.7078
Epoch [20/20] Batch [280/792] D_loss: 1.6651 G_loss: 0.7117
Epoch [20/20] Batch [290/792] D_loss: 1.6530 G_loss: 0.7033
Epoch [20/20] Batch [300/792] D_loss: 1.6274 G_loss: 0.7186
Epoch [20/20] Batch [310/792] D_loss: 1.6539 G_loss: 0.7017
Epoch [20/20] Batch [320/792] D_loss: 1.6748 G_loss: 0.6847
Epoch [20/20] Batch [330/792] D_loss: 1.6649 G_loss: 0.7088
Epoch [20/20] Batch [340/792] D_loss: 1.6729 G_loss: 0.6594
Epoch [20/20] Batch [350/792] D_loss: 1.6622 G_loss: 0.7379
Epoch [20/20] Batch [360/792] D_loss: 1.6740 G_loss: 0.6740
Epoch [20/20] Batch [370/792] D_loss: 1.6660 G_loss: 0.6981
Epoch [20/20] Batch [380/792] D_loss: 1.6647 G_loss: 0.6866
Epoch [20/20] Batch [390/792] D_loss: 1.6626 G_loss: 0.6899
Epoch [20/20] Batch [400/792] D_loss: 1.6506 G_loss: 0.6933
Epoch [20/20] Batch [410/792] D_loss: 1.6633 G_loss: 0.7262
Epoch [20/20] Batch [420/792] D_loss: 1.6652 G_loss: 0.6985
Epoch [20/20] Batch [430/792] D_loss: 1.6410 G_loss: 0.7253
Epoch [20/20] Batch [440/792] D_loss: 1.6712 G_loss: 0.6849
Epoch [20/20] Batch [450/792] D_loss: 1.6514 G_loss: 0.7215
Epoch [20/20] Batch [460/792] D_loss: 1.6518 G_loss: 0.7138
Epoch [20/20] Batch [470/792] D_loss: 1.6676 G_loss: 0.6933
Epoch [20/20] Batch [480/792] D_loss: 1.6577 G_loss: 0.7037
Epoch [20/20] Batch [490/792] D_loss: 1.6530 G_loss: 0.7124
Epoch [20/20] Batch [500/792] D_loss: 1.6544 G_loss: 0.6925
Epoch [20/20] Batch [510/792] D_loss: 1.6022 G_loss: 0.6997
Epoch [20/20] Batch [520/792] D_loss: 1.6701 G_loss: 0.7044
Epoch [20/20] Batch [530/792] D_loss: 1.6660 G_loss: 0.7002
Epoch [20/20] Batch [540/792] D_loss: 1.6735 G_loss: 0.6996
Epoch [20/20] Batch [550/792] D_loss: 1.6580 G_loss: 0.7102
Epoch [20/20] Batch [560/792] D_loss: 1.6684 G_loss: 0.7019
Epoch [20/20] Batch [570/792] D_loss: 1.6600 G_loss: 0.6983
Epoch [20/20] Batch [580/792] D_loss: 1.6674 G_loss: 0.6979
Epoch [20/20] Batch [590/792] D_loss: 1.6745 G_loss: 0.6686
Epoch [20/20] Batch [600/792] D_loss: 1.6626 G_loss: 0.7099
Epoch [20/20] Batch [610/792] D_loss: 1.6706 G_loss: 0.7030
Epoch [20/20] Batch [620/792] D_loss: 1.6570 G_loss: 0.6843
Epoch [20/20] Batch [630/792] D_loss: 1.6581 G_loss: 0.7047
Epoch [20/20] Batch [640/792] D_loss: 1.6735 G_loss: 0.6622
Epoch [20/20] Batch [650/792] D_loss: 1.6702 G_loss: 0.7126
Epoch [20/20] Batch [660/792] D_loss: 1.6582 G_loss: 0.7197
Epoch [20/20] Batch [670/792] D_loss: 1.6654 G_loss: 0.6972
Epoch [20/20] Batch [680/792] D_loss: 1.6155 G_loss: 0.6517
Epoch [20/20] Batch [690/792] D_loss: 1.6442 G_loss: 0.6878
Epoch [20/20] Batch [700/792] D_loss: 1.6660 G_loss: 0.6985
Epoch [20/20] Batch [710/792] D_loss: 1.6618 G_loss: 0.6894
Epoch [20/20] Batch [720/792] D_loss: 1.6240 G_loss: 0.7307
Epoch [20/20] Batch [730/792] D_loss: 1.6629 G_loss: 0.7021
Epoch [20/20] Batch [740/792] D_loss: 1.6633 G_loss: 0.6989
Epoch [20/20] Batch [750/792] D_loss: 1.6720 G_loss: 0.6998
Epoch [20/20] Batch [760/792] D_loss: 1.6684 G_loss: 0.6973
Epoch [20/20] Batch [770/792] D_loss: 1.6407 G_loss: 0.7108
Epoch [20/20] Batch [780/792] D_loss: 1.6185 G_loss: 0.7324
Epoch [20/20] Batch [790/792] D_loss: 1.6589 G_loss: 0.6982
Saving final model and samples at 20...
Model saved to /home/sar0033/blindscrambler/scripts/models/models_gan_epoch_20.onnx
2026-04-28 17:56:07,661 - INFO - GAN training completed
2026-04-28 17:56:07,661 - INFO - Training pipeline completed
