Starting Generator Model Training at Sat Apr 25 07:01:28 PM CDT 2026
Model: vae
Epochs: 20
Batch Size: 64
Learning Rate: 0.002
Data Fraction: 0.25
Process ID: 3029775
======================================================
Python Process PID: 3029781
2026-04-25 19:01:34,416 - INFO - Selected GPU: 0
2026-04-25 19:01:35,605 - INFO - Dataset size: 50649 images
2026-04-25 19:02:46,166 - INFO - Batch shape: torch.Size([64, 3, 64, 64])
2026-04-25 19:02:46,168 - INFO - Batch range: [0.00, 1.00]
2026-04-25 19:02:46,457 - INFO - Models and optimizers initialized
2026-04-25 19:02:46,457 - INFO - Starting VAE training...
Epoch [1/20] Batch [0/792] Loss: 8612.7012
Epoch [1/20] Batch [10/792] Loss: 7948.8086
Epoch [1/20] Batch [20/792] Loss: 7558.7124
Epoch [1/20] Batch [30/792] Loss: 7559.4248
Epoch [1/20] Batch [40/792] Loss: 6984.9653
Epoch [1/20] Batch [50/792] Loss: 7252.2544
Epoch [1/20] Batch [60/792] Loss: 6989.8760
Epoch [1/20] Batch [70/792] Loss: 7177.0474
Epoch [1/20] Batch [80/792] Loss: 6945.4287
Epoch [1/20] Batch [90/792] Loss: 6902.5498
Epoch [1/20] Batch [100/792] Loss: 6872.6177
Epoch [1/20] Batch [110/792] Loss: 6924.5122
Epoch [1/20] Batch [120/792] Loss: 6948.2529
Epoch [1/20] Batch [130/792] Loss: 6753.4736
Epoch [1/20] Batch [140/792] Loss: 6848.4912
Epoch [1/20] Batch [150/792] Loss: 6486.9531
Epoch [1/20] Batch [160/792] Loss: 6686.7046
Epoch [1/20] Batch [170/792] Loss: 6682.9580
Epoch [1/20] Batch [180/792] Loss: 6901.0439
Epoch [1/20] Batch [190/792] Loss: 6784.5698
Epoch [1/20] Batch [200/792] Loss: 6611.9512
Epoch [1/20] Batch [210/792] Loss: 6727.5957
Epoch [1/20] Batch [220/792] Loss: 6727.8423
Epoch [1/20] Batch [230/792] Loss: 6879.3008
Epoch [1/20] Batch [240/792] Loss: 6820.0186
Epoch [1/20] Batch [250/792] Loss: 6745.0254
Epoch [1/20] Batch [260/792] Loss: 6591.3936
Epoch [1/20] Batch [270/792] Loss: 6446.1846
Epoch [1/20] Batch [280/792] Loss: 6800.9243
Epoch [1/20] Batch [290/792] Loss: 6548.6924
Epoch [1/20] Batch [300/792] Loss: 6540.2173
Epoch [1/20] Batch [310/792] Loss: 6551.6309
Epoch [1/20] Batch [320/792] Loss: 6769.5342
Epoch [1/20] Batch [330/792] Loss: 6498.1787
Epoch [1/20] Batch [340/792] Loss: 6489.0981
Epoch [1/20] Batch [350/792] Loss: 6549.6260
Epoch [1/20] Batch [360/792] Loss: 6621.1406
Epoch [1/20] Batch [370/792] Loss: 6636.7012
Epoch [1/20] Batch [380/792] Loss: 6635.0205
Epoch [1/20] Batch [390/792] Loss: 6513.4902
Epoch [1/20] Batch [400/792] Loss: 6798.9180
Epoch [1/20] Batch [410/792] Loss: 6611.9062
Epoch [1/20] Batch [420/792] Loss: 6598.5420
Epoch [1/20] Batch [430/792] Loss: 6490.3223
Epoch [1/20] Batch [440/792] Loss: 6686.6006
Epoch [1/20] Batch [450/792] Loss: 6710.3975
Epoch [1/20] Batch [460/792] Loss: 6693.6924
Epoch [1/20] Batch [470/792] Loss: 6550.0713
Epoch [1/20] Batch [480/792] Loss: 6578.5581
Epoch [1/20] Batch [490/792] Loss: 6487.0405
Epoch [1/20] Batch [500/792] Loss: 6583.8647
Epoch [1/20] Batch [510/792] Loss: 6428.7773
Epoch [1/20] Batch [520/792] Loss: 6394.6250
Epoch [1/20] Batch [530/792] Loss: 6365.4194
Epoch [1/20] Batch [540/792] Loss: 6411.2876
Epoch [1/20] Batch [550/792] Loss: 6428.1357
Epoch [1/20] Batch [560/792] Loss: 6549.3779
Epoch [1/20] Batch [570/792] Loss: 6438.4712
Epoch [1/20] Batch [580/792] Loss: 6513.7227
Epoch [1/20] Batch [590/792] Loss: 6525.1152
Epoch [1/20] Batch [600/792] Loss: 6491.0449
Epoch [1/20] Batch [610/792] Loss: 6540.8711
Epoch [1/20] Batch [620/792] Loss: 6597.2417
Epoch [1/20] Batch [630/792] Loss: 6362.1851
Epoch [1/20] Batch [640/792] Loss: 6394.9629
Epoch [1/20] Batch [650/792] Loss: 6480.1406
Epoch [1/20] Batch [660/792] Loss: 6560.8350
Epoch [1/20] Batch [670/792] Loss: 6375.4692
Epoch [1/20] Batch [680/792] Loss: 6405.8311
Epoch [1/20] Batch [690/792] Loss: 6358.5845
Epoch [1/20] Batch [700/792] Loss: 6327.8789
Epoch [1/20] Batch [710/792] Loss: 6482.2563
Epoch [1/20] Batch [720/792] Loss: 6661.5195
Epoch [1/20] Batch [730/792] Loss: 6499.2832
Epoch [1/20] Batch [740/792] Loss: 6404.6406
Epoch [1/20] Batch [750/792] Loss: 6436.9648
Epoch [1/20] Batch [760/792] Loss: 6619.6099
Epoch [1/20] Batch [770/792] Loss: 6449.2417
Epoch [1/20] Batch [780/792] Loss: 6450.9883
Epoch [1/20] Batch [790/792] Loss: 6465.9771
====> Epoch 1 Average loss: 6689.2822 (KL beta: 0.000)
Saving checkpoint at epoch 1...
Model saved to /home/sar0033/blindscrambler/scripts/models/models_vae_epoch_1.onnx
Epoch [2/20] Batch [0/792] Loss: 6503.8008
Epoch [2/20] Batch [10/792] Loss: 6447.5840
Epoch [2/20] Batch [20/792] Loss: 6295.3359
Epoch [2/20] Batch [30/792] Loss: 6416.4009
Epoch [2/20] Batch [40/792] Loss: 6472.9526
Epoch [2/20] Batch [50/792] Loss: 6270.1787
Epoch [2/20] Batch [60/792] Loss: 6508.4668
Epoch [2/20] Batch [70/792] Loss: 6531.7744
Epoch [2/20] Batch [80/792] Loss: 6312.1494
Epoch [2/20] Batch [90/792] Loss: 6381.4629
Epoch [2/20] Batch [100/792] Loss: 6415.3232
Epoch [2/20] Batch [110/792] Loss: 6343.3403
Epoch [2/20] Batch [120/792] Loss: 6545.6978
Epoch [2/20] Batch [130/792] Loss: 6661.3809
Epoch [2/20] Batch [140/792] Loss: 6448.5342
Epoch [2/20] Batch [150/792] Loss: 6537.5278
Epoch [2/20] Batch [160/792] Loss: 6368.0425
Epoch [2/20] Batch [170/792] Loss: 6327.6719
Epoch [2/20] Batch [180/792] Loss: 6416.9863
Epoch [2/20] Batch [190/792] Loss: 6552.8911
Epoch [2/20] Batch [200/792] Loss: 6263.5146
Epoch [2/20] Batch [210/792] Loss: 6492.9014
Epoch [2/20] Batch [220/792] Loss: 6596.9307
Epoch [2/20] Batch [230/792] Loss: 6454.1748
Epoch [2/20] Batch [240/792] Loss: 6150.2642
Epoch [2/20] Batch [250/792] Loss: 6379.7178
Epoch [2/20] Batch [260/792] Loss: 6263.2729
Epoch [2/20] Batch [270/792] Loss: 6397.2046
Epoch [2/20] Batch [280/792] Loss: 6520.5332
Epoch [2/20] Batch [290/792] Loss: 6268.1304
Epoch [2/20] Batch [300/792] Loss: 6399.7002
Epoch [2/20] Batch [310/792] Loss: 6391.6016
Epoch [2/20] Batch [320/792] Loss: 6375.2881
Epoch [2/20] Batch [330/792] Loss: 6238.5874
Epoch [2/20] Batch [340/792] Loss: 6578.6064
Epoch [2/20] Batch [350/792] Loss: 6505.5659
Epoch [2/20] Batch [360/792] Loss: 6380.2056
Epoch [2/20] Batch [370/792] Loss: 6443.3696
Epoch [2/20] Batch [380/792] Loss: 6440.3159
Epoch [2/20] Batch [390/792] Loss: 6278.4712
Epoch [2/20] Batch [400/792] Loss: 6366.7490
Epoch [2/20] Batch [410/792] Loss: 6421.5601
Epoch [2/20] Batch [420/792] Loss: 6596.8672
Epoch [2/20] Batch [430/792] Loss: 6507.5449
Epoch [2/20] Batch [440/792] Loss: 6548.3706
Epoch [2/20] Batch [450/792] Loss: 6566.9380
Epoch [2/20] Batch [460/792] Loss: 6482.4463
Epoch [2/20] Batch [470/792] Loss: 6477.1572
Epoch [2/20] Batch [480/792] Loss: 6602.1816
Epoch [2/20] Batch [490/792] Loss: 6467.3423
Epoch [2/20] Batch [500/792] Loss: 6402.5371
Epoch [2/20] Batch [510/792] Loss: 6616.6948
Epoch [2/20] Batch [520/792] Loss: 6446.1851
Epoch [2/20] Batch [530/792] Loss: 6429.5996
Epoch [2/20] Batch [540/792] Loss: 6414.3896
Epoch [2/20] Batch [550/792] Loss: 6407.9395
Epoch [2/20] Batch [560/792] Loss: 6299.5693
Epoch [2/20] Batch [570/792] Loss: 6523.9204
Epoch [2/20] Batch [580/792] Loss: 6628.0806
Epoch [2/20] Batch [590/792] Loss: 6568.7070
Epoch [2/20] Batch [600/792] Loss: 6428.9570
Epoch [2/20] Batch [610/792] Loss: 6703.0249
Epoch [2/20] Batch [620/792] Loss: 6667.2510
Epoch [2/20] Batch [630/792] Loss: 6355.5278
Epoch [2/20] Batch [640/792] Loss: 6394.1924
Epoch [2/20] Batch [650/792] Loss: 6337.2056
Epoch [2/20] Batch [660/792] Loss: 6392.2632
Epoch [2/20] Batch [670/792] Loss: 6582.8091
Epoch [2/20] Batch [680/792] Loss: 6161.7788
Epoch [2/20] Batch [690/792] Loss: 6575.8521
Epoch [2/20] Batch [700/792] Loss: 6410.9893
Epoch [2/20] Batch [710/792] Loss: 6343.4819
Epoch [2/20] Batch [720/792] Loss: 6398.5781
Epoch [2/20] Batch [730/792] Loss: 6408.7729
Epoch [2/20] Batch [740/792] Loss: 6306.4360
Epoch [2/20] Batch [750/792] Loss: 6383.6191
Epoch [2/20] Batch [760/792] Loss: 6498.1221
Epoch [2/20] Batch [770/792] Loss: 6443.4482
Epoch [2/20] Batch [780/792] Loss: 6321.2383
Epoch [2/20] Batch [790/792] Loss: 6240.1768
====> Epoch 2 Average loss: 6444.8571 (KL beta: 0.100)
Epoch [3/20] Batch [0/792] Loss: 6266.8389
Epoch [3/20] Batch [10/792] Loss: 6329.3154
Epoch [3/20] Batch [20/792] Loss: 6333.5371
Epoch [3/20] Batch [30/792] Loss: 6388.4761
Epoch [3/20] Batch [40/792] Loss: 6397.8667
Epoch [3/20] Batch [50/792] Loss: 6238.2988
Epoch [3/20] Batch [60/792] Loss: 6556.5811
Epoch [3/20] Batch [70/792] Loss: 6680.7734
Epoch [3/20] Batch [80/792] Loss: 6458.6855
Epoch [3/20] Batch [90/792] Loss: 6421.0400
Epoch [3/20] Batch [100/792] Loss: 6291.4673
Epoch [3/20] Batch [110/792] Loss: 6387.2798
Epoch [3/20] Batch [120/792] Loss: 6462.3081
Epoch [3/20] Batch [130/792] Loss: 6369.2056
Epoch [3/20] Batch [140/792] Loss: 6545.1987
Epoch [3/20] Batch [150/792] Loss: 6383.6147
Epoch [3/20] Batch [160/792] Loss: 6303.8350
Epoch [3/20] Batch [170/792] Loss: 6547.5967
Epoch [3/20] Batch [180/792] Loss: 6376.2134
Epoch [3/20] Batch [190/792] Loss: 6573.3232
Epoch [3/20] Batch [200/792] Loss: 6489.0073
Epoch [3/20] Batch [210/792] Loss: 6507.4800
Epoch [3/20] Batch [220/792] Loss: 6402.3442
Epoch [3/20] Batch [230/792] Loss: 6316.1611
Epoch [3/20] Batch [240/792] Loss: 6477.6763
Epoch [3/20] Batch [250/792] Loss: 6423.1602
Epoch [3/20] Batch [260/792] Loss: 6623.4824
Epoch [3/20] Batch [270/792] Loss: 6504.6768
Epoch [3/20] Batch [280/792] Loss: 6425.9507
Epoch [3/20] Batch [290/792] Loss: 6591.1011
Epoch [3/20] Batch [300/792] Loss: 6420.1235
Epoch [3/20] Batch [310/792] Loss: 6714.0068
Epoch [3/20] Batch [320/792] Loss: 6451.7329
Epoch [3/20] Batch [330/792] Loss: 6170.2622
Epoch [3/20] Batch [340/792] Loss: 6701.7246
Epoch [3/20] Batch [350/792] Loss: 6495.5283
Epoch [3/20] Batch [360/792] Loss: 6339.1553
Epoch [3/20] Batch [370/792] Loss: 6352.5078
Epoch [3/20] Batch [380/792] Loss: 6373.2109
Epoch [3/20] Batch [390/792] Loss: 6512.7500
Epoch [3/20] Batch [400/792] Loss: 6317.0322
Epoch [3/20] Batch [410/792] Loss: 6416.2031
Epoch [3/20] Batch [420/792] Loss: 6317.5332
Epoch [3/20] Batch [430/792] Loss: 6303.4863
Epoch [3/20] Batch [440/792] Loss: 6451.9932
Epoch [3/20] Batch [450/792] Loss: 6429.5088
Epoch [3/20] Batch [460/792] Loss: 6472.4907
Epoch [3/20] Batch [470/792] Loss: 6432.7720
Epoch [3/20] Batch [480/792] Loss: 6381.1162
Epoch [3/20] Batch [490/792] Loss: 6478.9014
Epoch [3/20] Batch [500/792] Loss: 6595.6821
Epoch [3/20] Batch [510/792] Loss: 6457.2627
Epoch [3/20] Batch [520/792] Loss: 6338.3994
Epoch [3/20] Batch [530/792] Loss: 6421.6494
Epoch [3/20] Batch [540/792] Loss: 6527.2920
Epoch [3/20] Batch [550/792] Loss: 6362.5620
Epoch [3/20] Batch [560/792] Loss: 6573.1553
Epoch [3/20] Batch [570/792] Loss: 6342.7612
Epoch [3/20] Batch [580/792] Loss: 6367.4658
Epoch [3/20] Batch [590/792] Loss: 6273.4561
Epoch [3/20] Batch [600/792] Loss: 6293.2241
Epoch [3/20] Batch [610/792] Loss: 6392.5991
Epoch [3/20] Batch [620/792] Loss: 6544.5093
Epoch [3/20] Batch [630/792] Loss: 6361.7764
Epoch [3/20] Batch [640/792] Loss: 6547.4751
Epoch [3/20] Batch [650/792] Loss: 6376.2417
Epoch [3/20] Batch [660/792] Loss: 6520.1196
Epoch [3/20] Batch [670/792] Loss: 6460.1558
Epoch [3/20] Batch [680/792] Loss: 6486.8486
Epoch [3/20] Batch [690/792] Loss: 6381.6367
Epoch [3/20] Batch [700/792] Loss: 6505.7461
Epoch [3/20] Batch [710/792] Loss: 6331.1924
Epoch [3/20] Batch [720/792] Loss: 6355.9092
Epoch [3/20] Batch [730/792] Loss: 6497.8096
Epoch [3/20] Batch [740/792] Loss: 6338.6802
Epoch [3/20] Batch [750/792] Loss: 6488.1870
Epoch [3/20] Batch [760/792] Loss: 6577.6938
Epoch [3/20] Batch [770/792] Loss: 6595.2734
Epoch [3/20] Batch [780/792] Loss: 6448.2168
Epoch [3/20] Batch [790/792] Loss: 6399.1694
====> Epoch 3 Average loss: 6425.3484 (KL beta: 0.200)
Epoch [4/20] Batch [0/792] Loss: 6281.3833
Epoch [4/20] Batch [10/792] Loss: 6362.7061
Epoch [4/20] Batch [20/792] Loss: 6410.0259
Epoch [4/20] Batch [30/792] Loss: 6495.5293
Epoch [4/20] Batch [40/792] Loss: 6781.5259
Epoch [4/20] Batch [50/792] Loss: 6638.0312
Epoch [4/20] Batch [60/792] Loss: 6337.4023
Epoch [4/20] Batch [70/792] Loss: 6473.9990
Epoch [4/20] Batch [80/792] Loss: 6261.5176
Epoch [4/20] Batch [90/792] Loss: 6424.5562
Epoch [4/20] Batch [100/792] Loss: 6410.7725
Epoch [4/20] Batch [110/792] Loss: 6387.3301
Epoch [4/20] Batch [120/792] Loss: 6514.2559
Epoch [4/20] Batch [130/792] Loss: 6337.2510
Epoch [4/20] Batch [140/792] Loss: 6439.5132
Epoch [4/20] Batch [150/792] Loss: 6477.6699
Epoch [4/20] Batch [160/792] Loss: 6480.9648
Epoch [4/20] Batch [170/792] Loss: 6490.9736
Epoch [4/20] Batch [180/792] Loss: 6216.0854
Epoch [4/20] Batch [190/792] Loss: 6242.7075
Epoch [4/20] Batch [200/792] Loss: 6507.9214
Epoch [4/20] Batch [210/792] Loss: 6415.9624
Epoch [4/20] Batch [220/792] Loss: 6167.3525
Epoch [4/20] Batch [230/792] Loss: 6417.2461
Epoch [4/20] Batch [240/792] Loss: 6301.4062
Epoch [4/20] Batch [250/792] Loss: 6474.2661
Epoch [4/20] Batch [260/792] Loss: 6633.4727
Epoch [4/20] Batch [270/792] Loss: 6484.7007
Epoch [4/20] Batch [280/792] Loss: 6581.4980
Epoch [4/20] Batch [290/792] Loss: 6676.8696
Epoch [4/20] Batch [300/792] Loss: 6479.3374
Epoch [4/20] Batch [310/792] Loss: 6465.5488
Epoch [4/20] Batch [320/792] Loss: 6406.9097
Epoch [4/20] Batch [330/792] Loss: 6451.4614
Epoch [4/20] Batch [340/792] Loss: 6536.7095
Epoch [4/20] Batch [350/792] Loss: 6292.2607
Epoch [4/20] Batch [360/792] Loss: 6178.4053
Epoch [4/20] Batch [370/792] Loss: 6367.0034
Epoch [4/20] Batch [380/792] Loss: 6381.4053
Epoch [4/20] Batch [390/792] Loss: 6427.7671
Epoch [4/20] Batch [400/792] Loss: 6292.7456
Epoch [4/20] Batch [410/792] Loss: 6305.8687
Epoch [4/20] Batch [420/792] Loss: 6395.7617
Epoch [4/20] Batch [430/792] Loss: 6227.5742
Epoch [4/20] Batch [440/792] Loss: 6570.6680
Epoch [4/20] Batch [450/792] Loss: 6303.5161
Epoch [4/20] Batch [460/792] Loss: 6285.4141
Epoch [4/20] Batch [470/792] Loss: 6431.8154
Epoch [4/20] Batch [480/792] Loss: 6204.5581
Epoch [4/20] Batch [490/792] Loss: 6429.5337
Epoch [4/20] Batch [500/792] Loss: 6408.9434
Epoch [4/20] Batch [510/792] Loss: 6212.3486
Epoch [4/20] Batch [520/792] Loss: 6407.3062
Epoch [4/20] Batch [530/792] Loss: 6325.4839
Epoch [4/20] Batch [540/792] Loss: 6373.5112
Epoch [4/20] Batch [550/792] Loss: 6222.8843
Epoch [4/20] Batch [560/792] Loss: 6492.4946
Epoch [4/20] Batch [570/792] Loss: 6370.8613
Epoch [4/20] Batch [580/792] Loss: 6467.2622
Epoch [4/20] Batch [590/792] Loss: 6580.2539
Epoch [4/20] Batch [600/792] Loss: 6429.6675
Epoch [4/20] Batch [610/792] Loss: 6321.5308
Epoch [4/20] Batch [620/792] Loss: 6505.1602
Epoch [4/20] Batch [630/792] Loss: 6465.5068
Epoch [4/20] Batch [640/792] Loss: 6415.7725
Epoch [4/20] Batch [650/792] Loss: 6252.8208
Epoch [4/20] Batch [660/792] Loss: 6497.6484
Epoch [4/20] Batch [670/792] Loss: 6518.3545
Epoch [4/20] Batch [680/792] Loss: 6679.8740
Epoch [4/20] Batch [690/792] Loss: 6492.0278
Epoch [4/20] Batch [700/792] Loss: 6332.6826
Epoch [4/20] Batch [710/792] Loss: 6348.1274
Epoch [4/20] Batch [720/792] Loss: 6450.8110
Epoch [4/20] Batch [730/792] Loss: 6286.4990
Epoch [4/20] Batch [740/792] Loss: 6487.0859
Epoch [4/20] Batch [750/792] Loss: 6610.4883
Epoch [4/20] Batch [760/792] Loss: 6497.8647
Epoch [4/20] Batch [770/792] Loss: 6405.5576
Epoch [4/20] Batch [780/792] Loss: 6404.9829
Epoch [4/20] Batch [790/792] Loss: 6336.4766
====> Epoch 4 Average loss: 6424.5830 (KL beta: 0.300)
Saving checkpoint at epoch 4...
Model saved to /home/sar0033/blindscrambler/scripts/models/models_vae_epoch_4.onnx
Epoch [5/20] Batch [0/792] Loss: 6329.2856
Epoch [5/20] Batch [10/792] Loss: 6549.7412
Epoch [5/20] Batch [20/792] Loss: 6624.9429
Epoch [5/20] Batch [30/792] Loss: 6419.3721
Epoch [5/20] Batch [40/792] Loss: 6440.0923
Epoch [5/20] Batch [50/792] Loss: 6534.9243
Epoch [5/20] Batch [60/792] Loss: 6579.3525
Epoch [5/20] Batch [70/792] Loss: 6271.4648
Epoch [5/20] Batch [80/792] Loss: 6609.5278
Epoch [5/20] Batch [90/792] Loss: 6493.2134
Epoch [5/20] Batch [100/792] Loss: 6147.2144
Epoch [5/20] Batch [110/792] Loss: 6235.4033
Epoch [5/20] Batch [120/792] Loss: 6307.8589
Epoch [5/20] Batch [130/792] Loss: 6320.7256
Epoch [5/20] Batch [140/792] Loss: 6614.1533
Epoch [5/20] Batch [150/792] Loss: 6547.0684
Epoch [5/20] Batch [160/792] Loss: 6292.0171
Epoch [5/20] Batch [170/792] Loss: 6381.8633
Epoch [5/20] Batch [180/792] Loss: 6582.9082
Epoch [5/20] Batch [190/792] Loss: 6365.1689
Epoch [5/20] Batch [200/792] Loss: 6349.4438
Epoch [5/20] Batch [210/792] Loss: 6341.1812
Epoch [5/20] Batch [220/792] Loss: 6327.8979
Epoch [5/20] Batch [230/792] Loss: 6387.7026
Epoch [5/20] Batch [240/792] Loss: 6432.9053
Epoch [5/20] Batch [250/792] Loss: 6306.9844
Epoch [5/20] Batch [260/792] Loss: 6249.5000
Epoch [5/20] Batch [270/792] Loss: 6455.9556
Epoch [5/20] Batch [280/792] Loss: 6291.6499
Epoch [5/20] Batch [290/792] Loss: 6406.4849
Epoch [5/20] Batch [300/792] Loss: 6578.3398
Epoch [5/20] Batch [310/792] Loss: 6476.7515
Epoch [5/20] Batch [320/792] Loss: 6403.0552
Epoch [5/20] Batch [330/792] Loss: 6391.1064
Epoch [5/20] Batch [340/792] Loss: 6290.1836
Epoch [5/20] Batch [350/792] Loss: 6558.8896
Epoch [5/20] Batch [360/792] Loss: 6565.6558
Epoch [5/20] Batch [370/792] Loss: 6218.3740
Epoch [5/20] Batch [380/792] Loss: 6559.3477
Epoch [5/20] Batch [390/792] Loss: 6414.2603
Epoch [5/20] Batch [400/792] Loss: 6283.1235
Epoch [5/20] Batch [410/792] Loss: 6645.8940
Epoch [5/20] Batch [420/792] Loss: 6174.0820
Epoch [5/20] Batch [430/792] Loss: 6205.1411
Epoch [5/20] Batch [440/792] Loss: 6472.5581
Epoch [5/20] Batch [450/792] Loss: 6289.5776
Epoch [5/20] Batch [460/792] Loss: 6544.2646
Epoch [5/20] Batch [470/792] Loss: 6414.2764
Epoch [5/20] Batch [480/792] Loss: 6263.3647
Epoch [5/20] Batch [490/792] Loss: 6499.6860
Epoch [5/20] Batch [500/792] Loss: 6549.1504
Epoch [5/20] Batch [510/792] Loss: 6533.4092
Epoch [5/20] Batch [520/792] Loss: 6383.0308
Epoch [5/20] Batch [530/792] Loss: 6354.1655
Epoch [5/20] Batch [540/792] Loss: 6463.9673
Epoch [5/20] Batch [550/792] Loss: 6582.8472
Epoch [5/20] Batch [560/792] Loss: 6497.8179
Epoch [5/20] Batch [570/792] Loss: 6482.9307
Epoch [5/20] Batch [580/792] Loss: 6418.9814
Epoch [5/20] Batch [590/792] Loss: 6543.7695
Epoch [5/20] Batch [600/792] Loss: 6673.4819
Epoch [5/20] Batch [610/792] Loss: 6307.1626
Epoch [5/20] Batch [620/792] Loss: 6425.3716
Epoch [5/20] Batch [630/792] Loss: 6441.3579
Epoch [5/20] Batch [640/792] Loss: 6273.5088
Epoch [5/20] Batch [650/792] Loss: 6501.0337
Epoch [5/20] Batch [660/792] Loss: 6462.9551
Epoch [5/20] Batch [670/792] Loss: 6661.5381
Epoch [5/20] Batch [680/792] Loss: 6643.3604
Epoch [5/20] Batch [690/792] Loss: 6471.8135
Epoch [5/20] Batch [700/792] Loss: 6398.7637
Epoch [5/20] Batch [710/792] Loss: 6385.4937
Epoch [5/20] Batch [720/792] Loss: 6636.3555
Epoch [5/20] Batch [730/792] Loss: 6472.6299
Epoch [5/20] Batch [740/792] Loss: 6520.7451
Epoch [5/20] Batch [750/792] Loss: 6440.7534
Epoch [5/20] Batch [760/792] Loss: 6454.6929
Epoch [5/20] Batch [770/792] Loss: 6398.1860
Epoch [5/20] Batch [780/792] Loss: 6439.7378
Epoch [5/20] Batch [790/792] Loss: 6585.3804
====> Epoch 5 Average loss: 6426.6007 (KL beta: 0.400)
Epoch [6/20] Batch [0/792] Loss: 6501.4199
Epoch [6/20] Batch [10/792] Loss: 6634.8315
Epoch [6/20] Batch [20/792] Loss: 6468.9531
Epoch [6/20] Batch [30/792] Loss: 6353.1709
Epoch [6/20] Batch [40/792] Loss: 6424.7939
Epoch [6/20] Batch [50/792] Loss: 6234.5688
Epoch [6/20] Batch [60/792] Loss: 6618.0557
Epoch [6/20] Batch [70/792] Loss: 6629.1040
Epoch [6/20] Batch [80/792] Loss: 6219.4126
Epoch [6/20] Batch [90/792] Loss: 6617.5161
Epoch [6/20] Batch [100/792] Loss: 6435.2310
Epoch [6/20] Batch [110/792] Loss: 6348.7427
Epoch [6/20] Batch [120/792] Loss: 6328.6699
Epoch [6/20] Batch [130/792] Loss: 6534.5977
Epoch [6/20] Batch [140/792] Loss: 6122.2363
Epoch [6/20] Batch [150/792] Loss: 6379.0269
Epoch [6/20] Batch [160/792] Loss: 6607.2539
Epoch [6/20] Batch [170/792] Loss: 6425.5356
Epoch [6/20] Batch [180/792] Loss: 6541.5005
Epoch [6/20] Batch [190/792] Loss: 6619.3574
Epoch [6/20] Batch [200/792] Loss: 6462.4893
Epoch [6/20] Batch [210/792] Loss: 6417.7461
Epoch [6/20] Batch [220/792] Loss: 6412.7085
Epoch [6/20] Batch [230/792] Loss: 6475.4961
Epoch [6/20] Batch [240/792] Loss: 6625.5718
Epoch [6/20] Batch [250/792] Loss: 6724.9663
Epoch [6/20] Batch [260/792] Loss: 6341.9565
Epoch [6/20] Batch [270/792] Loss: 6390.6392
Epoch [6/20] Batch [280/792] Loss: 6525.2344
Epoch [6/20] Batch [290/792] Loss: 6254.7183
Epoch [6/20] Batch [300/792] Loss: 6380.4810
Epoch [6/20] Batch [310/792] Loss: 6321.5371
Epoch [6/20] Batch [320/792] Loss: 6414.6992
Epoch [6/20] Batch [330/792] Loss: 6480.7227
Epoch [6/20] Batch [340/792] Loss: 6519.8711
Epoch [6/20] Batch [350/792] Loss: 6425.2676
Epoch [6/20] Batch [360/792] Loss: 6448.4619
Epoch [6/20] Batch [370/792] Loss: 6542.1113
Epoch [6/20] Batch [380/792] Loss: 6439.2886
Epoch [6/20] Batch [390/792] Loss: 6484.4092
Epoch [6/20] Batch [400/792] Loss: 6308.6855
Epoch [6/20] Batch [410/792] Loss: 6540.2617
Epoch [6/20] Batch [420/792] Loss: 6397.4810
Epoch [6/20] Batch [430/792] Loss: 6441.6079
Epoch [6/20] Batch [440/792] Loss: 6435.1123
Epoch [6/20] Batch [450/792] Loss: 6418.8877
Epoch [6/20] Batch [460/792] Loss: 6444.5527
Epoch [6/20] Batch [470/792] Loss: 6223.1172
Epoch [6/20] Batch [480/792] Loss: 6504.5059
Epoch [6/20] Batch [490/792] Loss: 6484.2368
Epoch [6/20] Batch [500/792] Loss: 6480.2920
Epoch [6/20] Batch [510/792] Loss: 6566.3452
Epoch [6/20] Batch [520/792] Loss: 6534.5273
Epoch [6/20] Batch [530/792] Loss: 6374.1782
Epoch [6/20] Batch [540/792] Loss: 6401.3506
Epoch [6/20] Batch [550/792] Loss: 6453.1470
Epoch [6/20] Batch [560/792] Loss: 6070.9595
Epoch [6/20] Batch [570/792] Loss: 6584.0649
Epoch [6/20] Batch [580/792] Loss: 6302.9185
Epoch [6/20] Batch [590/792] Loss: 6364.2314
Epoch [6/20] Batch [600/792] Loss: 6472.8838
Epoch [6/20] Batch [610/792] Loss: 6493.0166
Epoch [6/20] Batch [620/792] Loss: 6542.8247
Epoch [6/20] Batch [630/792] Loss: 6390.9316
Epoch [6/20] Batch [640/792] Loss: 6545.9390
Epoch [6/20] Batch [650/792] Loss: 6534.4692
Epoch [6/20] Batch [660/792] Loss: 6493.2114
Epoch [6/20] Batch [670/792] Loss: 6351.9219
Epoch [6/20] Batch [680/792] Loss: 6371.6128
Epoch [6/20] Batch [690/792] Loss: 6476.1240
Epoch [6/20] Batch [700/792] Loss: 6538.8862
Epoch [6/20] Batch [710/792] Loss: 6388.0830
Epoch [6/20] Batch [720/792] Loss: 6467.3228
Epoch [6/20] Batch [730/792] Loss: 6489.0913
Epoch [6/20] Batch [740/792] Loss: 6439.4697
Epoch [6/20] Batch [750/792] Loss: 6519.7358
Epoch [6/20] Batch [760/792] Loss: 6452.1011
Epoch [6/20] Batch [770/792] Loss: 6616.1465
Epoch [6/20] Batch [780/792] Loss: 6505.3599
Epoch [6/20] Batch [790/792] Loss: 6373.3960
====> Epoch 6 Average loss: 6430.0171 (KL beta: 0.500)
Epoch [7/20] Batch [0/792] Loss: 6654.2217
Epoch [7/20] Batch [10/792] Loss: 6444.4878
Epoch [7/20] Batch [20/792] Loss: 6558.9902
Epoch [7/20] Batch [30/792] Loss: 6433.4121
Epoch [7/20] Batch [40/792] Loss: 6502.7280
Epoch [7/20] Batch [50/792] Loss: 6430.7212
Epoch [7/20] Batch [60/792] Loss: 6610.5752
Epoch [7/20] Batch [70/792] Loss: 6450.9863
Epoch [7/20] Batch [80/792] Loss: 6262.1631
Epoch [7/20] Batch [90/792] Loss: 6329.0669
Epoch [7/20] Batch [100/792] Loss: 6718.0962
Epoch [7/20] Batch [110/792] Loss: 6480.3140
Epoch [7/20] Batch [120/792] Loss: 6481.6445
Epoch [7/20] Batch [130/792] Loss: 6504.6958
Epoch [7/20] Batch [140/792] Loss: 6439.5996
Epoch [7/20] Batch [150/792] Loss: 6342.2354
Epoch [7/20] Batch [160/792] Loss: 6562.3408
Epoch [7/20] Batch [170/792] Loss: 6569.0034
Epoch [7/20] Batch [180/792] Loss: 6581.2095
Epoch [7/20] Batch [190/792] Loss: 6343.7056
Epoch [7/20] Batch [200/792] Loss: 6352.0112
Epoch [7/20] Batch [210/792] Loss: 6480.5283
Epoch [7/20] Batch [220/792] Loss: 6456.6079
Epoch [7/20] Batch [230/792] Loss: 6536.8301
Epoch [7/20] Batch [240/792] Loss: 6409.2900
Epoch [7/20] Batch [250/792] Loss: 6485.2939
Epoch [7/20] Batch [260/792] Loss: 6603.7197
Epoch [7/20] Batch [270/792] Loss: 6406.6040
Epoch [7/20] Batch [280/792] Loss: 6527.1396
Epoch [7/20] Batch [290/792] Loss: 6653.2866
Epoch [7/20] Batch [300/792] Loss: 6471.3779
Epoch [7/20] Batch [310/792] Loss: 6438.9209
Epoch [7/20] Batch [320/792] Loss: 6517.3130
Epoch [7/20] Batch [330/792] Loss: 6453.7622
Epoch [7/20] Batch [340/792] Loss: 6372.3770
Epoch [7/20] Batch [350/792] Loss: 6425.4111
Epoch [7/20] Batch [360/792] Loss: 6317.0908
Epoch [7/20] Batch [370/792] Loss: 6411.4077
Epoch [7/20] Batch [380/792] Loss: 6544.7671
Epoch [7/20] Batch [390/792] Loss: 6261.8540
Epoch [7/20] Batch [400/792] Loss: 6329.4146
Epoch [7/20] Batch [410/792] Loss: 6395.7651
Epoch [7/20] Batch [420/792] Loss: 6368.2319
Epoch [7/20] Batch [430/792] Loss: 6440.3228
Epoch [7/20] Batch [440/792] Loss: 6301.0454
Epoch [7/20] Batch [450/792] Loss: 6333.2334
Epoch [7/20] Batch [460/792] Loss: 6501.8755
Epoch [7/20] Batch [470/792] Loss: 6483.0332
Epoch [7/20] Batch [480/792] Loss: 6431.8071
Epoch [7/20] Batch [490/792] Loss: 6282.7275
Epoch [7/20] Batch [500/792] Loss: 6355.0518
Epoch [7/20] Batch [510/792] Loss: 6615.1201
Epoch [7/20] Batch [520/792] Loss: 6530.4297
Epoch [7/20] Batch [530/792] Loss: 6403.7280
Epoch [7/20] Batch [540/792] Loss: 6433.7666
Epoch [7/20] Batch [550/792] Loss: 6540.4346
Epoch [7/20] Batch [560/792] Loss: 6551.1914
Epoch [7/20] Batch [570/792] Loss: 6388.2808
Epoch [7/20] Batch [580/792] Loss: 6435.1323
Epoch [7/20] Batch [590/792] Loss: 6407.4795
Epoch [7/20] Batch [600/792] Loss: 6425.0522
Epoch [7/20] Batch [610/792] Loss: 6482.3462
Epoch [7/20] Batch [620/792] Loss: 6585.7856
Epoch [7/20] Batch [630/792] Loss: 6414.7666
Epoch [7/20] Batch [640/792] Loss: 6487.6313
Epoch [7/20] Batch [650/792] Loss: 6310.8223
Epoch [7/20] Batch [660/792] Loss: 6394.7017
Epoch [7/20] Batch [670/792] Loss: 6495.2729
Epoch [7/20] Batch [680/792] Loss: 6515.2944
Epoch [7/20] Batch [690/792] Loss: 6287.4731
Epoch [7/20] Batch [700/792] Loss: 6451.8013
Epoch [7/20] Batch [710/792] Loss: 6407.7456
Epoch [7/20] Batch [720/792] Loss: 6741.1875
Epoch [7/20] Batch [730/792] Loss: 6128.4028
Epoch [7/20] Batch [740/792] Loss: 6472.0059
Epoch [7/20] Batch [750/792] Loss: 6430.3101
Epoch [7/20] Batch [760/792] Loss: 6508.3945
Epoch [7/20] Batch [770/792] Loss: 6423.0259
Epoch [7/20] Batch [780/792] Loss: 6408.2173
Epoch [7/20] Batch [790/792] Loss: 6543.1089
====> Epoch 7 Average loss: 6435.0316 (KL beta: 0.600)
Saving checkpoint at epoch 7...
Model saved to /home/sar0033/blindscrambler/scripts/models/models_vae_epoch_7.onnx
Epoch [8/20] Batch [0/792] Loss: 6387.5205
Epoch [8/20] Batch [10/792] Loss: 6217.7192
Epoch [8/20] Batch [20/792] Loss: 6322.3223
Epoch [8/20] Batch [30/792] Loss: 6428.4277
Epoch [8/20] Batch [40/792] Loss: 6477.4023
Epoch [8/20] Batch [50/792] Loss: 6480.6709
Epoch [8/20] Batch [60/792] Loss: 6604.7007
Epoch [8/20] Batch [70/792] Loss: 6308.4575
Epoch [8/20] Batch [80/792] Loss: 6540.3184
Epoch [8/20] Batch [90/792] Loss: 6590.6914
Epoch [8/20] Batch [100/792] Loss: 6360.0234
Epoch [8/20] Batch [110/792] Loss: 6451.7061
Epoch [8/20] Batch [120/792] Loss: 6374.7642
Epoch [8/20] Batch [130/792] Loss: 6354.0361
Epoch [8/20] Batch [140/792] Loss: 6227.5557
Epoch [8/20] Batch [150/792] Loss: 6601.2603
Epoch [8/20] Batch [160/792] Loss: 6377.8579
Epoch [8/20] Batch [170/792] Loss: 6391.9014
Epoch [8/20] Batch [180/792] Loss: 6671.7612
Epoch [8/20] Batch [190/792] Loss: 6520.2905
Epoch [8/20] Batch [200/792] Loss: 6613.7529
Epoch [8/20] Batch [210/792] Loss: 6494.1064
Epoch [8/20] Batch [220/792] Loss: 6319.8452
Epoch [8/20] Batch [230/792] Loss: 6468.0625
Epoch [8/20] Batch [240/792] Loss: 6556.3950
Epoch [8/20] Batch [250/792] Loss: 6443.0444
Epoch [8/20] Batch [260/792] Loss: 6318.4058
Epoch [8/20] Batch [270/792] Loss: 6541.7661
Epoch [8/20] Batch [280/792] Loss: 6529.9341
Epoch [8/20] Batch [290/792] Loss: 6403.8413
Epoch [8/20] Batch [300/792] Loss: 6470.4019
Epoch [8/20] Batch [310/792] Loss: 6240.1909
Epoch [8/20] Batch [320/792] Loss: 6543.6221
Epoch [8/20] Batch [330/792] Loss: 6530.7661
Epoch [8/20] Batch [340/792] Loss: 6407.1558
Epoch [8/20] Batch [350/792] Loss: 6439.9946
Epoch [8/20] Batch [360/792] Loss: 6338.9951
Epoch [8/20] Batch [370/792] Loss: 6723.2021
Epoch [8/20] Batch [380/792] Loss: 6247.9692
Epoch [8/20] Batch [390/792] Loss: 6517.2754
Epoch [8/20] Batch [400/792] Loss: 6697.7383
Epoch [8/20] Batch [410/792] Loss: 6376.4204
Epoch [8/20] Batch [420/792] Loss: 6396.0693
Epoch [8/20] Batch [430/792] Loss: 6568.8037
Epoch [8/20] Batch [440/792] Loss: 6508.0205
Epoch [8/20] Batch [450/792] Loss: 6349.6875
Epoch [8/20] Batch [460/792] Loss: 6430.4863
Epoch [8/20] Batch [470/792] Loss: 6457.7363
Epoch [8/20] Batch [480/792] Loss: 6403.5361
Epoch [8/20] Batch [490/792] Loss: 6501.1694
Epoch [8/20] Batch [500/792] Loss: 6515.4751
Epoch [8/20] Batch [510/792] Loss: 6428.7158
Epoch [8/20] Batch [520/792] Loss: 6344.6196
Epoch [8/20] Batch [530/792] Loss: 6475.3452
Epoch [8/20] Batch [540/792] Loss: 6404.8301
Epoch [8/20] Batch [550/792] Loss: 6584.2529
Epoch [8/20] Batch [560/792] Loss: 6472.4214
Epoch [8/20] Batch [570/792] Loss: 6449.8076
Epoch [8/20] Batch [580/792] Loss: 6301.1885
Epoch [8/20] Batch [590/792] Loss: 6440.0273
Epoch [8/20] Batch [600/792] Loss: 6320.2979
Epoch [8/20] Batch [610/792] Loss: 6207.3789
Epoch [8/20] Batch [620/792] Loss: 6588.6284
Epoch [8/20] Batch [630/792] Loss: 6243.6602
Epoch [8/20] Batch [640/792] Loss: 6578.1147
Epoch [8/20] Batch [650/792] Loss: 6572.1958
Epoch [8/20] Batch [660/792] Loss: 6284.9937
Epoch [8/20] Batch [670/792] Loss: 6348.4463
Epoch [8/20] Batch [680/792] Loss: 6560.7876
Epoch [8/20] Batch [690/792] Loss: 6544.8193
Epoch [8/20] Batch [700/792] Loss: 6399.3022
Epoch [8/20] Batch [710/792] Loss: 6493.9580
Epoch [8/20] Batch [720/792] Loss: 6184.0420
Epoch [8/20] Batch [730/792] Loss: 6607.0156
Epoch [8/20] Batch [740/792] Loss: 6244.4141
Epoch [8/20] Batch [750/792] Loss: 6373.5391
Epoch [8/20] Batch [760/792] Loss: 6551.2070
Epoch [8/20] Batch [770/792] Loss: 6393.4102
Epoch [8/20] Batch [780/792] Loss: 6425.3105
Epoch [8/20] Batch [790/792] Loss: 6284.5596
====> Epoch 8 Average loss: 6439.9453 (KL beta: 0.700)
Epoch [9/20] Batch [0/792] Loss: 6228.2383
Epoch [9/20] Batch [10/792] Loss: 6289.6602
Epoch [9/20] Batch [20/792] Loss: 6507.3716
Epoch [9/20] Batch [30/792] Loss: 6486.1743
Epoch [9/20] Batch [40/792] Loss: 6163.8311
Epoch [9/20] Batch [50/792] Loss: 6150.8364
Epoch [9/20] Batch [60/792] Loss: 6507.3618
Epoch [9/20] Batch [70/792] Loss: 6398.8691
Epoch [9/20] Batch [80/792] Loss: 6466.3457
Epoch [9/20] Batch [90/792] Loss: 6502.5000
Epoch [9/20] Batch [100/792] Loss: 6315.2388
Epoch [9/20] Batch [110/792] Loss: 6517.5225
Epoch [9/20] Batch [120/792] Loss: 6485.6772
Epoch [9/20] Batch [130/792] Loss: 6458.5513
Epoch [9/20] Batch [140/792] Loss: 6278.9683
Epoch [9/20] Batch [150/792] Loss: 6601.0527
Epoch [9/20] Batch [160/792] Loss: 6439.4678
Epoch [9/20] Batch [170/792] Loss: 6428.3247
Epoch [9/20] Batch [180/792] Loss: 6531.3315
Epoch [9/20] Batch [190/792] Loss: 6439.3979
Epoch [9/20] Batch [200/792] Loss: 6438.7661
Epoch [9/20] Batch [210/792] Loss: 6530.3521
Epoch [9/20] Batch [220/792] Loss: 6388.9585
Epoch [9/20] Batch [230/792] Loss: 6348.9893
Epoch [9/20] Batch [240/792] Loss: 6345.2949
Epoch [9/20] Batch [250/792] Loss: 6327.2153
Epoch [9/20] Batch [260/792] Loss: 6281.3408
Epoch [9/20] Batch [270/792] Loss: 6559.4912
Epoch [9/20] Batch [280/792] Loss: 6381.4590
Epoch [9/20] Batch [290/792] Loss: 6413.6406
Epoch [9/20] Batch [300/792] Loss: 6505.1504
Epoch [9/20] Batch [310/792] Loss: 6380.8774
Epoch [9/20] Batch [320/792] Loss: 6488.3281
Epoch [9/20] Batch [330/792] Loss: 6400.8242
Epoch [9/20] Batch [340/792] Loss: 6251.4150
Epoch [9/20] Batch [350/792] Loss: 6222.4980
Epoch [9/20] Batch [360/792] Loss: 6516.0552
Epoch [9/20] Batch [370/792] Loss: 6248.4014
Epoch [9/20] Batch [380/792] Loss: 6319.5928
Epoch [9/20] Batch [390/792] Loss: 6485.9048
Epoch [9/20] Batch [400/792] Loss: 6743.3428
Epoch [9/20] Batch [410/792] Loss: 6255.2456
Epoch [9/20] Batch [420/792] Loss: 6331.8525
Epoch [9/20] Batch [430/792] Loss: 6435.9565
Epoch [9/20] Batch [440/792] Loss: 6570.1021
Epoch [9/20] Batch [450/792] Loss: 6509.8774
Epoch [9/20] Batch [460/792] Loss: 6484.4224
Epoch [9/20] Batch [470/792] Loss: 6381.9224
Epoch [9/20] Batch [480/792] Loss: 6515.6089
Epoch [9/20] Batch [490/792] Loss: 6597.7979
Epoch [9/20] Batch [500/792] Loss: 6354.2744
Epoch [9/20] Batch [510/792] Loss: 6507.2070
Epoch [9/20] Batch [520/792] Loss: 6356.9175
Epoch [9/20] Batch [530/792] Loss: 6357.2739
Epoch [9/20] Batch [540/792] Loss: 6576.8203
Epoch [9/20] Batch [550/792] Loss: 6333.0137
Epoch [9/20] Batch [560/792] Loss: 6247.1455
Epoch [9/20] Batch [570/792] Loss: 6011.3530
Epoch [9/20] Batch [580/792] Loss: 6423.8804
Epoch [9/20] Batch [590/792] Loss: 6494.9756
Epoch [9/20] Batch [600/792] Loss: 6358.7251
Epoch [9/20] Batch [610/792] Loss: 6440.8696
Epoch [9/20] Batch [620/792] Loss: 6511.7637
Epoch [9/20] Batch [630/792] Loss: 6492.9434
Epoch [9/20] Batch [640/792] Loss: 6348.4839
Epoch [9/20] Batch [650/792] Loss: 6469.8940
Epoch [9/20] Batch [660/792] Loss: 6253.3047
Epoch [9/20] Batch [670/792] Loss: 6666.8032
Epoch [9/20] Batch [680/792] Loss: 6519.9375
Epoch [9/20] Batch [690/792] Loss: 6372.7344
Epoch [9/20] Batch [700/792] Loss: 6637.1016
Epoch [9/20] Batch [710/792] Loss: 6474.1836
Epoch [9/20] Batch [720/792] Loss: 6614.0889
Epoch [9/20] Batch [730/792] Loss: 6350.5674
Epoch [9/20] Batch [740/792] Loss: 6513.1270
Epoch [9/20] Batch [750/792] Loss: 6424.1733
Epoch [9/20] Batch [760/792] Loss: 6498.1152
Epoch [9/20] Batch [770/792] Loss: 6478.8008
Epoch [9/20] Batch [780/792] Loss: 6458.3486
Epoch [9/20] Batch [790/792] Loss: 6376.1948
====> Epoch 9 Average loss: 6416.3765 (KL beta: 0.800)
Epoch [10/20] Batch [0/792] Loss: 6548.6665
Epoch [10/20] Batch [10/792] Loss: 6308.0488
Epoch [10/20] Batch [20/792] Loss: 6390.2847
Epoch [10/20] Batch [30/792] Loss: 6389.8174
Epoch [10/20] Batch [40/792] Loss: 6388.8325
Epoch [10/20] Batch [50/792] Loss: 6230.3525
Epoch [10/20] Batch [60/792] Loss: 6374.1221
Epoch [10/20] Batch [70/792] Loss: 6389.7393
Epoch [10/20] Batch [80/792] Loss: 6210.3638
Epoch [10/20] Batch [90/792] Loss: 6416.9771
Epoch [10/20] Batch [100/792] Loss: 6383.6323
Epoch [10/20] Batch [110/792] Loss: 6308.5117
Epoch [10/20] Batch [120/792] Loss: 6486.6094
Epoch [10/20] Batch [130/792] Loss: 6177.6074
Epoch [10/20] Batch [140/792] Loss: 6507.9629
Epoch [10/20] Batch [150/792] Loss: 6350.6587
Epoch [10/20] Batch [160/792] Loss: 6467.0063
Epoch [10/20] Batch [170/792] Loss: 6506.1992
Epoch [10/20] Batch [180/792] Loss: 6374.7183
Epoch [10/20] Batch [190/792] Loss: 6261.3472
Epoch [10/20] Batch [200/792] Loss: 6052.1040
Epoch [10/20] Batch [210/792] Loss: 6568.8833
Epoch [10/20] Batch [220/792] Loss: 6511.0488
Epoch [10/20] Batch [230/792] Loss: 6654.0679
Epoch [10/20] Batch [240/792] Loss: 6273.5249
Epoch [10/20] Batch [250/792] Loss: 6459.0171
Epoch [10/20] Batch [260/792] Loss: 6351.5508
Epoch [10/20] Batch [270/792] Loss: 6457.8379
Epoch [10/20] Batch [280/792] Loss: 6318.2783
Epoch [10/20] Batch [290/792] Loss: 6515.2310
Epoch [10/20] Batch [300/792] Loss: 6673.4058
Epoch [10/20] Batch [310/792] Loss: 6205.2437
Epoch [10/20] Batch [320/792] Loss: 6405.9907
Epoch [10/20] Batch [330/792] Loss: 6646.4834
Epoch [10/20] Batch [340/792] Loss: 6300.5913
Epoch [10/20] Batch [350/792] Loss: 6406.0830
Epoch [10/20] Batch [360/792] Loss: 6427.4326
Epoch [10/20] Batch [370/792] Loss: 6610.2646
Epoch [10/20] Batch [380/792] Loss: 6479.4478
Epoch [10/20] Batch [390/792] Loss: 6544.7080
Epoch [10/20] Batch [400/792] Loss: 6609.8950
Epoch [10/20] Batch [410/792] Loss: 6516.1655
Epoch [10/20] Batch [420/792] Loss: 6676.7515
Epoch [10/20] Batch [430/792] Loss: 6409.3281
Epoch [10/20] Batch [440/792] Loss: 6393.0581
Epoch [10/20] Batch [450/792] Loss: 6394.4814
Epoch [10/20] Batch [460/792] Loss: 6434.2715
Epoch [10/20] Batch [470/792] Loss: 6464.3589
Epoch [10/20] Batch [480/792] Loss: 6568.4917
Epoch [10/20] Batch [490/792] Loss: 6376.2065
Epoch [10/20] Batch [500/792] Loss: 6215.3999
Epoch [10/20] Batch [510/792] Loss: 6491.1187
Epoch [10/20] Batch [520/792] Loss: 6630.7593
Epoch [10/20] Batch [530/792] Loss: 6318.2500
Epoch [10/20] Batch [540/792] Loss: 6465.9263
Epoch [10/20] Batch [550/792] Loss: 6326.8247
Epoch [10/20] Batch [560/792] Loss: 6464.9888
Epoch [10/20] Batch [570/792] Loss: 6594.5054
Epoch [10/20] Batch [580/792] Loss: 6431.2583
Epoch [10/20] Batch [590/792] Loss: 6331.8345
Epoch [10/20] Batch [600/792] Loss: 6489.1968
Epoch [10/20] Batch [610/792] Loss: 6501.9121
Epoch [10/20] Batch [620/792] Loss: 6378.9741
Epoch [10/20] Batch [630/792] Loss: 6368.7700
Epoch [10/20] Batch [640/792] Loss: 6495.5903
Epoch [10/20] Batch [650/792] Loss: 6565.7383
Epoch [10/20] Batch [660/792] Loss: 6300.6709
Epoch [10/20] Batch [670/792] Loss: 6253.5684
Epoch [10/20] Batch [680/792] Loss: 6601.2881
Epoch [10/20] Batch [690/792] Loss: 6379.3926
Epoch [10/20] Batch [700/792] Loss: 6371.6826
Epoch [10/20] Batch [710/792] Loss: 6557.4658
Epoch [10/20] Batch [720/792] Loss: 6387.9731
Epoch [10/20] Batch [730/792] Loss: 6395.2109
Epoch [10/20] Batch [740/792] Loss: 6520.8589
Epoch [10/20] Batch [750/792] Loss: 6575.5620
Epoch [10/20] Batch [760/792] Loss: 6379.0757
Epoch [10/20] Batch [770/792] Loss: 6506.6064
Epoch [10/20] Batch [780/792] Loss: 6492.8716
Epoch [10/20] Batch [790/792] Loss: 6230.6895
====> Epoch 10 Average loss: 6423.3481 (KL beta: 0.900)
Saving checkpoint at epoch 10...
Model saved to /home/sar0033/blindscrambler/scripts/models/models_vae_epoch_10.onnx
Epoch [11/20] Batch [0/792] Loss: 6502.4551
Epoch [11/20] Batch [10/792] Loss: 6554.5786
Epoch [11/20] Batch [20/792] Loss: 6454.1294
Epoch [11/20] Batch [30/792] Loss: 6400.5430
Epoch [11/20] Batch [40/792] Loss: 6335.3770
Epoch [11/20] Batch [50/792] Loss: 6416.6001
Epoch [11/20] Batch [60/792] Loss: 6383.8984
Epoch [11/20] Batch [70/792] Loss: 6434.8662
Epoch [11/20] Batch [80/792] Loss: 6424.8032
Epoch [11/20] Batch [90/792] Loss: 6415.5669
Epoch [11/20] Batch [100/792] Loss: 6258.0264
Epoch [11/20] Batch [110/792] Loss: 6621.7803
Epoch [11/20] Batch [120/792] Loss: 6597.3257
Epoch [11/20] Batch [130/792] Loss: 6559.3228
Epoch [11/20] Batch [140/792] Loss: 6142.3042
Epoch [11/20] Batch [150/792] Loss: 6657.4536
Epoch [11/20] Batch [160/792] Loss: 6396.1982
Epoch [11/20] Batch [170/792] Loss: 6646.1240
Epoch [11/20] Batch [180/792] Loss: 6402.2979
Epoch [11/20] Batch [190/792] Loss: 6543.0288
Epoch [11/20] Batch [200/792] Loss: 6470.2231
Epoch [11/20] Batch [210/792] Loss: 6311.0054
Epoch [11/20] Batch [220/792] Loss: 6693.4849
Epoch [11/20] Batch [230/792] Loss: 6387.7861
Epoch [11/20] Batch [240/792] Loss: 6411.4243
Epoch [11/20] Batch [250/792] Loss: 6634.4614
Epoch [11/20] Batch [260/792] Loss: 6493.5747
Epoch [11/20] Batch [270/792] Loss: 6604.3491
Epoch [11/20] Batch [280/792] Loss: 6567.4541
Epoch [11/20] Batch [290/792] Loss: 6488.9351
Epoch [11/20] Batch [300/792] Loss: 6451.2134
Epoch [11/20] Batch [310/792] Loss: 6437.1284
Epoch [11/20] Batch [320/792] Loss: 6697.6094
Epoch [11/20] Batch [330/792] Loss: 6391.4272
Epoch [11/20] Batch [340/792] Loss: 6418.4019
Epoch [11/20] Batch [350/792] Loss: 6130.6357
Epoch [11/20] Batch [360/792] Loss: 6418.6450
Epoch [11/20] Batch [370/792] Loss: 6060.1328
Epoch [11/20] Batch [380/792] Loss: 6495.7559
Epoch [11/20] Batch [390/792] Loss: 6423.9736
Epoch [11/20] Batch [400/792] Loss: 6448.4287
Epoch [11/20] Batch [410/792] Loss: 6323.9785
Epoch [11/20] Batch [420/792] Loss: 6478.5166
Epoch [11/20] Batch [430/792] Loss: 6209.1680
Epoch [11/20] Batch [440/792] Loss: 6491.7305
Epoch [11/20] Batch [450/792] Loss: 6366.0723
Epoch [11/20] Batch [460/792] Loss: 6589.9634
Epoch [11/20] Batch [470/792] Loss: 6675.1860
Epoch [11/20] Batch [480/792] Loss: 6311.0312
Epoch [11/20] Batch [490/792] Loss: 6347.7202
Epoch [11/20] Batch [500/792] Loss: 6248.0820
Epoch [11/20] Batch [510/792] Loss: 6487.1616
Epoch [11/20] Batch [520/792] Loss: 6510.1226
Epoch [11/20] Batch [530/792] Loss: 6319.9531
Epoch [11/20] Batch [540/792] Loss: 6482.3813
Epoch [11/20] Batch [550/792] Loss: 6366.4121
Epoch [11/20] Batch [560/792] Loss: 6505.8232
Epoch [11/20] Batch [570/792] Loss: 6606.3345
Epoch [11/20] Batch [580/792] Loss: 6586.0020
Epoch [11/20] Batch [590/792] Loss: 6541.0049
Epoch [11/20] Batch [600/792] Loss: 6587.6099
Epoch [11/20] Batch [610/792] Loss: 6330.3721
Epoch [11/20] Batch [620/792] Loss: 6521.1865
Epoch [11/20] Batch [630/792] Loss: 6408.7461
Epoch [11/20] Batch [640/792] Loss: 6352.7412
Epoch [11/20] Batch [650/792] Loss: 6322.8579
Epoch [11/20] Batch [660/792] Loss: 6434.5845
Epoch [11/20] Batch [670/792] Loss: 6519.2207
Epoch [11/20] Batch [680/792] Loss: 6630.4717
Epoch [11/20] Batch [690/792] Loss: 6236.8330
Epoch [11/20] Batch [700/792] Loss: 6261.0752
Epoch [11/20] Batch [710/792] Loss: 6575.8667
Epoch [11/20] Batch [720/792] Loss: 6493.8887
Epoch [11/20] Batch [730/792] Loss: 6567.1787
Epoch [11/20] Batch [740/792] Loss: 6199.4775
Epoch [11/20] Batch [750/792] Loss: 6385.3213
Epoch [11/20] Batch [760/792] Loss: 6466.3901
Epoch [11/20] Batch [770/792] Loss: 6404.1357
Epoch [11/20] Batch [780/792] Loss: 6246.3032
Epoch [11/20] Batch [790/792] Loss: 6351.8101
====> Epoch 11 Average loss: 6429.8216 (KL beta: 1.000)
Epoch [12/20] Batch [0/792] Loss: 6598.1816
Epoch [12/20] Batch [10/792] Loss: 6530.6812
Epoch [12/20] Batch [20/792] Loss: 6456.7471
Epoch [12/20] Batch [30/792] Loss: 6446.2920
Epoch [12/20] Batch [40/792] Loss: 6340.5698
Epoch [12/20] Batch [50/792] Loss: 6502.0615
Epoch [12/20] Batch [60/792] Loss: 6210.9702
Epoch [12/20] Batch [70/792] Loss: 6400.3071
Epoch [12/20] Batch [80/792] Loss: 6160.1348
Epoch [12/20] Batch [90/792] Loss: 6424.4839
Epoch [12/20] Batch [100/792] Loss: 6486.4268
Epoch [12/20] Batch [110/792] Loss: 6501.8086
Epoch [12/20] Batch [120/792] Loss: 6579.6221
Epoch [12/20] Batch [130/792] Loss: 6547.6143
Epoch [12/20] Batch [140/792] Loss: 6551.3052
Epoch [12/20] Batch [150/792] Loss: 6451.4712
Epoch [12/20] Batch [160/792] Loss: 6245.6060
Epoch [12/20] Batch [170/792] Loss: 6215.4556
Epoch [12/20] Batch [180/792] Loss: 6603.0425
Epoch [12/20] Batch [190/792] Loss: 6460.4834
Epoch [12/20] Batch [200/792] Loss: 6410.3677
Epoch [12/20] Batch [210/792] Loss: 6348.5410
Epoch [12/20] Batch [220/792] Loss: 6390.9326
Epoch [12/20] Batch [230/792] Loss: 6449.4170
Epoch [12/20] Batch [240/792] Loss: 6593.8442
Epoch [12/20] Batch [250/792] Loss: 6682.2500
Epoch [12/20] Batch [260/792] Loss: 6228.9863
Epoch [12/20] Batch [270/792] Loss: 6564.1094
Epoch [12/20] Batch [280/792] Loss: 6406.3320
Epoch [12/20] Batch [290/792] Loss: 6376.8398
Epoch [12/20] Batch [300/792] Loss: 6354.1973
Epoch [12/20] Batch [310/792] Loss: 6449.1304
Epoch [12/20] Batch [320/792] Loss: 6256.3438
Epoch [12/20] Batch [330/792] Loss: 6271.3320
Epoch [12/20] Batch [340/792] Loss: 6295.4395
Epoch [12/20] Batch [350/792] Loss: 6460.0620
Epoch [12/20] Batch [360/792] Loss: 6591.1997
Epoch [12/20] Batch [370/792] Loss: 6085.9390
Epoch [12/20] Batch [380/792] Loss: 6527.0322
Epoch [12/20] Batch [390/792] Loss: 6543.0835
Epoch [12/20] Batch [400/792] Loss: 6587.1108
Epoch [12/20] Batch [410/792] Loss: 6484.5820
Epoch [12/20] Batch [420/792] Loss: 6498.9023
Epoch [12/20] Batch [430/792] Loss: 6375.8672
Epoch [12/20] Batch [440/792] Loss: 6377.8438
Epoch [12/20] Batch [450/792] Loss: 6349.7734
Epoch [12/20] Batch [460/792] Loss: 6362.6309
Epoch [12/20] Batch [470/792] Loss: 6493.3599
Epoch [12/20] Batch [480/792] Loss: 6310.2041
Epoch [12/20] Batch [490/792] Loss: 6238.5771
Epoch [12/20] Batch [500/792] Loss: 6630.7812
Epoch [12/20] Batch [510/792] Loss: 6638.0225
Epoch [12/20] Batch [520/792] Loss: 6507.7432
Epoch [12/20] Batch [530/792] Loss: 6338.5464
Epoch [12/20] Batch [540/792] Loss: 6287.5137
Epoch [12/20] Batch [550/792] Loss: 6537.3062
Epoch [12/20] Batch [560/792] Loss: 6408.2319
Epoch [12/20] Batch [570/792] Loss: 6355.9712
Epoch [12/20] Batch [580/792] Loss: 6583.7319
Epoch [12/20] Batch [590/792] Loss: 6439.0605
Epoch [12/20] Batch [600/792] Loss: 6202.5005
Epoch [12/20] Batch [610/792] Loss: 6265.5801
Epoch [12/20] Batch [620/792] Loss: 6524.3145
Epoch [12/20] Batch [630/792] Loss: 6551.2842
Epoch [12/20] Batch [640/792] Loss: 6381.2949
Epoch [12/20] Batch [650/792] Loss: 6393.8081
Epoch [12/20] Batch [660/792] Loss: 6271.5122
Epoch [12/20] Batch [670/792] Loss: 6528.2100
Epoch [12/20] Batch [680/792] Loss: 6433.8027
Epoch [12/20] Batch [690/792] Loss: 6339.6421
Epoch [12/20] Batch [700/792] Loss: 6486.1079
Epoch [12/20] Batch [710/792] Loss: 6294.5195
Epoch [12/20] Batch [720/792] Loss: 6491.1436
Epoch [12/20] Batch [730/792] Loss: 6480.4727
Epoch [12/20] Batch [740/792] Loss: 6385.4727
Epoch [12/20] Batch [750/792] Loss: 6594.2598
Epoch [12/20] Batch [760/792] Loss: 6260.0361
Epoch [12/20] Batch [770/792] Loss: 6297.8447
Epoch [12/20] Batch [780/792] Loss: 6694.4434
Epoch [12/20] Batch [790/792] Loss: 6342.7407
====> Epoch 12 Average loss: 6428.4092 (KL beta: 1.000)
Epoch [13/20] Batch [0/792] Loss: 6255.7554
Epoch [13/20] Batch [10/792] Loss: 6186.6846
Epoch [13/20] Batch [20/792] Loss: 6412.8052
Epoch [13/20] Batch [30/792] Loss: 6229.9663
Epoch [13/20] Batch [40/792] Loss: 6366.8345
Epoch [13/20] Batch [50/792] Loss: 6376.8027
Epoch [13/20] Batch [60/792] Loss: 6101.1465
Epoch [13/20] Batch [70/792] Loss: 6287.0215
Epoch [13/20] Batch [80/792] Loss: 6403.7979
Epoch [13/20] Batch [90/792] Loss: 6319.4131
Epoch [13/20] Batch [100/792] Loss: 6418.9922
Epoch [13/20] Batch [110/792] Loss: 6264.8979
Epoch [13/20] Batch [120/792] Loss: 6491.6260
Epoch [13/20] Batch [130/792] Loss: 6545.1973
Epoch [13/20] Batch [140/792] Loss: 6168.2793
Epoch [13/20] Batch [150/792] Loss: 6396.8667
Epoch [13/20] Batch [160/792] Loss: 6398.3027
Epoch [13/20] Batch [170/792] Loss: 6504.8560
Epoch [13/20] Batch [180/792] Loss: 6348.8281
Epoch [13/20] Batch [190/792] Loss: 6219.2837
Epoch [13/20] Batch [200/792] Loss: 6191.9365
Epoch [13/20] Batch [210/792] Loss: 6535.3867
Epoch [13/20] Batch [220/792] Loss: 6332.6201
Epoch [13/20] Batch [230/792] Loss: 6569.7109
Epoch [13/20] Batch [240/792] Loss: 6557.1631
Epoch [13/20] Batch [250/792] Loss: 6444.8799
Epoch [13/20] Batch [260/792] Loss: 6442.5859
Epoch [13/20] Batch [270/792] Loss: 6482.0557
Epoch [13/20] Batch [280/792] Loss: 6497.9204
Epoch [13/20] Batch [290/792] Loss: 6322.1211
Epoch [13/20] Batch [300/792] Loss: 6496.2803
Epoch [13/20] Batch [310/792] Loss: 6430.9673
Epoch [13/20] Batch [320/792] Loss: 6537.0132
Epoch [13/20] Batch [330/792] Loss: 6589.1729
Epoch [13/20] Batch [340/792] Loss: 6418.8784
Epoch [13/20] Batch [350/792] Loss: 6343.6455
Epoch [13/20] Batch [360/792] Loss: 6276.6323
Epoch [13/20] Batch [370/792] Loss: 6317.9209
Epoch [13/20] Batch [380/792] Loss: 6479.1201
Epoch [13/20] Batch [390/792] Loss: 6496.1064
Epoch [13/20] Batch [400/792] Loss: 6511.8545
Epoch [13/20] Batch [410/792] Loss: 6441.5688
Epoch [13/20] Batch [420/792] Loss: 6358.7539
Epoch [13/20] Batch [430/792] Loss: 6166.3633
Epoch [13/20] Batch [440/792] Loss: 6246.4985
Epoch [13/20] Batch [450/792] Loss: 6394.5293
Epoch [13/20] Batch [460/792] Loss: 6510.5298
Epoch [13/20] Batch [470/792] Loss: 6526.4536
Epoch [13/20] Batch [480/792] Loss: 6370.7905
Epoch [13/20] Batch [490/792] Loss: 6430.3154
Epoch [13/20] Batch [500/792] Loss: 6398.5874
Epoch [13/20] Batch [510/792] Loss: 6229.1074
Epoch [13/20] Batch [520/792] Loss: 6676.4443
Epoch [13/20] Batch [530/792] Loss: 6477.9956
Epoch [13/20] Batch [540/792] Loss: 6525.0356
Epoch [13/20] Batch [550/792] Loss: 6318.5088
Epoch [13/20] Batch [560/792] Loss: 6328.9482
Epoch [13/20] Batch [570/792] Loss: 6516.3701
Epoch [13/20] Batch [580/792] Loss: 6470.3179
Epoch [13/20] Batch [590/792] Loss: 6288.1074
Epoch [13/20] Batch [600/792] Loss: 6517.4321
Epoch [13/20] Batch [610/792] Loss: 6331.4595
Epoch [13/20] Batch [620/792] Loss: 6534.4087
Epoch [13/20] Batch [630/792] Loss: 6442.2568
Epoch [13/20] Batch [640/792] Loss: 6425.1440
Epoch [13/20] Batch [650/792] Loss: 6609.5874
Epoch [13/20] Batch [660/792] Loss: 6508.8672
Epoch [13/20] Batch [670/792] Loss: 6175.1782
Epoch [13/20] Batch [680/792] Loss: 6382.2896
Epoch [13/20] Batch [690/792] Loss: 6339.8257
Epoch [13/20] Batch [700/792] Loss: 6612.4629
Epoch [13/20] Batch [710/792] Loss: 6523.7563
Epoch [13/20] Batch [720/792] Loss: 6503.7861
Epoch [13/20] Batch [730/792] Loss: 6554.1899
Epoch [13/20] Batch [740/792] Loss: 6463.0513
Epoch [13/20] Batch [750/792] Loss: 6532.9697
Epoch [13/20] Batch [760/792] Loss: 6184.2212
Epoch [13/20] Batch [770/792] Loss: 6642.2358
Epoch [13/20] Batch [780/792] Loss: 6352.5386
Epoch [13/20] Batch [790/792] Loss: 6388.3184
====> Epoch 13 Average loss: 6426.8671 (KL beta: 1.000)
Saving checkpoint at epoch 13...
Model saved to /home/sar0033/blindscrambler/scripts/models/models_vae_epoch_13.onnx
Epoch [14/20] Batch [0/792] Loss: 6234.6079
Epoch [14/20] Batch [10/792] Loss: 6410.3159
Epoch [14/20] Batch [20/792] Loss: 6398.1548
Epoch [14/20] Batch [30/792] Loss: 6468.9751
Epoch [14/20] Batch [40/792] Loss: 6360.9077
Epoch [14/20] Batch [50/792] Loss: 6438.9985
Epoch [14/20] Batch [60/792] Loss: 6532.8672
Epoch [14/20] Batch [70/792] Loss: 6401.3574
Epoch [14/20] Batch [80/792] Loss: 6463.3057
Epoch [14/20] Batch [90/792] Loss: 6213.6792
Epoch [14/20] Batch [100/792] Loss: 6412.3008
Epoch [14/20] Batch [110/792] Loss: 6310.7056
Epoch [14/20] Batch [120/792] Loss: 6468.7852
Epoch [14/20] Batch [130/792] Loss: 6372.6162
Epoch [14/20] Batch [140/792] Loss: 6558.6309
Epoch [14/20] Batch [150/792] Loss: 6307.2520
Epoch [14/20] Batch [160/792] Loss: 6527.4800
Epoch [14/20] Batch [170/792] Loss: 6359.8315
Epoch [14/20] Batch [180/792] Loss: 6285.0815
Epoch [14/20] Batch [190/792] Loss: 6590.5562
Epoch [14/20] Batch [200/792] Loss: 6560.9917
Epoch [14/20] Batch [210/792] Loss: 6452.5410
Epoch [14/20] Batch [220/792] Loss: 6331.1714
Epoch [14/20] Batch [230/792] Loss: 6399.7314
Epoch [14/20] Batch [240/792] Loss: 6297.7134
Epoch [14/20] Batch [250/792] Loss: 6480.0703
Epoch [14/20] Batch [260/792] Loss: 6269.8862
Epoch [14/20] Batch [270/792] Loss: 6381.4097
Epoch [14/20] Batch [280/792] Loss: 6408.5225
Epoch [14/20] Batch [290/792] Loss: 6546.5566
Epoch [14/20] Batch [300/792] Loss: 6463.2119
Epoch [14/20] Batch [310/792] Loss: 6309.6270
Epoch [14/20] Batch [320/792] Loss: 6419.6216
Epoch [14/20] Batch [330/792] Loss: 6249.5415
Epoch [14/20] Batch [340/792] Loss: 6328.4395
Epoch [14/20] Batch [350/792] Loss: 6317.0864
Epoch [14/20] Batch [360/792] Loss: 6403.7393
Epoch [14/20] Batch [370/792] Loss: 6209.7646
Epoch [14/20] Batch [380/792] Loss: 6431.3765
Epoch [14/20] Batch [390/792] Loss: 6285.5894
Epoch [14/20] Batch [400/792] Loss: 6533.3403
Epoch [14/20] Batch [410/792] Loss: 6351.0522
Epoch [14/20] Batch [420/792] Loss: 6381.7036
Epoch [14/20] Batch [430/792] Loss: 6470.9590
Epoch [14/20] Batch [440/792] Loss: 6318.0605
Epoch [14/20] Batch [450/792] Loss: 6308.7520
Epoch [14/20] Batch [460/792] Loss: 6562.6836
Epoch [14/20] Batch [470/792] Loss: 6570.9883
Epoch [14/20] Batch [480/792] Loss: 6438.3511
Epoch [14/20] Batch [490/792] Loss: 6207.4038
Epoch [14/20] Batch [500/792] Loss: 6251.5635
Epoch [14/20] Batch [510/792] Loss: 6472.4390
Epoch [14/20] Batch [520/792] Loss: 6283.0938
Epoch [14/20] Batch [530/792] Loss: 6470.9727
Epoch [14/20] Batch [540/792] Loss: 6634.9292
Epoch [14/20] Batch [550/792] Loss: 6401.7188
Epoch [14/20] Batch [560/792] Loss: 6628.5796
Epoch [14/20] Batch [570/792] Loss: 6600.6646
Epoch [14/20] Batch [580/792] Loss: 6268.1191
Epoch [14/20] Batch [590/792] Loss: 6273.4985
Epoch [14/20] Batch [600/792] Loss: 6431.7007
Epoch [14/20] Batch [610/792] Loss: 6498.8833
Epoch [14/20] Batch [620/792] Loss: 6357.5723
Epoch [14/20] Batch [630/792] Loss: 6650.2158
Epoch [14/20] Batch [640/792] Loss: 6451.8486
Epoch [14/20] Batch [650/792] Loss: 6494.2119
Epoch [14/20] Batch [660/792] Loss: 6500.5132
Epoch [14/20] Batch [670/792] Loss: 6306.7349
Epoch [14/20] Batch [680/792] Loss: 6279.3594
Epoch [14/20] Batch [690/792] Loss: 6249.3574
Epoch [14/20] Batch [700/792] Loss: 6661.9541
Epoch [14/20] Batch [710/792] Loss: 6374.1426
Epoch [14/20] Batch [720/792] Loss: 6466.1167
Epoch [14/20] Batch [730/792] Loss: 6459.9214
Epoch [14/20] Batch [740/792] Loss: 6322.7065
Epoch [14/20] Batch [750/792] Loss: 6380.7534
Epoch [14/20] Batch [760/792] Loss: 6593.6377
Epoch [14/20] Batch [770/792] Loss: 6544.6338
Epoch [14/20] Batch [780/792] Loss: 6390.2246
Epoch [14/20] Batch [790/792] Loss: 6405.1885
====> Epoch 14 Average loss: 6413.5291 (KL beta: 1.000)
Epoch [15/20] Batch [0/792] Loss: 6566.2070
Epoch [15/20] Batch [10/792] Loss: 6604.5049
Epoch [15/20] Batch [20/792] Loss: 6377.2871
Epoch [15/20] Batch [30/792] Loss: 6345.9873
Epoch [15/20] Batch [40/792] Loss: 6141.4429
Epoch [15/20] Batch [50/792] Loss: 6212.6323
Epoch [15/20] Batch [60/792] Loss: 6539.8062
Epoch [15/20] Batch [70/792] Loss: 6501.8350
Epoch [15/20] Batch [80/792] Loss: 6493.6230
Epoch [15/20] Batch [90/792] Loss: 6557.0874
Epoch [15/20] Batch [100/792] Loss: 6362.1094
Epoch [15/20] Batch [110/792] Loss: 6505.6938
Epoch [15/20] Batch [120/792] Loss: 6361.4917
Epoch [15/20] Batch [130/792] Loss: 6395.9844
Epoch [15/20] Batch [140/792] Loss: 6405.4102
Epoch [15/20] Batch [150/792] Loss: 6334.0747
Epoch [15/20] Batch [160/792] Loss: 6469.0298
Epoch [15/20] Batch [170/792] Loss: 6322.1919
Epoch [15/20] Batch [180/792] Loss: 6159.2437
Epoch [15/20] Batch [190/792] Loss: 6513.5698
Epoch [15/20] Batch [200/792] Loss: 6344.9531
Epoch [15/20] Batch [210/792] Loss: 6534.4805
Epoch [15/20] Batch [220/792] Loss: 6297.5845
Epoch [15/20] Batch [230/792] Loss: 6362.0171
Epoch [15/20] Batch [240/792] Loss: 6488.4531
Epoch [15/20] Batch [250/792] Loss: 6258.1318
Epoch [15/20] Batch [260/792] Loss: 6387.9360
Epoch [15/20] Batch [270/792] Loss: 6379.9863
Epoch [15/20] Batch [280/792] Loss: 6524.1982
Epoch [15/20] Batch [290/792] Loss: 6418.9575
Epoch [15/20] Batch [300/792] Loss: 6474.1577
Epoch [15/20] Batch [310/792] Loss: 6347.5464
Epoch [15/20] Batch [320/792] Loss: 6354.1138
Epoch [15/20] Batch [330/792] Loss: 6429.8638
Epoch [15/20] Batch [340/792] Loss: 6424.9043
Epoch [15/20] Batch [350/792] Loss: 6358.9102
Epoch [15/20] Batch [360/792] Loss: 6231.1772
Epoch [15/20] Batch [370/792] Loss: 6460.4595
Epoch [15/20] Batch [380/792] Loss: 6552.4438
Epoch [15/20] Batch [390/792] Loss: 6433.3682
Epoch [15/20] Batch [400/792] Loss: 6200.3291
Epoch [15/20] Batch [410/792] Loss: 6373.4204
Epoch [15/20] Batch [420/792] Loss: 6655.5571
Epoch [15/20] Batch [430/792] Loss: 6647.6289
Epoch [15/20] Batch [440/792] Loss: 6514.1807
Epoch [15/20] Batch [450/792] Loss: 6295.7700
Epoch [15/20] Batch [460/792] Loss: 6438.7109
Epoch [15/20] Batch [470/792] Loss: 6187.8350
Epoch [15/20] Batch [480/792] Loss: 6279.5322
Epoch [15/20] Batch [490/792] Loss: 6490.3140
Epoch [15/20] Batch [500/792] Loss: 6633.8945
Epoch [15/20] Batch [510/792] Loss: 6312.2964
Epoch [15/20] Batch [520/792] Loss: 6727.5757
Epoch [15/20] Batch [530/792] Loss: 6364.1577
Epoch [15/20] Batch [540/792] Loss: 6394.2793
Epoch [15/20] Batch [550/792] Loss: 6356.1392
Epoch [15/20] Batch [560/792] Loss: 6540.1089
Epoch [15/20] Batch [570/792] Loss: 6404.7642
Epoch [15/20] Batch [580/792] Loss: 6151.4146
Epoch [15/20] Batch [590/792] Loss: 6366.4443
Epoch [15/20] Batch [600/792] Loss: 6554.5649
Epoch [15/20] Batch [610/792] Loss: 6383.7280
Epoch [15/20] Batch [620/792] Loss: 6209.5327
Epoch [15/20] Batch [630/792] Loss: 6625.4893
Epoch [15/20] Batch [640/792] Loss: 6361.6763
Epoch [15/20] Batch [650/792] Loss: 6504.5830
Epoch [15/20] Batch [660/792] Loss: 6261.1133
Epoch [15/20] Batch [670/792] Loss: 6263.0508
Epoch [15/20] Batch [680/792] Loss: 6369.7949
Epoch [15/20] Batch [690/792] Loss: 6569.0698
Epoch [15/20] Batch [700/792] Loss: 6270.1802
Epoch [15/20] Batch [710/792] Loss: 6266.0830
Epoch [15/20] Batch [720/792] Loss: 6472.8643
Epoch [15/20] Batch [730/792] Loss: 6368.4512
Epoch [15/20] Batch [740/792] Loss: 6432.2915
Epoch [15/20] Batch [750/792] Loss: 6520.9692
Epoch [15/20] Batch [760/792] Loss: 6649.7344
Epoch [15/20] Batch [770/792] Loss: 6326.5557
Epoch [15/20] Batch [780/792] Loss: 6348.3481
Epoch [15/20] Batch [790/792] Loss: 6446.8164
====> Epoch 15 Average loss: 6413.0997 (KL beta: 1.000)
Epoch [16/20] Batch [0/792] Loss: 6494.4131
Epoch [16/20] Batch [10/792] Loss: 6404.6748
Epoch [16/20] Batch [20/792] Loss: 6259.6123
Epoch [16/20] Batch [30/792] Loss: 6458.9912
Epoch [16/20] Batch [40/792] Loss: 6297.4736
Epoch [16/20] Batch [50/792] Loss: 6291.2773
Epoch [16/20] Batch [60/792] Loss: 6236.7231
Epoch [16/20] Batch [70/792] Loss: 6301.5698
Epoch [16/20] Batch [80/792] Loss: 6602.2041
Epoch [16/20] Batch [90/792] Loss: 6199.8472
Epoch [16/20] Batch [100/792] Loss: 6288.5981
Epoch [16/20] Batch [110/792] Loss: 6409.1094
Epoch [16/20] Batch [120/792] Loss: 6473.3735
Epoch [16/20] Batch [130/792] Loss: 6388.7490
Epoch [16/20] Batch [140/792] Loss: 6492.5527
Epoch [16/20] Batch [150/792] Loss: 6476.1167
Epoch [16/20] Batch [160/792] Loss: 6546.8643
Epoch [16/20] Batch [170/792] Loss: 6545.3252
Epoch [16/20] Batch [180/792] Loss: 6347.4517
Epoch [16/20] Batch [190/792] Loss: 6345.9092
Epoch [16/20] Batch [200/792] Loss: 6466.9790
Epoch [16/20] Batch [210/792] Loss: 6434.3599
Epoch [16/20] Batch [220/792] Loss: 6533.3066
Epoch [16/20] Batch [230/792] Loss: 6415.1738
Epoch [16/20] Batch [240/792] Loss: 6461.6968
Epoch [16/20] Batch [250/792] Loss: 6510.2964
Epoch [16/20] Batch [260/792] Loss: 6499.8398
Epoch [16/20] Batch [270/792] Loss: 6355.5879
Epoch [16/20] Batch [280/792] Loss: 6301.9546
Epoch [16/20] Batch [290/792] Loss: 6364.4995
Epoch [16/20] Batch [300/792] Loss: 6376.0938
Epoch [16/20] Batch [310/792] Loss: 6446.9775
Epoch [16/20] Batch [320/792] Loss: 6357.4883
Epoch [16/20] Batch [330/792] Loss: 6368.4937
Epoch [16/20] Batch [340/792] Loss: 6514.7485
Epoch [16/20] Batch [350/792] Loss: 6409.5732
Epoch [16/20] Batch [360/792] Loss: 6535.1182
Epoch [16/20] Batch [370/792] Loss: 6520.5269
Epoch [16/20] Batch [380/792] Loss: 6610.1489
Epoch [16/20] Batch [390/792] Loss: 6450.2759
Epoch [16/20] Batch [400/792] Loss: 6763.6401
Epoch [16/20] Batch [410/792] Loss: 6348.6343
Epoch [16/20] Batch [420/792] Loss: 6479.5010
Epoch [16/20] Batch [430/792] Loss: 6605.1230
Epoch [16/20] Batch [440/792] Loss: 6414.4326
Epoch [16/20] Batch [450/792] Loss: 6454.4048
Epoch [16/20] Batch [460/792] Loss: 6608.5825
Epoch [16/20] Batch [470/792] Loss: 6429.0688
Epoch [16/20] Batch [480/792] Loss: 6545.9863
Epoch [16/20] Batch [490/792] Loss: 6406.6675
Epoch [16/20] Batch [500/792] Loss: 6525.0630
Epoch [16/20] Batch [510/792] Loss: 6405.5508
Epoch [16/20] Batch [520/792] Loss: 6427.1362
Epoch [16/20] Batch [530/792] Loss: 6389.8975
Epoch [16/20] Batch [540/792] Loss: 6531.7266
Epoch [16/20] Batch [550/792] Loss: 6214.8120
Epoch [16/20] Batch [560/792] Loss: 6503.4629
Epoch [16/20] Batch [570/792] Loss: 6393.2734
Epoch [16/20] Batch [580/792] Loss: 6408.3716
Epoch [16/20] Batch [590/792] Loss: 6257.9985
Epoch [16/20] Batch [600/792] Loss: 6388.2104
Epoch [16/20] Batch [610/792] Loss: 6297.2676
Epoch [16/20] Batch [620/792] Loss: 6224.0537
Epoch [16/20] Batch [630/792] Loss: 6369.2363
Epoch [16/20] Batch [640/792] Loss: 6385.1382
Epoch [16/20] Batch [650/792] Loss: 6407.3369
Epoch [16/20] Batch [660/792] Loss: 6395.2271
Epoch [16/20] Batch [670/792] Loss: 6317.1426
Epoch [16/20] Batch [680/792] Loss: 6393.2446
Epoch [16/20] Batch [690/792] Loss: 6421.0796
Epoch [16/20] Batch [700/792] Loss: 6365.8315
Epoch [16/20] Batch [710/792] Loss: 6411.4028
Epoch [16/20] Batch [720/792] Loss: 6314.3691
Epoch [16/20] Batch [730/792] Loss: 6507.6104
Epoch [16/20] Batch [740/792] Loss: 6313.0942
Epoch [16/20] Batch [750/792] Loss: 6426.1587
Epoch [16/20] Batch [760/792] Loss: 6460.0356
Epoch [16/20] Batch [770/792] Loss: 6181.2319
Epoch [16/20] Batch [780/792] Loss: 6330.0942
Epoch [16/20] Batch [790/792] Loss: 6587.0059
====> Epoch 16 Average loss: 6412.4477 (KL beta: 1.000)
Saving checkpoint at epoch 16...
Model saved to /home/sar0033/blindscrambler/scripts/models/models_vae_epoch_16.onnx
Epoch [17/20] Batch [0/792] Loss: 6283.7231
Epoch [17/20] Batch [10/792] Loss: 6584.8564
Epoch [17/20] Batch [20/792] Loss: 6471.8716
Epoch [17/20] Batch [30/792] Loss: 6390.8818
Epoch [17/20] Batch [40/792] Loss: 6642.4761
Epoch [17/20] Batch [50/792] Loss: 6384.2896
Epoch [17/20] Batch [60/792] Loss: 6511.3931
Epoch [17/20] Batch [70/792] Loss: 6593.6904
Epoch [17/20] Batch [80/792] Loss: 6530.1128
Epoch [17/20] Batch [90/792] Loss: 6433.8789
Epoch [17/20] Batch [100/792] Loss: 6413.0830
Epoch [17/20] Batch [110/792] Loss: 6463.5752
Epoch [17/20] Batch [120/792] Loss: 6546.8511
Epoch [17/20] Batch [130/792] Loss: 6378.1519
Epoch [17/20] Batch [140/792] Loss: 6419.5898
Epoch [17/20] Batch [150/792] Loss: 6455.6128
Epoch [17/20] Batch [160/792] Loss: 6401.8047
Epoch [17/20] Batch [170/792] Loss: 6379.4888
Epoch [17/20] Batch [180/792] Loss: 6373.7363
Epoch [17/20] Batch [190/792] Loss: 6538.9204
Epoch [17/20] Batch [200/792] Loss: 6543.8955
Epoch [17/20] Batch [210/792] Loss: 6504.9043
Epoch [17/20] Batch [220/792] Loss: 6217.2588
Epoch [17/20] Batch [230/792] Loss: 6418.2676
Epoch [17/20] Batch [240/792] Loss: 6500.4429
Epoch [17/20] Batch [250/792] Loss: 6293.6167
Epoch [17/20] Batch [260/792] Loss: 6171.3906
Epoch [17/20] Batch [270/792] Loss: 6422.3213
Epoch [17/20] Batch [280/792] Loss: 6574.6782
Epoch [17/20] Batch [290/792] Loss: 6326.6182
Epoch [17/20] Batch [300/792] Loss: 6673.2080
Epoch [17/20] Batch [310/792] Loss: 6285.1206
Epoch [17/20] Batch [320/792] Loss: 6380.9614
Epoch [17/20] Batch [330/792] Loss: 6350.7793
Epoch [17/20] Batch [340/792] Loss: 6294.8208
Epoch [17/20] Batch [350/792] Loss: 6200.1304
Epoch [17/20] Batch [360/792] Loss: 6417.9009
Epoch [17/20] Batch [370/792] Loss: 6744.6704
Epoch [17/20] Batch [380/792] Loss: 6577.3921
Epoch [17/20] Batch [390/792] Loss: 6447.0049
Epoch [17/20] Batch [400/792] Loss: 6611.3027
Epoch [17/20] Batch [410/792] Loss: 6499.0513
Epoch [17/20] Batch [420/792] Loss: 6522.2651
Epoch [17/20] Batch [430/792] Loss: 6509.2695
Epoch [17/20] Batch [440/792] Loss: 6472.8120
Epoch [17/20] Batch [450/792] Loss: 6315.6338
Epoch [17/20] Batch [460/792] Loss: 6568.4634
Epoch [17/20] Batch [470/792] Loss: 6467.3638
Epoch [17/20] Batch [480/792] Loss: 6292.5947
Epoch [17/20] Batch [490/792] Loss: 6256.8076
Epoch [17/20] Batch [500/792] Loss: 6301.7876
Epoch [17/20] Batch [510/792] Loss: 6568.8237
Epoch [17/20] Batch [520/792] Loss: 6253.6045
Epoch [17/20] Batch [530/792] Loss: 6477.5352
Epoch [17/20] Batch [540/792] Loss: 6461.5190
Epoch [17/20] Batch [550/792] Loss: 6473.7544
Epoch [17/20] Batch [560/792] Loss: 6641.7905
Epoch [17/20] Batch [570/792] Loss: 6385.4282
Epoch [17/20] Batch [580/792] Loss: 6346.2109
Epoch [17/20] Batch [590/792] Loss: 6256.0483
Epoch [17/20] Batch [600/792] Loss: 6315.1914
Epoch [17/20] Batch [610/792] Loss: 6363.5859
Epoch [17/20] Batch [620/792] Loss: 6275.8618
Epoch [17/20] Batch [630/792] Loss: 6262.7695
Epoch [17/20] Batch [640/792] Loss: 6546.8647
Epoch [17/20] Batch [650/792] Loss: 6413.0449
Epoch [17/20] Batch [660/792] Loss: 6304.6709
Epoch [17/20] Batch [670/792] Loss: 6533.7236
Epoch [17/20] Batch [680/792] Loss: 6575.4126
Epoch [17/20] Batch [690/792] Loss: 6282.8809
Epoch [17/20] Batch [700/792] Loss: 6270.1338
Epoch [17/20] Batch [710/792] Loss: 6413.0186
Epoch [17/20] Batch [720/792] Loss: 6414.4468
Epoch [17/20] Batch [730/792] Loss: 6311.7388
Epoch [17/20] Batch [740/792] Loss: 6429.8086
Epoch [17/20] Batch [750/792] Loss: 6366.5542
Epoch [17/20] Batch [760/792] Loss: 6390.1880
Epoch [17/20] Batch [770/792] Loss: 6393.1870
Epoch [17/20] Batch [780/792] Loss: 6338.8145
Epoch [17/20] Batch [790/792] Loss: 6468.5200
====> Epoch 17 Average loss: 6411.5257 (KL beta: 1.000)
Epoch [18/20] Batch [0/792] Loss: 6372.0366
Epoch [18/20] Batch [10/792] Loss: 6445.9028
Epoch [18/20] Batch [20/792] Loss: 6539.9990
Epoch [18/20] Batch [30/792] Loss: 6362.4858
Epoch [18/20] Batch [40/792] Loss: 6247.4678
Epoch [18/20] Batch [50/792] Loss: 6255.0229
Epoch [18/20] Batch [60/792] Loss: 6573.9736
Epoch [18/20] Batch [70/792] Loss: 6438.8960
Epoch [18/20] Batch [80/792] Loss: 6447.0176
Epoch [18/20] Batch [90/792] Loss: 6596.4033
Epoch [18/20] Batch [100/792] Loss: 6561.0972
Epoch [18/20] Batch [110/792] Loss: 6540.6377
Epoch [18/20] Batch [120/792] Loss: 6554.7207
Epoch [18/20] Batch [130/792] Loss: 6253.2949
Epoch [18/20] Batch [140/792] Loss: 6378.0972
Epoch [18/20] Batch [150/792] Loss: 6365.0752
Epoch [18/20] Batch [160/792] Loss: 6281.7441
Epoch [18/20] Batch [170/792] Loss: 6413.7119
Epoch [18/20] Batch [180/792] Loss: 6502.8818
Epoch [18/20] Batch [190/792] Loss: 6419.4697
Epoch [18/20] Batch [200/792] Loss: 6616.9937
Epoch [18/20] Batch [210/792] Loss: 6470.5508
Epoch [18/20] Batch [220/792] Loss: 6509.6392
Epoch [18/20] Batch [230/792] Loss: 6399.6494
Epoch [18/20] Batch [240/792] Loss: 6300.1929
Epoch [18/20] Batch [250/792] Loss: 6324.8779
Epoch [18/20] Batch [260/792] Loss: 6475.9990
Epoch [18/20] Batch [270/792] Loss: 6580.2998
Epoch [18/20] Batch [280/792] Loss: 6300.5581
Epoch [18/20] Batch [290/792] Loss: 6627.6597
Epoch [18/20] Batch [300/792] Loss: 6465.1890
Epoch [18/20] Batch [310/792] Loss: 6398.8867
Epoch [18/20] Batch [320/792] Loss: 6489.3994
Epoch [18/20] Batch [330/792] Loss: 6544.5586
Epoch [18/20] Batch [340/792] Loss: 6322.3501
Epoch [18/20] Batch [350/792] Loss: 6243.5854
Epoch [18/20] Batch [360/792] Loss: 6311.5054
Epoch [18/20] Batch [370/792] Loss: 6297.6460
Epoch [18/20] Batch [380/792] Loss: 6244.4043
Epoch [18/20] Batch [390/792] Loss: 6380.4458
Epoch [18/20] Batch [400/792] Loss: 6318.2817
Epoch [18/20] Batch [410/792] Loss: 6539.3115
Epoch [18/20] Batch [420/792] Loss: 6415.9453
Epoch [18/20] Batch [430/792] Loss: 6493.0312
Epoch [18/20] Batch [440/792] Loss: 6402.1597
Epoch [18/20] Batch [450/792] Loss: 6791.9048
Epoch [18/20] Batch [460/792] Loss: 6271.2466
Epoch [18/20] Batch [470/792] Loss: 6451.3638
Epoch [18/20] Batch [480/792] Loss: 6315.6299
Epoch [18/20] Batch [490/792] Loss: 6371.9126
Epoch [18/20] Batch [500/792] Loss: 6462.6074
Epoch [18/20] Batch [510/792] Loss: 6520.6895
Epoch [18/20] Batch [520/792] Loss: 6512.6802
Epoch [18/20] Batch [530/792] Loss: 6377.6191
Epoch [18/20] Batch [540/792] Loss: 6374.7871
Epoch [18/20] Batch [550/792] Loss: 6325.9258
Epoch [18/20] Batch [560/792] Loss: 6262.5210
Epoch [18/20] Batch [570/792] Loss: 6576.3643
Epoch [18/20] Batch [580/792] Loss: 6041.1157
Epoch [18/20] Batch [590/792] Loss: 6403.9180
Epoch [18/20] Batch [600/792] Loss: 6463.4717
Epoch [18/20] Batch [610/792] Loss: 6679.8521
Epoch [18/20] Batch [620/792] Loss: 6444.4990
Epoch [18/20] Batch [630/792] Loss: 6357.9106
Epoch [18/20] Batch [640/792] Loss: 6418.6089
Epoch [18/20] Batch [650/792] Loss: 6506.6924
Epoch [18/20] Batch [660/792] Loss: 6460.2407
Epoch [18/20] Batch [670/792] Loss: 6181.7231
Epoch [18/20] Batch [680/792] Loss: 6532.4360
Epoch [18/20] Batch [690/792] Loss: 6485.3120
Epoch [18/20] Batch [700/792] Loss: 6400.0039
Epoch [18/20] Batch [710/792] Loss: 6357.9883
Epoch [18/20] Batch [720/792] Loss: 6386.2158
Epoch [18/20] Batch [730/792] Loss: 6327.1177
Epoch [18/20] Batch [740/792] Loss: 6587.6069
Epoch [18/20] Batch [750/792] Loss: 6500.2900
Epoch [18/20] Batch [760/792] Loss: 6564.0098
Epoch [18/20] Batch [770/792] Loss: 6545.6768
Epoch [18/20] Batch [780/792] Loss: 6524.0967
Epoch [18/20] Batch [790/792] Loss: 6321.7876
====> Epoch 18 Average loss: 6411.1996 (KL beta: 1.000)
Epoch [19/20] Batch [0/792] Loss: 6359.8462
Epoch [19/20] Batch [10/792] Loss: 6469.4756
Epoch [19/20] Batch [20/792] Loss: 6515.6641
Epoch [19/20] Batch [30/792] Loss: 6432.5044
Epoch [19/20] Batch [40/792] Loss: 6083.3354
Epoch [19/20] Batch [50/792] Loss: 6315.7427
Epoch [19/20] Batch [60/792] Loss: 6545.6113
Epoch [19/20] Batch [70/792] Loss: 6455.8315
Epoch [19/20] Batch [80/792] Loss: 6558.4219
Epoch [19/20] Batch [90/792] Loss: 6556.2402
Epoch [19/20] Batch [100/792] Loss: 6348.7085
Epoch [19/20] Batch [110/792] Loss: 6429.4941
Epoch [19/20] Batch [120/792] Loss: 6296.6123
Epoch [19/20] Batch [130/792] Loss: 6368.1885
Epoch [19/20] Batch [140/792] Loss: 6264.8711
Epoch [19/20] Batch [150/792] Loss: 6174.0874
Epoch [19/20] Batch [160/792] Loss: 6322.4775
Epoch [19/20] Batch [170/792] Loss: 6259.5166
Epoch [19/20] Batch [180/792] Loss: 6375.0605
Epoch [19/20] Batch [190/792] Loss: 6591.1812
Epoch [19/20] Batch [200/792] Loss: 6401.8311
Epoch [19/20] Batch [210/792] Loss: 6260.4897
Epoch [19/20] Batch [220/792] Loss: 6445.6040
Epoch [19/20] Batch [230/792] Loss: 6381.2461
Epoch [19/20] Batch [240/792] Loss: 6331.1792
Epoch [19/20] Batch [250/792] Loss: 6384.6001
Epoch [19/20] Batch [260/792] Loss: 6435.6714
Epoch [19/20] Batch [270/792] Loss: 6592.0400
Epoch [19/20] Batch [280/792] Loss: 6433.4937
Epoch [19/20] Batch [290/792] Loss: 6275.2407
Epoch [19/20] Batch [300/792] Loss: 6412.1387
Epoch [19/20] Batch [310/792] Loss: 6453.4580
Epoch [19/20] Batch [320/792] Loss: 6317.8066
Epoch [19/20] Batch [330/792] Loss: 6399.6206
Epoch [19/20] Batch [340/792] Loss: 6502.0479
Epoch [19/20] Batch [350/792] Loss: 6470.5464
Epoch [19/20] Batch [360/792] Loss: 6504.6084
Epoch [19/20] Batch [370/792] Loss: 6371.5903
Epoch [19/20] Batch [380/792] Loss: 6161.2471
Epoch [19/20] Batch [390/792] Loss: 6433.2583
Epoch [19/20] Batch [400/792] Loss: 6363.0005
Epoch [19/20] Batch [410/792] Loss: 6203.9819
Epoch [19/20] Batch [420/792] Loss: 6210.6299
Epoch [19/20] Batch [430/792] Loss: 6247.8428
Epoch [19/20] Batch [440/792] Loss: 6308.0581
Epoch [19/20] Batch [450/792] Loss: 6402.2900
Epoch [19/20] Batch [460/792] Loss: 6264.5884
Epoch [19/20] Batch [470/792] Loss: 6280.2622
Epoch [19/20] Batch [480/792] Loss: 6318.5234
Epoch [19/20] Batch [490/792] Loss: 6501.6621
Epoch [19/20] Batch [500/792] Loss: 6539.7661
Epoch [19/20] Batch [510/792] Loss: 6513.1704
Epoch [19/20] Batch [520/792] Loss: 6376.7563
Epoch [19/20] Batch [530/792] Loss: 6388.7837
Epoch [19/20] Batch [540/792] Loss: 6241.1265
Epoch [19/20] Batch [550/792] Loss: 6391.3145
Epoch [19/20] Batch [560/792] Loss: 6343.3354
Epoch [19/20] Batch [570/792] Loss: 6661.4541
Epoch [19/20] Batch [580/792] Loss: 6453.9209
Epoch [19/20] Batch [590/792] Loss: 6418.7690
Epoch [19/20] Batch [600/792] Loss: 6240.7554
Epoch [19/20] Batch [610/792] Loss: 6531.2021
Epoch [19/20] Batch [620/792] Loss: 6363.7295
Epoch [19/20] Batch [630/792] Loss: 6572.5156
Epoch [19/20] Batch [640/792] Loss: 6611.2720
Epoch [19/20] Batch [650/792] Loss: 6311.3877
Epoch [19/20] Batch [660/792] Loss: 6320.2109
Epoch [19/20] Batch [670/792] Loss: 6404.7100
Epoch [19/20] Batch [680/792] Loss: 6460.5049
Epoch [19/20] Batch [690/792] Loss: 6562.3643
Epoch [19/20] Batch [700/792] Loss: 6500.4902
Epoch [19/20] Batch [710/792] Loss: 6368.3901
Epoch [19/20] Batch [720/792] Loss: 6293.8550
Epoch [19/20] Batch [730/792] Loss: 6498.6260
Epoch [19/20] Batch [740/792] Loss: 6280.5132
Epoch [19/20] Batch [750/792] Loss: 6476.1709
Epoch [19/20] Batch [760/792] Loss: 6294.1538
Epoch [19/20] Batch [770/792] Loss: 6422.1509
Epoch [19/20] Batch [780/792] Loss: 6700.5601
Epoch [19/20] Batch [790/792] Loss: 6475.9419
====> Epoch 19 Average loss: 6410.2993 (KL beta: 1.000)
Saving checkpoint at epoch 19...
Model saved to /home/sar0033/blindscrambler/scripts/models/models_vae_epoch_19.onnx
Epoch [20/20] Batch [0/792] Loss: 6434.6650
Epoch [20/20] Batch [10/792] Loss: 6459.2158
Epoch [20/20] Batch [20/792] Loss: 6325.5742
Epoch [20/20] Batch [30/792] Loss: 6452.2720
Epoch [20/20] Batch [40/792] Loss: 6263.4673
Epoch [20/20] Batch [50/792] Loss: 6401.2202
Epoch [20/20] Batch [60/792] Loss: 6448.8169
Epoch [20/20] Batch [70/792] Loss: 6513.4526
Epoch [20/20] Batch [80/792] Loss: 6552.7168
Epoch [20/20] Batch [90/792] Loss: 6387.8965
Epoch [20/20] Batch [100/792] Loss: 6502.5581
Epoch [20/20] Batch [110/792] Loss: 6537.6611
Epoch [20/20] Batch [120/792] Loss: 6405.7783
Epoch [20/20] Batch [130/792] Loss: 6172.1650
Epoch [20/20] Batch [140/792] Loss: 6363.2437
Epoch [20/20] Batch [150/792] Loss: 6674.8423
Epoch [20/20] Batch [160/792] Loss: 6385.7158
Epoch [20/20] Batch [170/792] Loss: 6374.0454
Epoch [20/20] Batch [180/792] Loss: 6372.0200
Epoch [20/20] Batch [190/792] Loss: 6359.1958
Epoch [20/20] Batch [200/792] Loss: 6353.7974
Epoch [20/20] Batch [210/792] Loss: 6376.2310
Epoch [20/20] Batch [220/792] Loss: 6317.1704
Epoch [20/20] Batch [230/792] Loss: 6347.1753
Epoch [20/20] Batch [240/792] Loss: 6451.1567
Epoch [20/20] Batch [250/792] Loss: 6522.5142
Epoch [20/20] Batch [260/792] Loss: 6428.3877
Epoch [20/20] Batch [270/792] Loss: 6230.8491
Epoch [20/20] Batch [280/792] Loss: 6422.4009
Epoch [20/20] Batch [290/792] Loss: 6554.1670
Epoch [20/20] Batch [300/792] Loss: 6441.0376
Epoch [20/20] Batch [310/792] Loss: 6620.9092
Epoch [20/20] Batch [320/792] Loss: 6310.9170
Epoch [20/20] Batch [330/792] Loss: 6227.1118
Epoch [20/20] Batch [340/792] Loss: 6394.4331
Epoch [20/20] Batch [350/792] Loss: 6343.7183
Epoch [20/20] Batch [360/792] Loss: 6653.4258
Epoch [20/20] Batch [370/792] Loss: 6324.9551
Epoch [20/20] Batch [380/792] Loss: 6249.7090
Epoch [20/20] Batch [390/792] Loss: 6343.1025
Epoch [20/20] Batch [400/792] Loss: 6234.6475
Epoch [20/20] Batch [410/792] Loss: 6388.2959
Epoch [20/20] Batch [420/792] Loss: 6142.0679
Epoch [20/20] Batch [430/792] Loss: 6219.1528
Epoch [20/20] Batch [440/792] Loss: 6484.5718
Epoch [20/20] Batch [450/792] Loss: 6426.8252
Epoch [20/20] Batch [460/792] Loss: 6400.9038
Epoch [20/20] Batch [470/792] Loss: 6637.9160
Epoch [20/20] Batch [480/792] Loss: 6548.0005
Epoch [20/20] Batch [490/792] Loss: 6408.0684
Epoch [20/20] Batch [500/792] Loss: 6526.7285
Epoch [20/20] Batch [510/792] Loss: 6466.1133
Epoch [20/20] Batch [520/792] Loss: 6384.1416
Epoch [20/20] Batch [530/792] Loss: 6545.9292
Epoch [20/20] Batch [540/792] Loss: 6221.1133
Epoch [20/20] Batch [550/792] Loss: 6557.3682
Epoch [20/20] Batch [560/792] Loss: 6404.1650
Epoch [20/20] Batch [570/792] Loss: 6278.3228
Epoch [20/20] Batch [580/792] Loss: 6098.2349
Epoch [20/20] Batch [590/792] Loss: 6574.3667
Epoch [20/20] Batch [600/792] Loss: 6381.0269
Epoch [20/20] Batch [610/792] Loss: 6461.1206
Epoch [20/20] Batch [620/792] Loss: 6197.4561
Epoch [20/20] Batch [630/792] Loss: 6555.6646
Epoch [20/20] Batch [640/792] Loss: 6406.4380
Epoch [20/20] Batch [650/792] Loss: 6322.2871
Epoch [20/20] Batch [660/792] Loss: 6491.2534
Epoch [20/20] Batch [670/792] Loss: 6038.8271
Epoch [20/20] Batch [680/792] Loss: 6277.7749
Epoch [20/20] Batch [690/792] Loss: 6253.4644
Epoch [20/20] Batch [700/792] Loss: 6460.8418
Epoch [20/20] Batch [710/792] Loss: 6389.3579
Epoch [20/20] Batch [720/792] Loss: 6522.1602
Epoch [20/20] Batch [730/792] Loss: 6380.1841
Epoch [20/20] Batch [740/792] Loss: 6497.0601
Epoch [20/20] Batch [750/792] Loss: 6411.6904
Epoch [20/20] Batch [760/792] Loss: 6408.3662
Epoch [20/20] Batch [770/792] Loss: 6284.3652
Epoch [20/20] Batch [780/792] Loss: 6244.0469
Epoch [20/20] Batch [790/792] Loss: 6442.0830
====> Epoch 20 Average loss: 6409.4095 (KL beta: 1.000)
Saving final model and samples at 20...
Model saved to /home/sar0033/blindscrambler/scripts/models/models_vae_epoch_20.onnx
2026-04-28 18:00:38,702 - INFO - VAE training completed
2026-04-28 18:00:38,702 - INFO - Training pipeline completed
