Starting Generator Model Training at Sat Apr 25 07:01:19 PM CDT 2026
Model: diffusion
Epochs: 20
Batch Size: 64
Learning Rate: 0.002
Data Fraction: 0.25
Process ID: 3029357
======================================================
Python Process PID: 3029364
2026-04-25 19:01:25,356 - INFO - Selected GPU: 1
2026-04-25 19:01:26,471 - INFO - Dataset size: 50649 images
2026-04-25 19:02:30,931 - INFO - Batch shape: torch.Size([64, 3, 64, 64])
2026-04-25 19:02:30,932 - INFO - Batch range: [0.00, 1.00]
2026-04-25 19:02:31,335 - INFO - Models and optimizers initialized
2026-04-25 19:02:31,335 - INFO - Starting Diffusion model training...
Epoch [1/20] Batch [0/792] Loss: 1.0078
Epoch [1/20] Batch [10/792] Loss: 0.9614
Epoch [1/20] Batch [20/792] Loss: 0.8743
Epoch [1/20] Batch [30/792] Loss: 0.7946
Epoch [1/20] Batch [40/792] Loss: 0.7369
Epoch [1/20] Batch [50/792] Loss: 0.7142
Epoch [1/20] Batch [60/792] Loss: 0.7026
Epoch [1/20] Batch [70/792] Loss: 0.6967
Epoch [1/20] Batch [80/792] Loss: 0.6926
Epoch [1/20] Batch [90/792] Loss: 0.6824
Epoch [1/20] Batch [100/792] Loss: 0.6694
Epoch [1/20] Batch [110/792] Loss: 0.6260
Epoch [1/20] Batch [120/792] Loss: 0.5950
Epoch [1/20] Batch [130/792] Loss: 0.5598
Epoch [1/20] Batch [140/792] Loss: 0.5100
Epoch [1/20] Batch [150/792] Loss: 0.4785
Epoch [1/20] Batch [160/792] Loss: 0.4468
Epoch [1/20] Batch [170/792] Loss: 0.4115
Epoch [1/20] Batch [180/792] Loss: 0.3882
Epoch [1/20] Batch [190/792] Loss: 0.3750
Epoch [1/20] Batch [200/792] Loss: 0.3547
Epoch [1/20] Batch [210/792] Loss: 0.3586
Epoch [1/20] Batch [220/792] Loss: 0.3312
Epoch [1/20] Batch [230/792] Loss: 0.2818
Epoch [1/20] Batch [240/792] Loss: 0.2760
Epoch [1/20] Batch [250/792] Loss: 0.2295
Epoch [1/20] Batch [260/792] Loss: 0.2130
Epoch [1/20] Batch [270/792] Loss: 0.1765
Epoch [1/20] Batch [280/792] Loss: 0.1896
Epoch [1/20] Batch [290/792] Loss: 0.1528
Epoch [1/20] Batch [300/792] Loss: 0.1500
Epoch [1/20] Batch [310/792] Loss: 0.1303
Epoch [1/20] Batch [320/792] Loss: 0.1140
Epoch [1/20] Batch [330/792] Loss: 0.1197
Epoch [1/20] Batch [340/792] Loss: 0.1404
Epoch [1/20] Batch [350/792] Loss: 0.1123
Epoch [1/20] Batch [360/792] Loss: 0.1029
Epoch [1/20] Batch [370/792] Loss: 0.1156
Epoch [1/20] Batch [380/792] Loss: 0.1220
Epoch [1/20] Batch [390/792] Loss: 0.1070
Epoch [1/20] Batch [400/792] Loss: 0.0953
Epoch [1/20] Batch [410/792] Loss: 0.1165
Epoch [1/20] Batch [420/792] Loss: 0.1054
Epoch [1/20] Batch [430/792] Loss: 0.1242
Epoch [1/20] Batch [440/792] Loss: 0.0826
Epoch [1/20] Batch [450/792] Loss: 0.0886
Epoch [1/20] Batch [460/792] Loss: 0.0991
Epoch [1/20] Batch [470/792] Loss: 0.0925
Epoch [1/20] Batch [480/792] Loss: 0.0945
Epoch [1/20] Batch [490/792] Loss: 0.0926
Epoch [1/20] Batch [500/792] Loss: 0.0944
Epoch [1/20] Batch [510/792] Loss: 0.0685
Epoch [1/20] Batch [520/792] Loss: 0.0702
Epoch [1/20] Batch [530/792] Loss: 0.0690
Epoch [1/20] Batch [540/792] Loss: 0.0717
Epoch [1/20] Batch [550/792] Loss: 0.0990
Epoch [1/20] Batch [560/792] Loss: 0.0857
Epoch [1/20] Batch [570/792] Loss: 0.0737
Epoch [1/20] Batch [580/792] Loss: 0.0864
Epoch [1/20] Batch [590/792] Loss: 0.0803
Epoch [1/20] Batch [600/792] Loss: 0.0700
Epoch [1/20] Batch [610/792] Loss: 0.0742
Epoch [1/20] Batch [620/792] Loss: 0.0786
Epoch [1/20] Batch [630/792] Loss: 0.0640
Epoch [1/20] Batch [640/792] Loss: 0.0792
Epoch [1/20] Batch [650/792] Loss: 0.0831
Epoch [1/20] Batch [660/792] Loss: 0.0703
Epoch [1/20] Batch [670/792] Loss: 0.0737
Epoch [1/20] Batch [680/792] Loss: 0.0665
Epoch [1/20] Batch [690/792] Loss: 0.0647
Epoch [1/20] Batch [700/792] Loss: 0.0756
Epoch [1/20] Batch [710/792] Loss: 0.0915
Epoch [1/20] Batch [720/792] Loss: 0.0933
Epoch [1/20] Batch [730/792] Loss: 0.0856
Epoch [1/20] Batch [740/792] Loss: 0.0589
Epoch [1/20] Batch [750/792] Loss: 0.0601
Epoch [1/20] Batch [760/792] Loss: 0.0810
Epoch [1/20] Batch [770/792] Loss: 0.0564
Epoch [1/20] Batch [780/792] Loss: 0.0975
Epoch [1/20] Batch [790/792] Loss: 0.0951
Loss at epoch 1: 0.248 --> Best model ever (stored)
Saving checkpoint at epoch 1...
Model saved to /home/sar0033/blindscrambler/scripts/models/models_diffusion_epoch_1.onnx
Epoch [2/20] Batch [0/792] Loss: 0.0807
Epoch [2/20] Batch [10/792] Loss: 0.0763
Epoch [2/20] Batch [20/792] Loss: 0.0534
Epoch [2/20] Batch [30/792] Loss: 0.0770
Epoch [2/20] Batch [40/792] Loss: 0.0649
Epoch [2/20] Batch [50/792] Loss: 0.1092
Epoch [2/20] Batch [60/792] Loss: 0.0750
Epoch [2/20] Batch [70/792] Loss: 0.0595
Epoch [2/20] Batch [80/792] Loss: 0.0763
Epoch [2/20] Batch [90/792] Loss: 0.0593
Epoch [2/20] Batch [100/792] Loss: 0.0587
Epoch [2/20] Batch [110/792] Loss: 0.0704
Epoch [2/20] Batch [120/792] Loss: 0.0687
Epoch [2/20] Batch [130/792] Loss: 0.0806
Epoch [2/20] Batch [140/792] Loss: 0.0576
Epoch [2/20] Batch [150/792] Loss: 0.1097
Epoch [2/20] Batch [160/792] Loss: 0.0646
Epoch [2/20] Batch [170/792] Loss: 0.0487
Epoch [2/20] Batch [180/792] Loss: 0.0758
Epoch [2/20] Batch [190/792] Loss: 0.0566
Epoch [2/20] Batch [200/792] Loss: 0.0557
Epoch [2/20] Batch [210/792] Loss: 0.0640
Epoch [2/20] Batch [220/792] Loss: 0.0451
Epoch [2/20] Batch [230/792] Loss: 0.0533
Epoch [2/20] Batch [240/792] Loss: 0.0492
Epoch [2/20] Batch [250/792] Loss: 0.0606
Epoch [2/20] Batch [260/792] Loss: 0.0514
Epoch [2/20] Batch [270/792] Loss: 0.0631
Epoch [2/20] Batch [280/792] Loss: 0.0779
Epoch [2/20] Batch [290/792] Loss: 0.0521
Epoch [2/20] Batch [300/792] Loss: 0.0492
Epoch [2/20] Batch [310/792] Loss: 0.0513
Epoch [2/20] Batch [320/792] Loss: 0.0541
Epoch [2/20] Batch [330/792] Loss: 0.0793
Epoch [2/20] Batch [340/792] Loss: 0.0539
Epoch [2/20] Batch [350/792] Loss: 0.0551
Epoch [2/20] Batch [360/792] Loss: 0.0493
Epoch [2/20] Batch [370/792] Loss: 0.0764
Epoch [2/20] Batch [380/792] Loss: 0.0485
Epoch [2/20] Batch [390/792] Loss: 0.0576
Epoch [2/20] Batch [400/792] Loss: 0.0402
Epoch [2/20] Batch [410/792] Loss: 0.0579
Epoch [2/20] Batch [420/792] Loss: 0.0573
Epoch [2/20] Batch [430/792] Loss: 0.0635
Epoch [2/20] Batch [440/792] Loss: 0.0551
Epoch [2/20] Batch [450/792] Loss: 0.0438
Epoch [2/20] Batch [460/792] Loss: 0.0832
Epoch [2/20] Batch [470/792] Loss: 0.0680
Epoch [2/20] Batch [480/792] Loss: 0.0644
Epoch [2/20] Batch [490/792] Loss: 0.0669
Epoch [2/20] Batch [500/792] Loss: 0.0582
Epoch [2/20] Batch [510/792] Loss: 0.0482
Epoch [2/20] Batch [520/792] Loss: 0.0587
Epoch [2/20] Batch [530/792] Loss: 0.0688
Epoch [2/20] Batch [540/792] Loss: 0.0542
Epoch [2/20] Batch [550/792] Loss: 0.0478
Epoch [2/20] Batch [560/792] Loss: 0.0601
Epoch [2/20] Batch [570/792] Loss: 0.0416
Epoch [2/20] Batch [580/792] Loss: 0.0505
Epoch [2/20] Batch [590/792] Loss: 0.0422
Epoch [2/20] Batch [600/792] Loss: 0.0404
Epoch [2/20] Batch [610/792] Loss: 0.0467
Epoch [2/20] Batch [620/792] Loss: 0.0702
Epoch [2/20] Batch [630/792] Loss: 0.0742
Epoch [2/20] Batch [640/792] Loss: 0.0565
Epoch [2/20] Batch [650/792] Loss: 0.0511
Epoch [2/20] Batch [660/792] Loss: 0.0548
Epoch [2/20] Batch [670/792] Loss: 0.0522
Epoch [2/20] Batch [680/792] Loss: 0.0506
Epoch [2/20] Batch [690/792] Loss: 0.0475
Epoch [2/20] Batch [700/792] Loss: 0.0602
Epoch [2/20] Batch [710/792] Loss: 0.0471
Epoch [2/20] Batch [720/792] Loss: 0.0461
Epoch [2/20] Batch [730/792] Loss: 0.0598
Epoch [2/20] Batch [740/792] Loss: 0.0423
Epoch [2/20] Batch [750/792] Loss: 0.0414
Epoch [2/20] Batch [760/792] Loss: 0.0489
Epoch [2/20] Batch [770/792] Loss: 0.0469
Epoch [2/20] Batch [780/792] Loss: 0.0467
Epoch [2/20] Batch [790/792] Loss: 0.0500
Loss at epoch 2: 0.059 --> Best model ever (stored)
Epoch [3/20] Batch [0/792] Loss: 0.0505
Epoch [3/20] Batch [10/792] Loss: 0.0548
Epoch [3/20] Batch [20/792] Loss: 0.0463
Epoch [3/20] Batch [30/792] Loss: 0.0562
Epoch [3/20] Batch [40/792] Loss: 0.0485
Epoch [3/20] Batch [50/792] Loss: 0.0569
Epoch [3/20] Batch [60/792] Loss: 0.0449
Epoch [3/20] Batch [70/792] Loss: 0.0616
Epoch [3/20] Batch [80/792] Loss: 0.0523
Epoch [3/20] Batch [90/792] Loss: 0.0484
Epoch [3/20] Batch [100/792] Loss: 0.0596
Epoch [3/20] Batch [110/792] Loss: 0.0461
Epoch [3/20] Batch [120/792] Loss: 0.0405
Epoch [3/20] Batch [130/792] Loss: 0.0369
Epoch [3/20] Batch [140/792] Loss: 0.0634
Epoch [3/20] Batch [150/792] Loss: 0.0428
Epoch [3/20] Batch [160/792] Loss: 0.0503
Epoch [3/20] Batch [170/792] Loss: 0.0310
Epoch [3/20] Batch [180/792] Loss: 0.0414
Epoch [3/20] Batch [190/792] Loss: 0.0542
Epoch [3/20] Batch [200/792] Loss: 0.0417
Epoch [3/20] Batch [210/792] Loss: 0.0490
Epoch [3/20] Batch [220/792] Loss: 0.0693
Epoch [3/20] Batch [230/792] Loss: 0.0338
Epoch [3/20] Batch [240/792] Loss: 0.0563
Epoch [3/20] Batch [250/792] Loss: 0.0423
Epoch [3/20] Batch [260/792] Loss: 0.0414
Epoch [3/20] Batch [270/792] Loss: 0.0362
Epoch [3/20] Batch [280/792] Loss: 0.0569
Epoch [3/20] Batch [290/792] Loss: 0.0461
Epoch [3/20] Batch [300/792] Loss: 0.0412
Epoch [3/20] Batch [310/792] Loss: 0.0480
Epoch [3/20] Batch [320/792] Loss: 0.0381
Epoch [3/20] Batch [330/792] Loss: 0.0454
Epoch [3/20] Batch [340/792] Loss: 0.0656
Epoch [3/20] Batch [350/792] Loss: 0.0470
Epoch [3/20] Batch [360/792] Loss: 0.0443
Epoch [3/20] Batch [370/792] Loss: 0.0520
Epoch [3/20] Batch [380/792] Loss: 0.0520
Epoch [3/20] Batch [390/792] Loss: 0.0336
Epoch [3/20] Batch [400/792] Loss: 0.0436
Epoch [3/20] Batch [410/792] Loss: 0.0390
Epoch [3/20] Batch [420/792] Loss: 0.0357
Epoch [3/20] Batch [430/792] Loss: 0.0447
Epoch [3/20] Batch [440/792] Loss: 0.0600
Epoch [3/20] Batch [450/792] Loss: 0.0399
Epoch [3/20] Batch [460/792] Loss: 0.0538
Epoch [3/20] Batch [470/792] Loss: 0.0339
Epoch [3/20] Batch [480/792] Loss: 0.0472
Epoch [3/20] Batch [490/792] Loss: 0.0436
Epoch [3/20] Batch [500/792] Loss: 0.0568
Epoch [3/20] Batch [510/792] Loss: 0.0548
Epoch [3/20] Batch [520/792] Loss: 0.0339
Epoch [3/20] Batch [530/792] Loss: 0.0475
Epoch [3/20] Batch [540/792] Loss: 0.0269
Epoch [3/20] Batch [550/792] Loss: 0.0409
Epoch [3/20] Batch [560/792] Loss: 0.0378
Epoch [3/20] Batch [570/792] Loss: 0.0337
Epoch [3/20] Batch [580/792] Loss: 0.0464
Epoch [3/20] Batch [590/792] Loss: 0.0404
Epoch [3/20] Batch [600/792] Loss: 0.0436
Epoch [3/20] Batch [610/792] Loss: 0.0380
Epoch [3/20] Batch [620/792] Loss: 0.0445
Epoch [3/20] Batch [630/792] Loss: 0.0450
Epoch [3/20] Batch [640/792] Loss: 0.0377
Epoch [3/20] Batch [650/792] Loss: 0.0539
Epoch [3/20] Batch [660/792] Loss: 0.0483
Epoch [3/20] Batch [670/792] Loss: 0.0409
Epoch [3/20] Batch [680/792] Loss: 0.0330
Epoch [3/20] Batch [690/792] Loss: 0.0334
Epoch [3/20] Batch [700/792] Loss: 0.0351
Epoch [3/20] Batch [710/792] Loss: 0.0313
Epoch [3/20] Batch [720/792] Loss: 0.0562
Epoch [3/20] Batch [730/792] Loss: 0.0566
Epoch [3/20] Batch [740/792] Loss: 0.0363
Epoch [3/20] Batch [750/792] Loss: 0.0314
Epoch [3/20] Batch [760/792] Loss: 0.0331
Epoch [3/20] Batch [770/792] Loss: 0.0428
Epoch [3/20] Batch [780/792] Loss: 0.0387
Epoch [3/20] Batch [790/792] Loss: 0.0568
Loss at epoch 3: 0.045 --> Best model ever (stored)
Epoch [4/20] Batch [0/792] Loss: 0.0407
Epoch [4/20] Batch [10/792] Loss: 0.0393
Epoch [4/20] Batch [20/792] Loss: 0.0419
Epoch [4/20] Batch [30/792] Loss: 0.0350
Epoch [4/20] Batch [40/792] Loss: 0.0652
Epoch [4/20] Batch [50/792] Loss: 0.0345
Epoch [4/20] Batch [60/792] Loss: 0.0374
Epoch [4/20] Batch [70/792] Loss: 0.0420
Epoch [4/20] Batch [80/792] Loss: 0.0581
Epoch [4/20] Batch [90/792] Loss: 0.0411
Epoch [4/20] Batch [100/792] Loss: 0.0459
Epoch [4/20] Batch [110/792] Loss: 0.0350
Epoch [4/20] Batch [120/792] Loss: 0.0413
Epoch [4/20] Batch [130/792] Loss: 0.0327
Epoch [4/20] Batch [140/792] Loss: 0.0419
Epoch [4/20] Batch [150/792] Loss: 0.0304
Epoch [4/20] Batch [160/792] Loss: 0.0444
Epoch [4/20] Batch [170/792] Loss: 0.0351
Epoch [4/20] Batch [180/792] Loss: 0.0506
Epoch [4/20] Batch [190/792] Loss: 0.0235
Epoch [4/20] Batch [200/792] Loss: 0.0316
Epoch [4/20] Batch [210/792] Loss: 0.0476
Epoch [4/20] Batch [220/792] Loss: 0.0367
Epoch [4/20] Batch [230/792] Loss: 0.0462
Epoch [4/20] Batch [240/792] Loss: 0.0399
Epoch [4/20] Batch [250/792] Loss: 0.0369
Epoch [4/20] Batch [260/792] Loss: 0.0329
Epoch [4/20] Batch [270/792] Loss: 0.0286
Epoch [4/20] Batch [280/792] Loss: 0.0564
Epoch [4/20] Batch [290/792] Loss: 0.0310
Epoch [4/20] Batch [300/792] Loss: 0.0425
Epoch [4/20] Batch [310/792] Loss: 0.0292
Epoch [4/20] Batch [320/792] Loss: 0.0436
Epoch [4/20] Batch [330/792] Loss: 0.0465
Epoch [4/20] Batch [340/792] Loss: 0.0647
Epoch [4/20] Batch [350/792] Loss: 0.0322
Epoch [4/20] Batch [360/792] Loss: 0.0493
Epoch [4/20] Batch [370/792] Loss: 0.0287
Epoch [4/20] Batch [380/792] Loss: 0.0343
Epoch [4/20] Batch [390/792] Loss: 0.0507
Epoch [4/20] Batch [400/792] Loss: 0.0358
Epoch [4/20] Batch [410/792] Loss: 0.0305
Epoch [4/20] Batch [420/792] Loss: 0.0416
Epoch [4/20] Batch [430/792] Loss: 0.0387
Epoch [4/20] Batch [440/792] Loss: 0.0446
Epoch [4/20] Batch [450/792] Loss: 0.0519
Epoch [4/20] Batch [460/792] Loss: 0.0254
Epoch [4/20] Batch [470/792] Loss: 0.0512
Epoch [4/20] Batch [480/792] Loss: 0.0408
Epoch [4/20] Batch [490/792] Loss: 0.0431
Epoch [4/20] Batch [500/792] Loss: 0.0356
Epoch [4/20] Batch [510/792] Loss: 0.0383
Epoch [4/20] Batch [520/792] Loss: 0.0583
Epoch [4/20] Batch [530/792] Loss: 0.0448
Epoch [4/20] Batch [540/792] Loss: 0.0393
Epoch [4/20] Batch [550/792] Loss: 0.0275
Epoch [4/20] Batch [560/792] Loss: 0.0291
Epoch [4/20] Batch [570/792] Loss: 0.0408
Epoch [4/20] Batch [580/792] Loss: 0.0297
Epoch [4/20] Batch [590/792] Loss: 0.0384
Epoch [4/20] Batch [600/792] Loss: 0.0284
Epoch [4/20] Batch [610/792] Loss: 0.0256
Epoch [4/20] Batch [620/792] Loss: 0.0284
Epoch [4/20] Batch [630/792] Loss: 0.0257
Epoch [4/20] Batch [640/792] Loss: 0.0303
Epoch [4/20] Batch [650/792] Loss: 0.0400
Epoch [4/20] Batch [660/792] Loss: 0.0349
Epoch [4/20] Batch [670/792] Loss: 0.0359
Epoch [4/20] Batch [680/792] Loss: 0.0384
Epoch [4/20] Batch [690/792] Loss: 0.0653
Epoch [4/20] Batch [700/792] Loss: 0.0401
Epoch [4/20] Batch [710/792] Loss: 0.0335
Epoch [4/20] Batch [720/792] Loss: 0.0351
Epoch [4/20] Batch [730/792] Loss: 0.0497
Epoch [4/20] Batch [740/792] Loss: 0.0367
Epoch [4/20] Batch [750/792] Loss: 0.0369
Epoch [4/20] Batch [760/792] Loss: 0.0422
Epoch [4/20] Batch [770/792] Loss: 0.0409
Epoch [4/20] Batch [780/792] Loss: 0.0278
Epoch [4/20] Batch [790/792] Loss: 0.0331
Loss at epoch 4: 0.039 --> Best model ever (stored)
Saving checkpoint at epoch 4...
Model saved to /home/sar0033/blindscrambler/scripts/models/models_diffusion_epoch_4.onnx
Epoch [5/20] Batch [0/792] Loss: 0.0352
Epoch [5/20] Batch [10/792] Loss: 0.0380
Epoch [5/20] Batch [20/792] Loss: 0.0457
Epoch [5/20] Batch [30/792] Loss: 0.0399
Epoch [5/20] Batch [40/792] Loss: 0.0375
Epoch [5/20] Batch [50/792] Loss: 0.0349
Epoch [5/20] Batch [60/792] Loss: 0.0360
Epoch [5/20] Batch [70/792] Loss: 0.0471
Epoch [5/20] Batch [80/792] Loss: 0.0335
Epoch [5/20] Batch [90/792] Loss: 0.0430
Epoch [5/20] Batch [100/792] Loss: 0.0425
Epoch [5/20] Batch [110/792] Loss: 0.0354
Epoch [5/20] Batch [120/792] Loss: 0.0265
Epoch [5/20] Batch [130/792] Loss: 0.0318
Epoch [5/20] Batch [140/792] Loss: 0.0419
Epoch [5/20] Batch [150/792] Loss: 0.0332
Epoch [5/20] Batch [160/792] Loss: 0.0307
Epoch [5/20] Batch [170/792] Loss: 0.0387
Epoch [5/20] Batch [180/792] Loss: 0.0380
Epoch [5/20] Batch [190/792] Loss: 0.0440
Epoch [5/20] Batch [200/792] Loss: 0.0323
Epoch [5/20] Batch [210/792] Loss: 0.0289
Epoch [5/20] Batch [220/792] Loss: 0.0323
Epoch [5/20] Batch [230/792] Loss: 0.0765
Epoch [5/20] Batch [240/792] Loss: 0.0317
Epoch [5/20] Batch [250/792] Loss: 0.0266
Epoch [5/20] Batch [260/792] Loss: 0.0261
Epoch [5/20] Batch [270/792] Loss: 0.0391
Epoch [5/20] Batch [280/792] Loss: 0.0483
Epoch [5/20] Batch [290/792] Loss: 0.0295
Epoch [5/20] Batch [300/792] Loss: 0.0374
Epoch [5/20] Batch [310/792] Loss: 0.0421
Epoch [5/20] Batch [320/792] Loss: 0.0439
Epoch [5/20] Batch [330/792] Loss: 0.0456
Epoch [5/20] Batch [340/792] Loss: 0.0341
Epoch [5/20] Batch [350/792] Loss: 0.0314
Epoch [5/20] Batch [360/792] Loss: 0.0272
Epoch [5/20] Batch [370/792] Loss: 0.0218
Epoch [5/20] Batch [380/792] Loss: 0.0303
Epoch [5/20] Batch [390/792] Loss: 0.0492
Epoch [5/20] Batch [400/792] Loss: 0.0343
Epoch [5/20] Batch [410/792] Loss: 0.0259
Epoch [5/20] Batch [420/792] Loss: 0.0486
Epoch [5/20] Batch [430/792] Loss: 0.0329
Epoch [5/20] Batch [440/792] Loss: 0.0316
Epoch [5/20] Batch [450/792] Loss: 0.0464
Epoch [5/20] Batch [460/792] Loss: 0.0516
Epoch [5/20] Batch [470/792] Loss: 0.0440
Epoch [5/20] Batch [480/792] Loss: 0.0329
Epoch [5/20] Batch [490/792] Loss: 0.0434
Epoch [5/20] Batch [500/792] Loss: 0.0394
Epoch [5/20] Batch [510/792] Loss: 0.0341
Epoch [5/20] Batch [520/792] Loss: 0.0311
Epoch [5/20] Batch [530/792] Loss: 0.0333
Epoch [5/20] Batch [540/792] Loss: 0.0412
Epoch [5/20] Batch [550/792] Loss: 0.0378
Epoch [5/20] Batch [560/792] Loss: 0.0316
Epoch [5/20] Batch [570/792] Loss: 0.0689
Epoch [5/20] Batch [580/792] Loss: 0.0535
Epoch [5/20] Batch [590/792] Loss: 0.0234
Epoch [5/20] Batch [600/792] Loss: 0.0369
Epoch [5/20] Batch [610/792] Loss: 0.0383
Epoch [5/20] Batch [620/792] Loss: 0.0417
Epoch [5/20] Batch [630/792] Loss: 0.0325
Epoch [5/20] Batch [640/792] Loss: 0.0263
Epoch [5/20] Batch [650/792] Loss: 0.0303
Epoch [5/20] Batch [660/792] Loss: 0.0319
Epoch [5/20] Batch [670/792] Loss: 0.0426
Epoch [5/20] Batch [680/792] Loss: 0.0280
Epoch [5/20] Batch [690/792] Loss: 0.0301
Epoch [5/20] Batch [700/792] Loss: 0.0275
Epoch [5/20] Batch [710/792] Loss: 0.0405
Epoch [5/20] Batch [720/792] Loss: 0.0437
Epoch [5/20] Batch [730/792] Loss: 0.0211
Epoch [5/20] Batch [740/792] Loss: 0.0257
Epoch [5/20] Batch [750/792] Loss: 0.0345
Epoch [5/20] Batch [760/792] Loss: 0.0301
Epoch [5/20] Batch [770/792] Loss: 0.0471
Epoch [5/20] Batch [780/792] Loss: 0.0285
Epoch [5/20] Batch [790/792] Loss: 0.0337
Loss at epoch 5: 0.036 --> Best model ever (stored)
Epoch [6/20] Batch [0/792] Loss: 0.0359
Epoch [6/20] Batch [10/792] Loss: 0.0478
Epoch [6/20] Batch [20/792] Loss: 0.0349
Epoch [6/20] Batch [30/792] Loss: 0.0319
Epoch [6/20] Batch [40/792] Loss: 0.0314
Epoch [6/20] Batch [50/792] Loss: 0.0211
Epoch [6/20] Batch [60/792] Loss: 0.0393
Epoch [6/20] Batch [70/792] Loss: 0.0328
Epoch [6/20] Batch [80/792] Loss: 0.0539
Epoch [6/20] Batch [90/792] Loss: 0.0447
Epoch [6/20] Batch [100/792] Loss: 0.0390
Epoch [6/20] Batch [110/792] Loss: 0.0309
Epoch [6/20] Batch [120/792] Loss: 0.0533
Epoch [6/20] Batch [130/792] Loss: 0.0392
Epoch [6/20] Batch [140/792] Loss: 0.0313
Epoch [6/20] Batch [150/792] Loss: 0.0320
Epoch [6/20] Batch [160/792] Loss: 0.0231
Epoch [6/20] Batch [170/792] Loss: 0.0311
Epoch [6/20] Batch [180/792] Loss: 0.0304
Epoch [6/20] Batch [190/792] Loss: 0.0290
Epoch [6/20] Batch [200/792] Loss: 0.0400
Epoch [6/20] Batch [210/792] Loss: 0.0263
Epoch [6/20] Batch [220/792] Loss: 0.0312
Epoch [6/20] Batch [230/792] Loss: 0.0425
Epoch [6/20] Batch [240/792] Loss: 0.0301
Epoch [6/20] Batch [250/792] Loss: 0.0385
Epoch [6/20] Batch [260/792] Loss: 0.0196
Epoch [6/20] Batch [270/792] Loss: 0.0310
Epoch [6/20] Batch [280/792] Loss: 0.0218
Epoch [6/20] Batch [290/792] Loss: 0.0292
Epoch [6/20] Batch [300/792] Loss: 0.0460
Epoch [6/20] Batch [310/792] Loss: 0.0262
Epoch [6/20] Batch [320/792] Loss: 0.0328
Epoch [6/20] Batch [330/792] Loss: 0.0340
Epoch [6/20] Batch [340/792] Loss: 0.0318
Epoch [6/20] Batch [350/792] Loss: 0.0345
Epoch [6/20] Batch [360/792] Loss: 0.0324
Epoch [6/20] Batch [370/792] Loss: 0.0333
Epoch [6/20] Batch [380/792] Loss: 0.0273
Epoch [6/20] Batch [390/792] Loss: 0.0359
Epoch [6/20] Batch [400/792] Loss: 0.0293
Epoch [6/20] Batch [410/792] Loss: 0.0323
Epoch [6/20] Batch [420/792] Loss: 0.0355
Epoch [6/20] Batch [430/792] Loss: 0.0332
Epoch [6/20] Batch [440/792] Loss: 0.0394
Epoch [6/20] Batch [450/792] Loss: 0.0410
Epoch [6/20] Batch [460/792] Loss: 0.0290
Epoch [6/20] Batch [470/792] Loss: 0.0263
Epoch [6/20] Batch [480/792] Loss: 0.0298
Epoch [6/20] Batch [490/792] Loss: 0.0261
Epoch [6/20] Batch [500/792] Loss: 0.0284
Epoch [6/20] Batch [510/792] Loss: 0.0279
Epoch [6/20] Batch [520/792] Loss: 0.0284
Epoch [6/20] Batch [530/792] Loss: 0.0194
Epoch [6/20] Batch [540/792] Loss: 0.0201
Epoch [6/20] Batch [550/792] Loss: 0.0355
Epoch [6/20] Batch [560/792] Loss: 0.0286
Epoch [6/20] Batch [570/792] Loss: 0.0220
Epoch [6/20] Batch [580/792] Loss: 0.0305
Epoch [6/20] Batch [590/792] Loss: 0.0295
Epoch [6/20] Batch [600/792] Loss: 0.0328
Epoch [6/20] Batch [610/792] Loss: 0.0310
Epoch [6/20] Batch [620/792] Loss: 0.0313
Epoch [6/20] Batch [630/792] Loss: 0.0242
Epoch [6/20] Batch [640/792] Loss: 0.0252
Epoch [6/20] Batch [650/792] Loss: 0.0320
Epoch [6/20] Batch [660/792] Loss: 0.0314
Epoch [6/20] Batch [670/792] Loss: 0.0437
Epoch [6/20] Batch [680/792] Loss: 0.0340
Epoch [6/20] Batch [690/792] Loss: 0.0271
Epoch [6/20] Batch [700/792] Loss: 0.0481
Epoch [6/20] Batch [710/792] Loss: 0.0286
Epoch [6/20] Batch [720/792] Loss: 0.0327
Epoch [6/20] Batch [730/792] Loss: 0.0491
Epoch [6/20] Batch [740/792] Loss: 0.0346
Epoch [6/20] Batch [750/792] Loss: 0.0390
Epoch [6/20] Batch [760/792] Loss: 0.0276
Epoch [6/20] Batch [770/792] Loss: 0.0380
Epoch [6/20] Batch [780/792] Loss: 0.0355
Epoch [6/20] Batch [790/792] Loss: 0.0339
Loss at epoch 6: 0.034 --> Best model ever (stored)
Epoch [7/20] Batch [0/792] Loss: 0.0269
Epoch [7/20] Batch [10/792] Loss: 0.0349
Epoch [7/20] Batch [20/792] Loss: 0.0245
Epoch [7/20] Batch [30/792] Loss: 0.0247
Epoch [7/20] Batch [40/792] Loss: 0.0314
Epoch [7/20] Batch [50/792] Loss: 0.0289
Epoch [7/20] Batch [60/792] Loss: 0.0418
Epoch [7/20] Batch [70/792] Loss: 0.0242
Epoch [7/20] Batch [80/792] Loss: 0.0381
Epoch [7/20] Batch [90/792] Loss: 0.0286
Epoch [7/20] Batch [100/792] Loss: 0.0209
Epoch [7/20] Batch [110/792] Loss: 0.0245
Epoch [7/20] Batch [120/792] Loss: 0.0242
Epoch [7/20] Batch [130/792] Loss: 0.0296
Epoch [7/20] Batch [140/792] Loss: 0.0430
Epoch [7/20] Batch [150/792] Loss: 0.0346
Epoch [7/20] Batch [160/792] Loss: 0.0209
Epoch [7/20] Batch [170/792] Loss: 0.0210
Epoch [7/20] Batch [180/792] Loss: 0.0282
Epoch [7/20] Batch [190/792] Loss: 0.0396
Epoch [7/20] Batch [200/792] Loss: 0.0333
Epoch [7/20] Batch [210/792] Loss: 0.0269
Epoch [7/20] Batch [220/792] Loss: 0.0261
Epoch [7/20] Batch [230/792] Loss: 0.0341
Epoch [7/20] Batch [240/792] Loss: 0.0378
Epoch [7/20] Batch [250/792] Loss: 0.0299
Epoch [7/20] Batch [260/792] Loss: 0.0257
Epoch [7/20] Batch [270/792] Loss: 0.0477
Epoch [7/20] Batch [280/792] Loss: 0.0292
Epoch [7/20] Batch [290/792] Loss: 0.0213
Epoch [7/20] Batch [300/792] Loss: 0.0292
Epoch [7/20] Batch [310/792] Loss: 0.0311
Epoch [7/20] Batch [320/792] Loss: 0.0351
Epoch [7/20] Batch [330/792] Loss: 0.0284
Epoch [7/20] Batch [340/792] Loss: 0.0240
Epoch [7/20] Batch [350/792] Loss: 0.0456
Epoch [7/20] Batch [360/792] Loss: 0.0305
Epoch [7/20] Batch [370/792] Loss: 0.0252
Epoch [7/20] Batch [380/792] Loss: 0.0206
Epoch [7/20] Batch [390/792] Loss: 0.0233
Epoch [7/20] Batch [400/792] Loss: 0.0269
Epoch [7/20] Batch [410/792] Loss: 0.0256
Epoch [7/20] Batch [420/792] Loss: 0.0320
Epoch [7/20] Batch [430/792] Loss: 0.0264
Epoch [7/20] Batch [440/792] Loss: 0.0296
Epoch [7/20] Batch [450/792] Loss: 0.0279
Epoch [7/20] Batch [460/792] Loss: 0.0205
Epoch [7/20] Batch [470/792] Loss: 0.0264
Epoch [7/20] Batch [480/792] Loss: 0.0314
Epoch [7/20] Batch [490/792] Loss: 0.0256
Epoch [7/20] Batch [500/792] Loss: 0.0276
Epoch [7/20] Batch [510/792] Loss: 0.0381
Epoch [7/20] Batch [520/792] Loss: 0.0363
Epoch [7/20] Batch [530/792] Loss: 0.0223
Epoch [7/20] Batch [540/792] Loss: 0.0265
Epoch [7/20] Batch [550/792] Loss: 0.0294
Epoch [7/20] Batch [560/792] Loss: 0.0244
Epoch [7/20] Batch [570/792] Loss: 0.0240
Epoch [7/20] Batch [580/792] Loss: 0.0484
Epoch [7/20] Batch [590/792] Loss: 0.0286
Epoch [7/20] Batch [600/792] Loss: 0.0257
Epoch [7/20] Batch [610/792] Loss: 0.0272
Epoch [7/20] Batch [620/792] Loss: 0.0398
Epoch [7/20] Batch [630/792] Loss: 0.0246
Epoch [7/20] Batch [640/792] Loss: 0.0366
Epoch [7/20] Batch [650/792] Loss: 0.0278
Epoch [7/20] Batch [660/792] Loss: 0.0270
Epoch [7/20] Batch [670/792] Loss: 0.0169
Epoch [7/20] Batch [680/792] Loss: 0.0400
Epoch [7/20] Batch [690/792] Loss: 0.0303
Epoch [7/20] Batch [700/792] Loss: 0.0275
Epoch [7/20] Batch [710/792] Loss: 0.0402
Epoch [7/20] Batch [720/792] Loss: 0.0188
Epoch [7/20] Batch [730/792] Loss: 0.0231
Epoch [7/20] Batch [740/792] Loss: 0.0432
Epoch [7/20] Batch [750/792] Loss: 0.0491
Epoch [7/20] Batch [760/792] Loss: 0.0371
Epoch [7/20] Batch [770/792] Loss: 0.0490
Epoch [7/20] Batch [780/792] Loss: 0.0304
Epoch [7/20] Batch [790/792] Loss: 0.0230
Loss at epoch 7: 0.032 --> Best model ever (stored)
Saving checkpoint at epoch 7...
Model saved to /home/sar0033/blindscrambler/scripts/models/models_diffusion_epoch_7.onnx
Epoch [8/20] Batch [0/792] Loss: 0.0343
Epoch [8/20] Batch [10/792] Loss: 0.0312
Epoch [8/20] Batch [20/792] Loss: 0.0306
Epoch [8/20] Batch [30/792] Loss: 0.0315
Epoch [8/20] Batch [40/792] Loss: 0.0200
Epoch [8/20] Batch [50/792] Loss: 0.0255
Epoch [8/20] Batch [60/792] Loss: 0.0203
Epoch [8/20] Batch [70/792] Loss: 0.0354
Epoch [8/20] Batch [80/792] Loss: 0.0364
Epoch [8/20] Batch [90/792] Loss: 0.0405
Epoch [8/20] Batch [100/792] Loss: 0.0257
Epoch [8/20] Batch [110/792] Loss: 0.0334
Epoch [8/20] Batch [120/792] Loss: 0.0227
Epoch [8/20] Batch [130/792] Loss: 0.0320
Epoch [8/20] Batch [140/792] Loss: 0.0384
Epoch [8/20] Batch [150/792] Loss: 0.0410
Epoch [8/20] Batch [160/792] Loss: 0.0276
Epoch [8/20] Batch [170/792] Loss: 0.0297
Epoch [8/20] Batch [180/792] Loss: 0.0270
Epoch [8/20] Batch [190/792] Loss: 0.0293
Epoch [8/20] Batch [200/792] Loss: 0.0237
Epoch [8/20] Batch [210/792] Loss: 0.0192
Epoch [8/20] Batch [220/792] Loss: 0.0401
Epoch [8/20] Batch [230/792] Loss: 0.0239
Epoch [8/20] Batch [240/792] Loss: 0.0476
Epoch [8/20] Batch [250/792] Loss: 0.0455
Epoch [8/20] Batch [260/792] Loss: 0.0433
Epoch [8/20] Batch [270/792] Loss: 0.0293
Epoch [8/20] Batch [280/792] Loss: 0.0253
Epoch [8/20] Batch [290/792] Loss: 0.0231
Epoch [8/20] Batch [300/792] Loss: 0.0306
Epoch [8/20] Batch [310/792] Loss: 0.0285
Epoch [8/20] Batch [320/792] Loss: 0.0284
Epoch [8/20] Batch [330/792] Loss: 0.0326
Epoch [8/20] Batch [340/792] Loss: 0.0258
Epoch [8/20] Batch [350/792] Loss: 0.0346
Epoch [8/20] Batch [360/792] Loss: 0.0293
Epoch [8/20] Batch [370/792] Loss: 0.0277
Epoch [8/20] Batch [380/792] Loss: 0.0296
Epoch [8/20] Batch [390/792] Loss: 0.0249
Epoch [8/20] Batch [400/792] Loss: 0.0318
Epoch [8/20] Batch [410/792] Loss: 0.0198
Epoch [8/20] Batch [420/792] Loss: 0.0337
Epoch [8/20] Batch [430/792] Loss: 0.0239
Epoch [8/20] Batch [440/792] Loss: 0.0501
Epoch [8/20] Batch [450/792] Loss: 0.0360
Epoch [8/20] Batch [460/792] Loss: 0.0306
Epoch [8/20] Batch [470/792] Loss: 0.0369
Epoch [8/20] Batch [480/792] Loss: 0.0424
Epoch [8/20] Batch [490/792] Loss: 0.0280
Epoch [8/20] Batch [500/792] Loss: 0.0349
Epoch [8/20] Batch [510/792] Loss: 0.0206
Epoch [8/20] Batch [520/792] Loss: 0.0229
Epoch [8/20] Batch [530/792] Loss: 0.0174
Epoch [8/20] Batch [540/792] Loss: 0.0265
Epoch [8/20] Batch [550/792] Loss: 0.0192
Epoch [8/20] Batch [560/792] Loss: 0.0227
Epoch [8/20] Batch [570/792] Loss: 0.0252
Epoch [8/20] Batch [580/792] Loss: 0.0250
Epoch [8/20] Batch [590/792] Loss: 0.0304
Epoch [8/20] Batch [600/792] Loss: 0.0296
Epoch [8/20] Batch [610/792] Loss: 0.0204
Epoch [8/20] Batch [620/792] Loss: 0.0325
Epoch [8/20] Batch [630/792] Loss: 0.0377
Epoch [8/20] Batch [640/792] Loss: 0.0285
Epoch [8/20] Batch [650/792] Loss: 0.0211
Epoch [8/20] Batch [660/792] Loss: 0.0219
Epoch [8/20] Batch [670/792] Loss: 0.0242
Epoch [8/20] Batch [680/792] Loss: 0.0514
Epoch [8/20] Batch [690/792] Loss: 0.0333
Epoch [8/20] Batch [700/792] Loss: 0.0268
Epoch [8/20] Batch [710/792] Loss: 0.0331
Epoch [8/20] Batch [720/792] Loss: 0.0242
Epoch [8/20] Batch [730/792] Loss: 0.0430
Epoch [8/20] Batch [740/792] Loss: 0.0343
Epoch [8/20] Batch [750/792] Loss: 0.0464
Epoch [8/20] Batch [760/792] Loss: 0.0330
Epoch [8/20] Batch [770/792] Loss: 0.0430
Epoch [8/20] Batch [780/792] Loss: 0.0406
Epoch [8/20] Batch [790/792] Loss: 0.0200
Loss at epoch 8: 0.030 --> Best model ever (stored)
Epoch [9/20] Batch [0/792] Loss: 0.0284
Epoch [9/20] Batch [10/792] Loss: 0.0468
Epoch [9/20] Batch [20/792] Loss: 0.0400
Epoch [9/20] Batch [30/792] Loss: 0.0219
Epoch [9/20] Batch [40/792] Loss: 0.0427
Epoch [9/20] Batch [50/792] Loss: 0.0269
Epoch [9/20] Batch [60/792] Loss: 0.0644
Epoch [9/20] Batch [70/792] Loss: 0.0364
Epoch [9/20] Batch [80/792] Loss: 0.0331
Epoch [9/20] Batch [90/792] Loss: 0.0166
Epoch [9/20] Batch [100/792] Loss: 0.0290
Epoch [9/20] Batch [110/792] Loss: 0.0247
Epoch [9/20] Batch [120/792] Loss: 0.0347
Epoch [9/20] Batch [130/792] Loss: 0.0237
Epoch [9/20] Batch [140/792] Loss: 0.0235
Epoch [9/20] Batch [150/792] Loss: 0.0371
Epoch [9/20] Batch [160/792] Loss: 0.0316
Epoch [9/20] Batch [170/792] Loss: 0.0317
Epoch [9/20] Batch [180/792] Loss: 0.0338
Epoch [9/20] Batch [190/792] Loss: 0.0392
Epoch [9/20] Batch [200/792] Loss: 0.0377
Epoch [9/20] Batch [210/792] Loss: 0.0263
Epoch [9/20] Batch [220/792] Loss: 0.0342
Epoch [9/20] Batch [230/792] Loss: 0.0247
Epoch [9/20] Batch [240/792] Loss: 0.0232
Epoch [9/20] Batch [250/792] Loss: 0.0349
Epoch [9/20] Batch [260/792] Loss: 0.0419
Epoch [9/20] Batch [270/792] Loss: 0.0215
Epoch [9/20] Batch [280/792] Loss: 0.0220
Epoch [9/20] Batch [290/792] Loss: 0.0176
Epoch [9/20] Batch [300/792] Loss: 0.0237
Epoch [9/20] Batch [310/792] Loss: 0.0289
Epoch [9/20] Batch [320/792] Loss: 0.0220
Epoch [9/20] Batch [330/792] Loss: 0.0353
Epoch [9/20] Batch [340/792] Loss: 0.0306
Epoch [9/20] Batch [350/792] Loss: 0.0454
Epoch [9/20] Batch [360/792] Loss: 0.0262
Epoch [9/20] Batch [370/792] Loss: 0.0282
Epoch [9/20] Batch [380/792] Loss: 0.0332
Epoch [9/20] Batch [390/792] Loss: 0.0231
Epoch [9/20] Batch [400/792] Loss: 0.0194
Epoch [9/20] Batch [410/792] Loss: 0.0227
Epoch [9/20] Batch [420/792] Loss: 0.0365
Epoch [9/20] Batch [430/792] Loss: 0.0271
Epoch [9/20] Batch [440/792] Loss: 0.0244
Epoch [9/20] Batch [450/792] Loss: 0.0176
Epoch [9/20] Batch [460/792] Loss: 0.0157
Epoch [9/20] Batch [470/792] Loss: 0.0274
Epoch [9/20] Batch [480/792] Loss: 0.0458
Epoch [9/20] Batch [490/792] Loss: 0.0353
Epoch [9/20] Batch [500/792] Loss: 0.0208
Epoch [9/20] Batch [510/792] Loss: 0.0342
Epoch [9/20] Batch [520/792] Loss: 0.0169
Epoch [9/20] Batch [530/792] Loss: 0.0372
Epoch [9/20] Batch [540/792] Loss: 0.0230
Epoch [9/20] Batch [550/792] Loss: 0.0347
Epoch [9/20] Batch [560/792] Loss: 0.0251
Epoch [9/20] Batch [570/792] Loss: 0.0332
Epoch [9/20] Batch [580/792] Loss: 0.0194
Epoch [9/20] Batch [590/792] Loss: 0.0432
Epoch [9/20] Batch [600/792] Loss: 0.0274
Epoch [9/20] Batch [610/792] Loss: 0.0205
Epoch [9/20] Batch [620/792] Loss: 0.0253
Epoch [9/20] Batch [630/792] Loss: 0.0217
Epoch [9/20] Batch [640/792] Loss: 0.0301
Epoch [9/20] Batch [650/792] Loss: 0.0214
Epoch [9/20] Batch [660/792] Loss: 0.0263
Epoch [9/20] Batch [670/792] Loss: 0.0232
Epoch [9/20] Batch [680/792] Loss: 0.0380
Epoch [9/20] Batch [690/792] Loss: 0.0360
Epoch [9/20] Batch [700/792] Loss: 0.0268
Epoch [9/20] Batch [710/792] Loss: 0.0370
Epoch [9/20] Batch [720/792] Loss: 0.0395
Epoch [9/20] Batch [730/792] Loss: 0.0373
Epoch [9/20] Batch [740/792] Loss: 0.0273
Epoch [9/20] Batch [750/792] Loss: 0.0221
Epoch [9/20] Batch [760/792] Loss: 0.0323
Epoch [9/20] Batch [770/792] Loss: 0.0378
Epoch [9/20] Batch [780/792] Loss: 0.0225
Epoch [9/20] Batch [790/792] Loss: 0.0223
Loss at epoch 9: 0.030 --> Best model ever (stored)
Epoch [10/20] Batch [0/792] Loss: 0.0254
Epoch [10/20] Batch [10/792] Loss: 0.0365
Epoch [10/20] Batch [20/792] Loss: 0.0292
Epoch [10/20] Batch [30/792] Loss: 0.0250
Epoch [10/20] Batch [40/792] Loss: 0.0193
Epoch [10/20] Batch [50/792] Loss: 0.0249
Epoch [10/20] Batch [60/792] Loss: 0.0240
Epoch [10/20] Batch [70/792] Loss: 0.0173
Epoch [10/20] Batch [80/792] Loss: 0.0342
Epoch [10/20] Batch [90/792] Loss: 0.0190
Epoch [10/20] Batch [100/792] Loss: 0.0511
Epoch [10/20] Batch [110/792] Loss: 0.0363
Epoch [10/20] Batch [120/792] Loss: 0.0303
Epoch [10/20] Batch [130/792] Loss: 0.0284
Epoch [10/20] Batch [140/792] Loss: 0.0290
Epoch [10/20] Batch [150/792] Loss: 0.0409
Epoch [10/20] Batch [160/792] Loss: 0.0352
Epoch [10/20] Batch [170/792] Loss: 0.0300
Epoch [10/20] Batch [180/792] Loss: 0.0159
Epoch [10/20] Batch [190/792] Loss: 0.0300
Epoch [10/20] Batch [200/792] Loss: 0.0310
Epoch [10/20] Batch [210/792] Loss: 0.0217
Epoch [10/20] Batch [220/792] Loss: 0.0280
Epoch [10/20] Batch [230/792] Loss: 0.0464
Epoch [10/20] Batch [240/792] Loss: 0.0256
Epoch [10/20] Batch [250/792] Loss: 0.0366
Epoch [10/20] Batch [260/792] Loss: 0.0369
Epoch [10/20] Batch [270/792] Loss: 0.0225
Epoch [10/20] Batch [280/792] Loss: 0.0253
Epoch [10/20] Batch [290/792] Loss: 0.0155
Epoch [10/20] Batch [300/792] Loss: 0.0204
Epoch [10/20] Batch [310/792] Loss: 0.0230
Epoch [10/20] Batch [320/792] Loss: 0.0287
Epoch [10/20] Batch [330/792] Loss: 0.0320
Epoch [10/20] Batch [340/792] Loss: 0.0274
Epoch [10/20] Batch [350/792] Loss: 0.0323
Epoch [10/20] Batch [360/792] Loss: 0.0349
Epoch [10/20] Batch [370/792] Loss: 0.0185
Epoch [10/20] Batch [380/792] Loss: 0.0601
Epoch [10/20] Batch [390/792] Loss: 0.0309
Epoch [10/20] Batch [400/792] Loss: 0.0217
Epoch [10/20] Batch [410/792] Loss: 0.0149
Epoch [10/20] Batch [420/792] Loss: 0.0241
Epoch [10/20] Batch [430/792] Loss: 0.0261
Epoch [10/20] Batch [440/792] Loss: 0.0259
Epoch [10/20] Batch [450/792] Loss: 0.0201
Epoch [10/20] Batch [460/792] Loss: 0.0277
Epoch [10/20] Batch [470/792] Loss: 0.0214
Epoch [10/20] Batch [480/792] Loss: 0.0235
Epoch [10/20] Batch [490/792] Loss: 0.0266
Epoch [10/20] Batch [500/792] Loss: 0.0207
Epoch [10/20] Batch [510/792] Loss: 0.0240
Epoch [10/20] Batch [520/792] Loss: 0.0270
Epoch [10/20] Batch [530/792] Loss: 0.0438
Epoch [10/20] Batch [540/792] Loss: 0.0329
Epoch [10/20] Batch [550/792] Loss: 0.0390
Epoch [10/20] Batch [560/792] Loss: 0.0296
Epoch [10/20] Batch [570/792] Loss: 0.0314
Epoch [10/20] Batch [580/792] Loss: 0.0372
Epoch [10/20] Batch [590/792] Loss: 0.0430
Epoch [10/20] Batch [600/792] Loss: 0.0339
Epoch [10/20] Batch [610/792] Loss: 0.0230
Epoch [10/20] Batch [620/792] Loss: 0.0229
Epoch [10/20] Batch [630/792] Loss: 0.0241
Epoch [10/20] Batch [640/792] Loss: 0.0258
Epoch [10/20] Batch [650/792] Loss: 0.0332
Epoch [10/20] Batch [660/792] Loss: 0.0205
Epoch [10/20] Batch [670/792] Loss: 0.0182
Epoch [10/20] Batch [680/792] Loss: 0.0346
Epoch [10/20] Batch [690/792] Loss: 0.0358
Epoch [10/20] Batch [700/792] Loss: 0.0275
Epoch [10/20] Batch [710/792] Loss: 0.0214
Epoch [10/20] Batch [720/792] Loss: 0.0313
Epoch [10/20] Batch [730/792] Loss: 0.0415
Epoch [10/20] Batch [740/792] Loss: 0.0273
Epoch [10/20] Batch [750/792] Loss: 0.0188
Epoch [10/20] Batch [760/792] Loss: 0.0508
Epoch [10/20] Batch [770/792] Loss: 0.0238
Epoch [10/20] Batch [780/792] Loss: 0.0260
Epoch [10/20] Batch [790/792] Loss: 0.0277
Loss at epoch 10: 0.029 --> Best model ever (stored)
Saving checkpoint at epoch 10...
Model saved to /home/sar0033/blindscrambler/scripts/models/models_diffusion_epoch_10.onnx
Epoch [11/20] Batch [0/792] Loss: 0.0433
Epoch [11/20] Batch [10/792] Loss: 0.0347
Epoch [11/20] Batch [20/792] Loss: 0.0387
Epoch [11/20] Batch [30/792] Loss: 0.0381
Epoch [11/20] Batch [40/792] Loss: 0.0255
Epoch [11/20] Batch [50/792] Loss: 0.0227
Epoch [11/20] Batch [60/792] Loss: 0.0274
Epoch [11/20] Batch [70/792] Loss: 0.0294
Epoch [11/20] Batch [80/792] Loss: 0.0262
Epoch [11/20] Batch [90/792] Loss: 0.0314
Epoch [11/20] Batch [100/792] Loss: 0.0210
Epoch [11/20] Batch [110/792] Loss: 0.0247
Epoch [11/20] Batch [120/792] Loss: 0.0285
Epoch [11/20] Batch [130/792] Loss: 0.0255
Epoch [11/20] Batch [140/792] Loss: 0.0417
Epoch [11/20] Batch [150/792] Loss: 0.0206
Epoch [11/20] Batch [160/792] Loss: 0.0185
Epoch [11/20] Batch [170/792] Loss: 0.0199
Epoch [11/20] Batch [180/792] Loss: 0.0236
Epoch [11/20] Batch [190/792] Loss: 0.0566
Epoch [11/20] Batch [200/792] Loss: 0.0280
Epoch [11/20] Batch [210/792] Loss: 0.0309
Epoch [11/20] Batch [220/792] Loss: 0.0255
Epoch [11/20] Batch [230/792] Loss: 0.0266
Epoch [11/20] Batch [240/792] Loss: 0.0200
Epoch [11/20] Batch [250/792] Loss: 0.0299
Epoch [11/20] Batch [260/792] Loss: 0.0262
Epoch [11/20] Batch [270/792] Loss: 0.0228
Epoch [11/20] Batch [280/792] Loss: 0.0385
Epoch [11/20] Batch [290/792] Loss: 0.0217
Epoch [11/20] Batch [300/792] Loss: 0.0376
Epoch [11/20] Batch [310/792] Loss: 0.0267
Epoch [11/20] Batch [320/792] Loss: 0.0305
Epoch [11/20] Batch [330/792] Loss: 0.0262
Epoch [11/20] Batch [340/792] Loss: 0.0273
Epoch [11/20] Batch [350/792] Loss: 0.0427
Epoch [11/20] Batch [360/792] Loss: 0.0282
Epoch [11/20] Batch [370/792] Loss: 0.0221
Epoch [11/20] Batch [380/792] Loss: 0.0489
Epoch [11/20] Batch [390/792] Loss: 0.0320
Epoch [11/20] Batch [400/792] Loss: 0.0322
Epoch [11/20] Batch [410/792] Loss: 0.0278
Epoch [11/20] Batch [420/792] Loss: 0.0199
Epoch [11/20] Batch [430/792] Loss: 0.0297
Epoch [11/20] Batch [440/792] Loss: 0.0268
Epoch [11/20] Batch [450/792] Loss: 0.0201
Epoch [11/20] Batch [460/792] Loss: 0.0250
Epoch [11/20] Batch [470/792] Loss: 0.0388
Epoch [11/20] Batch [480/792] Loss: 0.0231
Epoch [11/20] Batch [490/792] Loss: 0.0286
Epoch [11/20] Batch [500/792] Loss: 0.0313
Epoch [11/20] Batch [510/792] Loss: 0.0299
Epoch [11/20] Batch [520/792] Loss: 0.0240
Epoch [11/20] Batch [530/792] Loss: 0.0229
Epoch [11/20] Batch [540/792] Loss: 0.0241
Epoch [11/20] Batch [550/792] Loss: 0.0168
Epoch [11/20] Batch [560/792] Loss: 0.0316
Epoch [11/20] Batch [570/792] Loss: 0.0251
Epoch [11/20] Batch [580/792] Loss: 0.0174
Epoch [11/20] Batch [590/792] Loss: 0.0290
Epoch [11/20] Batch [600/792] Loss: 0.0268
Epoch [11/20] Batch [610/792] Loss: 0.0249
Epoch [11/20] Batch [620/792] Loss: 0.0218
Epoch [11/20] Batch [630/792] Loss: 0.0265
Epoch [11/20] Batch [640/792] Loss: 0.0225
Epoch [11/20] Batch [650/792] Loss: 0.0214
Epoch [11/20] Batch [660/792] Loss: 0.0286
Epoch [11/20] Batch [670/792] Loss: 0.0299
Epoch [11/20] Batch [680/792] Loss: 0.0253
Epoch [11/20] Batch [690/792] Loss: 0.0285
Epoch [11/20] Batch [700/792] Loss: 0.0248
Epoch [11/20] Batch [710/792] Loss: 0.0325
Epoch [11/20] Batch [720/792] Loss: 0.0157
Epoch [11/20] Batch [730/792] Loss: 0.0300
Epoch [11/20] Batch [740/792] Loss: 0.0200
Epoch [11/20] Batch [750/792] Loss: 0.0209
Epoch [11/20] Batch [760/792] Loss: 0.0300
Epoch [11/20] Batch [770/792] Loss: 0.0315
Epoch [11/20] Batch [780/792] Loss: 0.0239
Epoch [11/20] Batch [790/792] Loss: 0.0259
Loss at epoch 11: 0.028 --> Best model ever (stored)
Epoch [12/20] Batch [0/792] Loss: 0.0240
Epoch [12/20] Batch [10/792] Loss: 0.0369
Epoch [12/20] Batch [20/792] Loss: 0.0125
Epoch [12/20] Batch [30/792] Loss: 0.0296
Epoch [12/20] Batch [40/792] Loss: 0.0237
Epoch [12/20] Batch [50/792] Loss: 0.0337
Epoch [12/20] Batch [60/792] Loss: 0.0194
Epoch [12/20] Batch [70/792] Loss: 0.0347
Epoch [12/20] Batch [80/792] Loss: 0.0242
Epoch [12/20] Batch [90/792] Loss: 0.0369
Epoch [12/20] Batch [100/792] Loss: 0.0277
Epoch [12/20] Batch [110/792] Loss: 0.0270
Epoch [12/20] Batch [120/792] Loss: 0.0221
Epoch [12/20] Batch [130/792] Loss: 0.0295
Epoch [12/20] Batch [140/792] Loss: 0.0348
Epoch [12/20] Batch [150/792] Loss: 0.0319
Epoch [12/20] Batch [160/792] Loss: 0.0398
Epoch [12/20] Batch [170/792] Loss: 0.0262
Epoch [12/20] Batch [180/792] Loss: 0.0280
Epoch [12/20] Batch [190/792] Loss: 0.0241
Epoch [12/20] Batch [200/792] Loss: 0.0319
Epoch [12/20] Batch [210/792] Loss: 0.0225
Epoch [12/20] Batch [220/792] Loss: 0.0298
Epoch [12/20] Batch [230/792] Loss: 0.0371
Epoch [12/20] Batch [240/792] Loss: 0.0257
Epoch [12/20] Batch [250/792] Loss: 0.0255
Epoch [12/20] Batch [260/792] Loss: 0.0209
Epoch [12/20] Batch [270/792] Loss: 0.0350
Epoch [12/20] Batch [280/792] Loss: 0.0194
Epoch [12/20] Batch [290/792] Loss: 0.0303
Epoch [12/20] Batch [300/792] Loss: 0.0234
Epoch [12/20] Batch [310/792] Loss: 0.0219
Epoch [12/20] Batch [320/792] Loss: 0.0391
Epoch [12/20] Batch [330/792] Loss: 0.0222
Epoch [12/20] Batch [340/792] Loss: 0.0246
Epoch [12/20] Batch [350/792] Loss: 0.0367
Epoch [12/20] Batch [360/792] Loss: 0.0234
Epoch [12/20] Batch [370/792] Loss: 0.0176
Epoch [12/20] Batch [380/792] Loss: 0.0169
Epoch [12/20] Batch [390/792] Loss: 0.0328
Epoch [12/20] Batch [400/792] Loss: 0.0257
Epoch [12/20] Batch [410/792] Loss: 0.0202
Epoch [12/20] Batch [420/792] Loss: 0.0302
Epoch [12/20] Batch [430/792] Loss: 0.0203
Epoch [12/20] Batch [440/792] Loss: 0.0270
Epoch [12/20] Batch [450/792] Loss: 0.0349
Epoch [12/20] Batch [460/792] Loss: 0.0226
Epoch [12/20] Batch [470/792] Loss: 0.0235
Epoch [12/20] Batch [480/792] Loss: 0.0303
Epoch [12/20] Batch [490/792] Loss: 0.0326
Epoch [12/20] Batch [500/792] Loss: 0.0409
Epoch [12/20] Batch [510/792] Loss: 0.0262
Epoch [12/20] Batch [520/792] Loss: 0.0156
Epoch [12/20] Batch [530/792] Loss: 0.0314
Epoch [12/20] Batch [540/792] Loss: 0.0260
Epoch [12/20] Batch [550/792] Loss: 0.0261
Epoch [12/20] Batch [560/792] Loss: 0.0291
Epoch [12/20] Batch [570/792] Loss: 0.0313
Epoch [12/20] Batch [580/792] Loss: 0.0134
Epoch [12/20] Batch [590/792] Loss: 0.0302
Epoch [12/20] Batch [600/792] Loss: 0.0256
Epoch [12/20] Batch [610/792] Loss: 0.0224
Epoch [12/20] Batch [620/792] Loss: 0.0266
Epoch [12/20] Batch [630/792] Loss: 0.0232
Epoch [12/20] Batch [640/792] Loss: 0.0219
Epoch [12/20] Batch [650/792] Loss: 0.0279
Epoch [12/20] Batch [660/792] Loss: 0.0281
Epoch [12/20] Batch [670/792] Loss: 0.0248
Epoch [12/20] Batch [680/792] Loss: 0.0265
Epoch [12/20] Batch [690/792] Loss: 0.0196
Epoch [12/20] Batch [700/792] Loss: 0.0258
Epoch [12/20] Batch [710/792] Loss: 0.0226
Epoch [12/20] Batch [720/792] Loss: 0.0253
Epoch [12/20] Batch [730/792] Loss: 0.0331
Epoch [12/20] Batch [740/792] Loss: 0.0406
Epoch [12/20] Batch [750/792] Loss: 0.0221
Epoch [12/20] Batch [760/792] Loss: 0.0292
Epoch [12/20] Batch [770/792] Loss: 0.0263
Epoch [12/20] Batch [780/792] Loss: 0.0132
Epoch [12/20] Batch [790/792] Loss: 0.0338
Loss at epoch 12: 0.027 --> Best model ever (stored)
Epoch [13/20] Batch [0/792] Loss: 0.0249
Epoch [13/20] Batch [10/792] Loss: 0.0250
Epoch [13/20] Batch [20/792] Loss: 0.0392
Epoch [13/20] Batch [30/792] Loss: 0.0315
Epoch [13/20] Batch [40/792] Loss: 0.0213
Epoch [13/20] Batch [50/792] Loss: 0.0437
Epoch [13/20] Batch [60/792] Loss: 0.0313
Epoch [13/20] Batch [70/792] Loss: 0.0253
Epoch [13/20] Batch [80/792] Loss: 0.0229
Epoch [13/20] Batch [90/792] Loss: 0.0239
Epoch [13/20] Batch [100/792] Loss: 0.0297
Epoch [13/20] Batch [110/792] Loss: 0.0205
Epoch [13/20] Batch [120/792] Loss: 0.0334
Epoch [13/20] Batch [130/792] Loss: 0.0337
Epoch [13/20] Batch [140/792] Loss: 0.0295
Epoch [13/20] Batch [150/792] Loss: 0.0323
Epoch [13/20] Batch [160/792] Loss: 0.0225
Epoch [13/20] Batch [170/792] Loss: 0.0137
Epoch [13/20] Batch [180/792] Loss: 0.0438
Epoch [13/20] Batch [190/792] Loss: 0.0303
Epoch [13/20] Batch [200/792] Loss: 0.0381
Epoch [13/20] Batch [210/792] Loss: 0.0274
Epoch [13/20] Batch [220/792] Loss: 0.0274
Epoch [13/20] Batch [230/792] Loss: 0.0240
Epoch [13/20] Batch [240/792] Loss: 0.0307
Epoch [13/20] Batch [250/792] Loss: 0.0336
Epoch [13/20] Batch [260/792] Loss: 0.0230
Epoch [13/20] Batch [270/792] Loss: 0.0197
Epoch [13/20] Batch [280/792] Loss: 0.0267
Epoch [13/20] Batch [290/792] Loss: 0.0451
Epoch [13/20] Batch [300/792] Loss: 0.0338
Epoch [13/20] Batch [310/792] Loss: 0.0255
Epoch [13/20] Batch [320/792] Loss: 0.0309
Epoch [13/20] Batch [330/792] Loss: 0.0374
Epoch [13/20] Batch [340/792] Loss: 0.0180
Epoch [13/20] Batch [350/792] Loss: 0.0364
Epoch [13/20] Batch [360/792] Loss: 0.0194
Epoch [13/20] Batch [370/792] Loss: 0.0206
Epoch [13/20] Batch [380/792] Loss: 0.0222
Epoch [13/20] Batch [390/792] Loss: 0.0184
Epoch [13/20] Batch [400/792] Loss: 0.0307
Epoch [13/20] Batch [410/792] Loss: 0.0276
Epoch [13/20] Batch [420/792] Loss: 0.0312
Epoch [13/20] Batch [430/792] Loss: 0.0344
Epoch [13/20] Batch [440/792] Loss: 0.0323
Epoch [13/20] Batch [450/792] Loss: 0.0479
Epoch [13/20] Batch [460/792] Loss: 0.0196
Epoch [13/20] Batch [470/792] Loss: 0.0182
Epoch [13/20] Batch [480/792] Loss: 0.0317
Epoch [13/20] Batch [490/792] Loss: 0.0403
Epoch [13/20] Batch [500/792] Loss: 0.0334
Epoch [13/20] Batch [510/792] Loss: 0.0247
Epoch [13/20] Batch [520/792] Loss: 0.0306
Epoch [13/20] Batch [530/792] Loss: 0.0189
Epoch [13/20] Batch [540/792] Loss: 0.0228
Epoch [13/20] Batch [550/792] Loss: 0.0280
Epoch [13/20] Batch [560/792] Loss: 0.0165
Epoch [13/20] Batch [570/792] Loss: 0.0344
Epoch [13/20] Batch [580/792] Loss: 0.0168
Epoch [13/20] Batch [590/792] Loss: 0.0266
Epoch [13/20] Batch [600/792] Loss: 0.0315
Epoch [13/20] Batch [610/792] Loss: 0.0338
Epoch [13/20] Batch [620/792] Loss: 0.0172
Epoch [13/20] Batch [630/792] Loss: 0.0156
Epoch [13/20] Batch [640/792] Loss: 0.0252
Epoch [13/20] Batch [650/792] Loss: 0.0289
Epoch [13/20] Batch [660/792] Loss: 0.0232
Epoch [13/20] Batch [670/792] Loss: 0.0252
Epoch [13/20] Batch [680/792] Loss: 0.0283
Epoch [13/20] Batch [690/792] Loss: 0.0312
Epoch [13/20] Batch [700/792] Loss: 0.0266
Epoch [13/20] Batch [710/792] Loss: 0.0290
Epoch [13/20] Batch [720/792] Loss: 0.0236
Epoch [13/20] Batch [730/792] Loss: 0.0186
Epoch [13/20] Batch [740/792] Loss: 0.0180
Epoch [13/20] Batch [750/792] Loss: 0.0265
Epoch [13/20] Batch [760/792] Loss: 0.0318
Epoch [13/20] Batch [770/792] Loss: 0.0209
Epoch [13/20] Batch [780/792] Loss: 0.0203
Epoch [13/20] Batch [790/792] Loss: 0.0506
Loss at epoch 13: 0.027 --> Best model ever (stored)
Saving checkpoint at epoch 13...
Model saved to /home/sar0033/blindscrambler/scripts/models/models_diffusion_epoch_13.onnx
Epoch [14/20] Batch [0/792] Loss: 0.0171
Epoch [14/20] Batch [10/792] Loss: 0.0247
Epoch [14/20] Batch [20/792] Loss: 0.0205
Epoch [14/20] Batch [30/792] Loss: 0.0204
Epoch [14/20] Batch [40/792] Loss: 0.0310
Epoch [14/20] Batch [50/792] Loss: 0.0273
Epoch [14/20] Batch [60/792] Loss: 0.0362
Epoch [14/20] Batch [70/792] Loss: 0.0260
Epoch [14/20] Batch [80/792] Loss: 0.0273
Epoch [14/20] Batch [90/792] Loss: 0.0192
Epoch [14/20] Batch [100/792] Loss: 0.0255
Epoch [14/20] Batch [110/792] Loss: 0.0342
Epoch [14/20] Batch [120/792] Loss: 0.0179
Epoch [14/20] Batch [130/792] Loss: 0.0211
Epoch [14/20] Batch [140/792] Loss: 0.0269
Epoch [14/20] Batch [150/792] Loss: 0.0245
Epoch [14/20] Batch [160/792] Loss: 0.0313
Epoch [14/20] Batch [170/792] Loss: 0.0286
Epoch [14/20] Batch [180/792] Loss: 0.0263
Epoch [14/20] Batch [190/792] Loss: 0.0226
Epoch [14/20] Batch [200/792] Loss: 0.0260
Epoch [14/20] Batch [210/792] Loss: 0.0232
Epoch [14/20] Batch [220/792] Loss: 0.0286
Epoch [14/20] Batch [230/792] Loss: 0.0308
Epoch [14/20] Batch [240/792] Loss: 0.0284
Epoch [14/20] Batch [250/792] Loss: 0.0359
Epoch [14/20] Batch [260/792] Loss: 0.0174
Epoch [14/20] Batch [270/792] Loss: 0.0220
Epoch [14/20] Batch [280/792] Loss: 0.0282
Epoch [14/20] Batch [290/792] Loss: 0.0215
Epoch [14/20] Batch [300/792] Loss: 0.0288
Epoch [14/20] Batch [310/792] Loss: 0.0347
Epoch [14/20] Batch [320/792] Loss: 0.0172
Epoch [14/20] Batch [330/792] Loss: 0.0360
Epoch [14/20] Batch [340/792] Loss: 0.0190
Epoch [14/20] Batch [350/792] Loss: 0.0251
Epoch [14/20] Batch [360/792] Loss: 0.0240
Epoch [14/20] Batch [370/792] Loss: 0.0414
Epoch [14/20] Batch [380/792] Loss: 0.0279
Epoch [14/20] Batch [390/792] Loss: 0.0239
Epoch [14/20] Batch [400/792] Loss: 0.0321
Epoch [14/20] Batch [410/792] Loss: 0.0304
Epoch [14/20] Batch [420/792] Loss: 0.0378
Epoch [14/20] Batch [430/792] Loss: 0.0298
Epoch [14/20] Batch [440/792] Loss: 0.0385
Epoch [14/20] Batch [450/792] Loss: 0.0196
Epoch [14/20] Batch [460/792] Loss: 0.0191
Epoch [14/20] Batch [470/792] Loss: 0.0273
Epoch [14/20] Batch [480/792] Loss: 0.0261
Epoch [14/20] Batch [490/792] Loss: 0.0351
Epoch [14/20] Batch [500/792] Loss: 0.0197
Epoch [14/20] Batch [510/792] Loss: 0.0280
Epoch [14/20] Batch [520/792] Loss: 0.0239
Epoch [14/20] Batch [530/792] Loss: 0.0255
Epoch [14/20] Batch [540/792] Loss: 0.0192
Epoch [14/20] Batch [550/792] Loss: 0.0140
Epoch [14/20] Batch [560/792] Loss: 0.0365
Epoch [14/20] Batch [570/792] Loss: 0.0168
Epoch [14/20] Batch [580/792] Loss: 0.0237
Epoch [14/20] Batch [590/792] Loss: 0.0373
Epoch [14/20] Batch [600/792] Loss: 0.0427
Epoch [14/20] Batch [610/792] Loss: 0.0181
Epoch [14/20] Batch [620/792] Loss: 0.0254
Epoch [14/20] Batch [630/792] Loss: 0.0218
Epoch [14/20] Batch [640/792] Loss: 0.0372
Epoch [14/20] Batch [650/792] Loss: 0.0419
Epoch [14/20] Batch [660/792] Loss: 0.0412
Epoch [14/20] Batch [670/792] Loss: 0.0251
Epoch [14/20] Batch [680/792] Loss: 0.0242
Epoch [14/20] Batch [690/792] Loss: 0.0301
Epoch [14/20] Batch [700/792] Loss: 0.0377
Epoch [14/20] Batch [710/792] Loss: 0.0232
Epoch [14/20] Batch [720/792] Loss: 0.0244
Epoch [14/20] Batch [730/792] Loss: 0.0217
Epoch [14/20] Batch [740/792] Loss: 0.0346
Epoch [14/20] Batch [750/792] Loss: 0.0276
Epoch [14/20] Batch [760/792] Loss: 0.0220
Epoch [14/20] Batch [770/792] Loss: 0.0325
Epoch [14/20] Batch [780/792] Loss: 0.0264
Epoch [14/20] Batch [790/792] Loss: 0.0309
Loss at epoch 14: 0.027 --> Best model ever (stored)
Epoch [15/20] Batch [0/792] Loss: 0.0234
Epoch [15/20] Batch [10/792] Loss: 0.0478
Epoch [15/20] Batch [20/792] Loss: 0.0405
Epoch [15/20] Batch [30/792] Loss: 0.0280
Epoch [15/20] Batch [40/792] Loss: 0.0216
Epoch [15/20] Batch [50/792] Loss: 0.0197
Epoch [15/20] Batch [60/792] Loss: 0.0197
Epoch [15/20] Batch [70/792] Loss: 0.0317
Epoch [15/20] Batch [80/792] Loss: 0.0190
Epoch [15/20] Batch [90/792] Loss: 0.0173
Epoch [15/20] Batch [100/792] Loss: 0.0223
Epoch [15/20] Batch [110/792] Loss: 0.0267
Epoch [15/20] Batch [120/792] Loss: 0.0265
Epoch [15/20] Batch [130/792] Loss: 0.0220
Epoch [15/20] Batch [140/792] Loss: 0.0394
Epoch [15/20] Batch [150/792] Loss: 0.0526
Epoch [15/20] Batch [160/792] Loss: 0.0271
Epoch [15/20] Batch [170/792] Loss: 0.0291
Epoch [15/20] Batch [180/792] Loss: 0.0159
Epoch [15/20] Batch [190/792] Loss: 0.0265
Epoch [15/20] Batch [200/792] Loss: 0.0318
Epoch [15/20] Batch [210/792] Loss: 0.0271
Epoch [15/20] Batch [220/792] Loss: 0.0208
Epoch [15/20] Batch [230/792] Loss: 0.0269
Epoch [15/20] Batch [240/792] Loss: 0.0311
Epoch [15/20] Batch [250/792] Loss: 0.0500
Epoch [15/20] Batch [260/792] Loss: 0.0413
Epoch [15/20] Batch [270/792] Loss: 0.0221
Epoch [15/20] Batch [280/792] Loss: 0.0314
Epoch [15/20] Batch [290/792] Loss: 0.0222
Epoch [15/20] Batch [300/792] Loss: 0.0200
Epoch [15/20] Batch [310/792] Loss: 0.0292
Epoch [15/20] Batch [320/792] Loss: 0.0190
Epoch [15/20] Batch [330/792] Loss: 0.0364
Epoch [15/20] Batch [340/792] Loss: 0.0239
Epoch [15/20] Batch [350/792] Loss: 0.0267
Epoch [15/20] Batch [360/792] Loss: 0.0244
Epoch [15/20] Batch [370/792] Loss: 0.0317
Epoch [15/20] Batch [380/792] Loss: 0.0217
Epoch [15/20] Batch [390/792] Loss: 0.0232
Epoch [15/20] Batch [400/792] Loss: 0.0421
Epoch [15/20] Batch [410/792] Loss: 0.0203
Epoch [15/20] Batch [420/792] Loss: 0.0418
Epoch [15/20] Batch [430/792] Loss: 0.0250
Epoch [15/20] Batch [440/792] Loss: 0.0347
Epoch [15/20] Batch [450/792] Loss: 0.0278
Epoch [15/20] Batch [460/792] Loss: 0.0193
Epoch [15/20] Batch [470/792] Loss: 0.0291
Epoch [15/20] Batch [480/792] Loss: 0.0285
Epoch [15/20] Batch [490/792] Loss: 0.0253
Epoch [15/20] Batch [500/792] Loss: 0.0264
Epoch [15/20] Batch [510/792] Loss: 0.0229
Epoch [15/20] Batch [520/792] Loss: 0.0349
Epoch [15/20] Batch [530/792] Loss: 0.0228
Epoch [15/20] Batch [540/792] Loss: 0.0331
Epoch [15/20] Batch [550/792] Loss: 0.0321
Epoch [15/20] Batch [560/792] Loss: 0.0208
Epoch [15/20] Batch [570/792] Loss: 0.0284
Epoch [15/20] Batch [580/792] Loss: 0.0291
Epoch [15/20] Batch [590/792] Loss: 0.0417
Epoch [15/20] Batch [600/792] Loss: 0.0242
Epoch [15/20] Batch [610/792] Loss: 0.0352
Epoch [15/20] Batch [620/792] Loss: 0.0345
Epoch [15/20] Batch [630/792] Loss: 0.0375
Epoch [15/20] Batch [640/792] Loss: 0.0271
Epoch [15/20] Batch [650/792] Loss: 0.0133
Epoch [15/20] Batch [660/792] Loss: 0.0333
Epoch [15/20] Batch [670/792] Loss: 0.0330
Epoch [15/20] Batch [680/792] Loss: 0.0170
Epoch [15/20] Batch [690/792] Loss: 0.0295
Epoch [15/20] Batch [700/792] Loss: 0.0194
Epoch [15/20] Batch [710/792] Loss: 0.0274
Epoch [15/20] Batch [720/792] Loss: 0.0261
Epoch [15/20] Batch [730/792] Loss: 0.0283
Epoch [15/20] Batch [740/792] Loss: 0.0299
Epoch [15/20] Batch [750/792] Loss: 0.0314
Epoch [15/20] Batch [760/792] Loss: 0.0190
Epoch [15/20] Batch [770/792] Loss: 0.0253
Epoch [15/20] Batch [780/792] Loss: 0.0397
Epoch [15/20] Batch [790/792] Loss: 0.0264
Loss at epoch 15: 0.026 --> Best model ever (stored)
Epoch [16/20] Batch [0/792] Loss: 0.0255
Epoch [16/20] Batch [10/792] Loss: 0.0188
Epoch [16/20] Batch [20/792] Loss: 0.0235
Epoch [16/20] Batch [30/792] Loss: 0.0212
Epoch [16/20] Batch [40/792] Loss: 0.0234
Epoch [16/20] Batch [50/792] Loss: 0.0342
Epoch [16/20] Batch [60/792] Loss: 0.0264
Epoch [16/20] Batch [70/792] Loss: 0.0232
Epoch [16/20] Batch [80/792] Loss: 0.0209
Epoch [16/20] Batch [90/792] Loss: 0.0261
Epoch [16/20] Batch [100/792] Loss: 0.0229
Epoch [16/20] Batch [110/792] Loss: 0.0191
Epoch [16/20] Batch [120/792] Loss: 0.0333
Epoch [16/20] Batch [130/792] Loss: 0.0234
Epoch [16/20] Batch [140/792] Loss: 0.0378
Epoch [16/20] Batch [150/792] Loss: 0.0241
Epoch [16/20] Batch [160/792] Loss: 0.0410
Epoch [16/20] Batch [170/792] Loss: 0.0206
Epoch [16/20] Batch [180/792] Loss: 0.0236
Epoch [16/20] Batch [190/792] Loss: 0.0169
Epoch [16/20] Batch [200/792] Loss: 0.0195
Epoch [16/20] Batch [210/792] Loss: 0.0190
Epoch [16/20] Batch [220/792] Loss: 0.0275
Epoch [16/20] Batch [230/792] Loss: 0.0307
Epoch [16/20] Batch [240/792] Loss: 0.0254
Epoch [16/20] Batch [250/792] Loss: 0.0399
Epoch [16/20] Batch [260/792] Loss: 0.0238
Epoch [16/20] Batch [270/792] Loss: 0.0218
Epoch [16/20] Batch [280/792] Loss: 0.0187
Epoch [16/20] Batch [290/792] Loss: 0.0293
Epoch [16/20] Batch [300/792] Loss: 0.0259
Epoch [16/20] Batch [310/792] Loss: 0.0238
Epoch [16/20] Batch [320/792] Loss: 0.0293
Epoch [16/20] Batch [330/792] Loss: 0.0201
Epoch [16/20] Batch [340/792] Loss: 0.0226
Epoch [16/20] Batch [350/792] Loss: 0.0326
Epoch [16/20] Batch [360/792] Loss: 0.0296
Epoch [16/20] Batch [370/792] Loss: 0.0242
Epoch [16/20] Batch [380/792] Loss: 0.0279
Epoch [16/20] Batch [390/792] Loss: 0.0234
Epoch [16/20] Batch [400/792] Loss: 0.0220
Epoch [16/20] Batch [410/792] Loss: 0.0256
Epoch [16/20] Batch [420/792] Loss: 0.0241
Epoch [16/20] Batch [430/792] Loss: 0.0173
Epoch [16/20] Batch [440/792] Loss: 0.0325
Epoch [16/20] Batch [450/792] Loss: 0.0292
Epoch [16/20] Batch [460/792] Loss: 0.0405
Epoch [16/20] Batch [470/792] Loss: 0.0177
Epoch [16/20] Batch [480/792] Loss: 0.0259
Epoch [16/20] Batch [490/792] Loss: 0.0276
Epoch [16/20] Batch [500/792] Loss: 0.0233
Epoch [16/20] Batch [510/792] Loss: 0.0263
Epoch [16/20] Batch [520/792] Loss: 0.0260
Epoch [16/20] Batch [530/792] Loss: 0.0235
Epoch [16/20] Batch [540/792] Loss: 0.0243
Epoch [16/20] Batch [550/792] Loss: 0.0428
Epoch [16/20] Batch [560/792] Loss: 0.0338
Epoch [16/20] Batch [570/792] Loss: 0.0183
Epoch [16/20] Batch [580/792] Loss: 0.0359
Epoch [16/20] Batch [590/792] Loss: 0.0368
Epoch [16/20] Batch [600/792] Loss: 0.0289
Epoch [16/20] Batch [610/792] Loss: 0.0198
Epoch [16/20] Batch [620/792] Loss: 0.0318
Epoch [16/20] Batch [630/792] Loss: 0.0220
Epoch [16/20] Batch [640/792] Loss: 0.0200
Epoch [16/20] Batch [650/792] Loss: 0.0279
Epoch [16/20] Batch [660/792] Loss: 0.0386
Epoch [16/20] Batch [670/792] Loss: 0.0276
Epoch [16/20] Batch [680/792] Loss: 0.0245
Epoch [16/20] Batch [690/792] Loss: 0.0248
Epoch [16/20] Batch [700/792] Loss: 0.0305
Epoch [16/20] Batch [710/792] Loss: 0.0279
Epoch [16/20] Batch [720/792] Loss: 0.0442
Epoch [16/20] Batch [730/792] Loss: 0.0294
Epoch [16/20] Batch [740/792] Loss: 0.0277
Epoch [16/20] Batch [750/792] Loss: 0.0251
Epoch [16/20] Batch [760/792] Loss: 0.0198
Epoch [16/20] Batch [770/792] Loss: 0.0352
Epoch [16/20] Batch [780/792] Loss: 0.0291
Epoch [16/20] Batch [790/792] Loss: 0.0190
Loss at epoch 16: 0.026 --> Best model ever (stored)
Saving checkpoint at epoch 16...
Model saved to /home/sar0033/blindscrambler/scripts/models/models_diffusion_epoch_16.onnx
Epoch [17/20] Batch [0/792] Loss: 0.0186
Epoch [17/20] Batch [10/792] Loss: 0.0229
Epoch [17/20] Batch [20/792] Loss: 0.0266
Epoch [17/20] Batch [30/792] Loss: 0.0165
Epoch [17/20] Batch [40/792] Loss: 0.0207
Epoch [17/20] Batch [50/792] Loss: 0.0202
Epoch [17/20] Batch [60/792] Loss: 0.0254
Epoch [17/20] Batch [70/792] Loss: 0.0290
Epoch [17/20] Batch [80/792] Loss: 0.0306
Epoch [17/20] Batch [90/792] Loss: 0.0356
Epoch [17/20] Batch [100/792] Loss: 0.0234
Epoch [17/20] Batch [110/792] Loss: 0.0285
Epoch [17/20] Batch [120/792] Loss: 0.0470
Epoch [17/20] Batch [130/792] Loss: 0.0179
Epoch [17/20] Batch [140/792] Loss: 0.0229
Epoch [17/20] Batch [150/792] Loss: 0.0319
Epoch [17/20] Batch [160/792] Loss: 0.0241
Epoch [17/20] Batch [170/792] Loss: 0.0254
Epoch [17/20] Batch [180/792] Loss: 0.0259
Epoch [17/20] Batch [190/792] Loss: 0.0271
Epoch [17/20] Batch [200/792] Loss: 0.0172
Epoch [17/20] Batch [210/792] Loss: 0.0267
Epoch [17/20] Batch [220/792] Loss: 0.0282
Epoch [17/20] Batch [230/792] Loss: 0.0216
Epoch [17/20] Batch [240/792] Loss: 0.0249
Epoch [17/20] Batch [250/792] Loss: 0.0151
Epoch [17/20] Batch [260/792] Loss: 0.0243
Epoch [17/20] Batch [270/792] Loss: 0.0281
Epoch [17/20] Batch [280/792] Loss: 0.0391
Epoch [17/20] Batch [290/792] Loss: 0.0189
Epoch [17/20] Batch [300/792] Loss: 0.0246
Epoch [17/20] Batch [310/792] Loss: 0.0182
Epoch [17/20] Batch [320/792] Loss: 0.0336
Epoch [17/20] Batch [330/792] Loss: 0.0241
Epoch [17/20] Batch [340/792] Loss: 0.0213
Epoch [17/20] Batch [350/792] Loss: 0.0447
Epoch [17/20] Batch [360/792] Loss: 0.0202
Epoch [17/20] Batch [370/792] Loss: 0.0266
Epoch [17/20] Batch [380/792] Loss: 0.0385
Epoch [17/20] Batch [390/792] Loss: 0.0338
Epoch [17/20] Batch [400/792] Loss: 0.0274
Epoch [17/20] Batch [410/792] Loss: 0.0386
Epoch [17/20] Batch [420/792] Loss: 0.0222
Epoch [17/20] Batch [430/792] Loss: 0.0278
Epoch [17/20] Batch [440/792] Loss: 0.0211
Epoch [17/20] Batch [450/792] Loss: 0.0204
Epoch [17/20] Batch [460/792] Loss: 0.0206
Epoch [17/20] Batch [470/792] Loss: 0.0183
Epoch [17/20] Batch [480/792] Loss: 0.0482
Epoch [17/20] Batch [490/792] Loss: 0.0231
Epoch [17/20] Batch [500/792] Loss: 0.0194
Epoch [17/20] Batch [510/792] Loss: 0.0180
Epoch [17/20] Batch [520/792] Loss: 0.0259
Epoch [17/20] Batch [530/792] Loss: 0.0265
Epoch [17/20] Batch [540/792] Loss: 0.0274
Epoch [17/20] Batch [550/792] Loss: 0.0360
Epoch [17/20] Batch [560/792] Loss: 0.0213
Epoch [17/20] Batch [570/792] Loss: 0.0271
Epoch [17/20] Batch [580/792] Loss: 0.0279
Epoch [17/20] Batch [590/792] Loss: 0.0147
Epoch [17/20] Batch [600/792] Loss: 0.0272
Epoch [17/20] Batch [610/792] Loss: 0.0176
Epoch [17/20] Batch [620/792] Loss: 0.0248
Epoch [17/20] Batch [630/792] Loss: 0.0239
Epoch [17/20] Batch [640/792] Loss: 0.0262
Epoch [17/20] Batch [650/792] Loss: 0.0347
Epoch [17/20] Batch [660/792] Loss: 0.0280
Epoch [17/20] Batch [670/792] Loss: 0.0281
Epoch [17/20] Batch [680/792] Loss: 0.0307
Epoch [17/20] Batch [690/792] Loss: 0.0200
Epoch [17/20] Batch [700/792] Loss: 0.0244
Epoch [17/20] Batch [710/792] Loss: 0.0146
Epoch [17/20] Batch [720/792] Loss: 0.0254
Epoch [17/20] Batch [730/792] Loss: 0.0250
Epoch [17/20] Batch [740/792] Loss: 0.0315
Epoch [17/20] Batch [750/792] Loss: 0.0225
Epoch [17/20] Batch [760/792] Loss: 0.0183
Epoch [17/20] Batch [770/792] Loss: 0.0232
Epoch [17/20] Batch [780/792] Loss: 0.0270
Epoch [17/20] Batch [790/792] Loss: 0.0307
Loss at epoch 17: 0.026 --> Best model ever (stored)
Epoch [18/20] Batch [0/792] Loss: 0.0175
Epoch [18/20] Batch [10/792] Loss: 0.0196
Epoch [18/20] Batch [20/792] Loss: 0.0196
Epoch [18/20] Batch [30/792] Loss: 0.0244
Epoch [18/20] Batch [40/792] Loss: 0.0257
Epoch [18/20] Batch [50/792] Loss: 0.0233
Epoch [18/20] Batch [60/792] Loss: 0.0243
Epoch [18/20] Batch [70/792] Loss: 0.0153
Epoch [18/20] Batch [80/792] Loss: 0.0227
Epoch [18/20] Batch [90/792] Loss: 0.0164
Epoch [18/20] Batch [100/792] Loss: 0.0338
Epoch [18/20] Batch [110/792] Loss: 0.0235
Epoch [18/20] Batch [120/792] Loss: 0.0231
Epoch [18/20] Batch [130/792] Loss: 0.0151
Epoch [18/20] Batch [140/792] Loss: 0.0345
Epoch [18/20] Batch [150/792] Loss: 0.0181
Epoch [18/20] Batch [160/792] Loss: 0.0309
Epoch [18/20] Batch [170/792] Loss: 0.0242
Epoch [18/20] Batch [180/792] Loss: 0.0304
Epoch [18/20] Batch [190/792] Loss: 0.0240
Epoch [18/20] Batch [200/792] Loss: 0.0161
Epoch [18/20] Batch [210/792] Loss: 0.0252
Epoch [18/20] Batch [220/792] Loss: 0.0351
Epoch [18/20] Batch [230/792] Loss: 0.0338
Epoch [18/20] Batch [240/792] Loss: 0.0333
Epoch [18/20] Batch [250/792] Loss: 0.0210
Epoch [18/20] Batch [260/792] Loss: 0.0275
Epoch [18/20] Batch [270/792] Loss: 0.0248
Epoch [18/20] Batch [280/792] Loss: 0.0218
Epoch [18/20] Batch [290/792] Loss: 0.0489
Epoch [18/20] Batch [300/792] Loss: 0.0215
Epoch [18/20] Batch [310/792] Loss: 0.0246
Epoch [18/20] Batch [320/792] Loss: 0.0277
Epoch [18/20] Batch [330/792] Loss: 0.0178
Epoch [18/20] Batch [340/792] Loss: 0.0197
Epoch [18/20] Batch [350/792] Loss: 0.0308
Epoch [18/20] Batch [360/792] Loss: 0.0178
Epoch [18/20] Batch [370/792] Loss: 0.0362
Epoch [18/20] Batch [380/792] Loss: 0.0190
Epoch [18/20] Batch [390/792] Loss: 0.0277
Epoch [18/20] Batch [400/792] Loss: 0.0251
Epoch [18/20] Batch [410/792] Loss: 0.0225
Epoch [18/20] Batch [420/792] Loss: 0.0177
Epoch [18/20] Batch [430/792] Loss: 0.0354
Epoch [18/20] Batch [440/792] Loss: 0.0197
Epoch [18/20] Batch [450/792] Loss: 0.0342
Epoch [18/20] Batch [460/792] Loss: 0.0275
Epoch [18/20] Batch [470/792] Loss: 0.0149
Epoch [18/20] Batch [480/792] Loss: 0.0268
Epoch [18/20] Batch [490/792] Loss: 0.0176
Epoch [18/20] Batch [500/792] Loss: 0.0288
Epoch [18/20] Batch [510/792] Loss: 0.0136
Epoch [18/20] Batch [520/792] Loss: 0.0166
Epoch [18/20] Batch [530/792] Loss: 0.0202
Epoch [18/20] Batch [540/792] Loss: 0.0263
Epoch [18/20] Batch [550/792] Loss: 0.0181
Epoch [18/20] Batch [560/792] Loss: 0.0222
Epoch [18/20] Batch [570/792] Loss: 0.0152
Epoch [18/20] Batch [580/792] Loss: 0.0236
Epoch [18/20] Batch [590/792] Loss: 0.0274
Epoch [18/20] Batch [600/792] Loss: 0.0176
Epoch [18/20] Batch [610/792] Loss: 0.0143
Epoch [18/20] Batch [620/792] Loss: 0.0183
Epoch [18/20] Batch [630/792] Loss: 0.0207
Epoch [18/20] Batch [640/792] Loss: 0.0213
Epoch [18/20] Batch [650/792] Loss: 0.0159
Epoch [18/20] Batch [660/792] Loss: 0.0164
Epoch [18/20] Batch [670/792] Loss: 0.0256
Epoch [18/20] Batch [680/792] Loss: 0.0225
Epoch [18/20] Batch [690/792] Loss: 0.0338
Epoch [18/20] Batch [700/792] Loss: 0.0245
Epoch [18/20] Batch [710/792] Loss: 0.0256
Epoch [18/20] Batch [720/792] Loss: 0.0341
Epoch [18/20] Batch [730/792] Loss: 0.0231
Epoch [18/20] Batch [740/792] Loss: 0.0180
Epoch [18/20] Batch [750/792] Loss: 0.0209
Epoch [18/20] Batch [760/792] Loss: 0.0235
Epoch [18/20] Batch [770/792] Loss: 0.0296
Epoch [18/20] Batch [780/792] Loss: 0.0258
Epoch [18/20] Batch [790/792] Loss: 0.0243
Loss at epoch 18: 0.025 --> Best model ever (stored)
Epoch [19/20] Batch [0/792] Loss: 0.0310
Epoch [19/20] Batch [10/792] Loss: 0.0264
Epoch [19/20] Batch [20/792] Loss: 0.0202
Epoch [19/20] Batch [30/792] Loss: 0.0154
Epoch [19/20] Batch [40/792] Loss: 0.0268
Epoch [19/20] Batch [50/792] Loss: 0.0204
Epoch [19/20] Batch [60/792] Loss: 0.0219
Epoch [19/20] Batch [70/792] Loss: 0.0329
Epoch [19/20] Batch [80/792] Loss: 0.0196
Epoch [19/20] Batch [90/792] Loss: 0.0261
Epoch [19/20] Batch [100/792] Loss: 0.0151
Epoch [19/20] Batch [110/792] Loss: 0.0218
Epoch [19/20] Batch [120/792] Loss: 0.0204
Epoch [19/20] Batch [130/792] Loss: 0.0248
Epoch [19/20] Batch [140/792] Loss: 0.0284
Epoch [19/20] Batch [150/792] Loss: 0.0183
Epoch [19/20] Batch [160/792] Loss: 0.0256
Epoch [19/20] Batch [170/792] Loss: 0.0241
Epoch [19/20] Batch [180/792] Loss: 0.0294
Epoch [19/20] Batch [190/792] Loss: 0.0265
Epoch [19/20] Batch [200/792] Loss: 0.0502
Epoch [19/20] Batch [210/792] Loss: 0.0136
Epoch [19/20] Batch [220/792] Loss: 0.0173
Epoch [19/20] Batch [230/792] Loss: 0.0271
Epoch [19/20] Batch [240/792] Loss: 0.0357
Epoch [19/20] Batch [250/792] Loss: 0.0174
Epoch [19/20] Batch [260/792] Loss: 0.0300
Epoch [19/20] Batch [270/792] Loss: 0.0243
Epoch [19/20] Batch [280/792] Loss: 0.0189
Epoch [19/20] Batch [290/792] Loss: 0.0256
Epoch [19/20] Batch [300/792] Loss: 0.0249
Epoch [19/20] Batch [310/792] Loss: 0.0293
Epoch [19/20] Batch [320/792] Loss: 0.0239
Epoch [19/20] Batch [330/792] Loss: 0.0199
Epoch [19/20] Batch [340/792] Loss: 0.0187
Epoch [19/20] Batch [350/792] Loss: 0.0142
Epoch [19/20] Batch [360/792] Loss: 0.0209
Epoch [19/20] Batch [370/792] Loss: 0.0200
Epoch [19/20] Batch [380/792] Loss: 0.0266
Epoch [19/20] Batch [390/792] Loss: 0.0419
Epoch [19/20] Batch [400/792] Loss: 0.0238
Epoch [19/20] Batch [410/792] Loss: 0.0226
Epoch [19/20] Batch [420/792] Loss: 0.0178
Epoch [19/20] Batch [430/792] Loss: 0.0284
Epoch [19/20] Batch [440/792] Loss: 0.0190
Epoch [19/20] Batch [450/792] Loss: 0.0305
Epoch [19/20] Batch [460/792] Loss: 0.0156
Epoch [19/20] Batch [470/792] Loss: 0.0264
Epoch [19/20] Batch [480/792] Loss: 0.0266
Epoch [19/20] Batch [490/792] Loss: 0.0228
Epoch [19/20] Batch [500/792] Loss: 0.0282
Epoch [19/20] Batch [510/792] Loss: 0.0213
Epoch [19/20] Batch [520/792] Loss: 0.0244
Epoch [19/20] Batch [530/792] Loss: 0.0224
Epoch [19/20] Batch [540/792] Loss: 0.0201
Epoch [19/20] Batch [550/792] Loss: 0.0142
Epoch [19/20] Batch [560/792] Loss: 0.0198
Epoch [19/20] Batch [570/792] Loss: 0.0286
Epoch [19/20] Batch [580/792] Loss: 0.0139
Epoch [19/20] Batch [590/792] Loss: 0.0255
Epoch [19/20] Batch [600/792] Loss: 0.0208
Epoch [19/20] Batch [610/792] Loss: 0.0318
Epoch [19/20] Batch [620/792] Loss: 0.0171
Epoch [19/20] Batch [630/792] Loss: 0.0249
Epoch [19/20] Batch [640/792] Loss: 0.0262
Epoch [19/20] Batch [650/792] Loss: 0.0258
Epoch [19/20] Batch [660/792] Loss: 0.0329
Epoch [19/20] Batch [670/792] Loss: 0.0265
Epoch [19/20] Batch [680/792] Loss: 0.0212
Epoch [19/20] Batch [690/792] Loss: 0.0155
Epoch [19/20] Batch [700/792] Loss: 0.0224
Epoch [19/20] Batch [710/792] Loss: 0.0310
Epoch [19/20] Batch [720/792] Loss: 0.0182
Epoch [19/20] Batch [730/792] Loss: 0.0175
Epoch [19/20] Batch [740/792] Loss: 0.0274
Epoch [19/20] Batch [750/792] Loss: 0.0239
Epoch [19/20] Batch [760/792] Loss: 0.0257
Epoch [19/20] Batch [770/792] Loss: 0.0194
Epoch [19/20] Batch [780/792] Loss: 0.0365
Epoch [19/20] Batch [790/792] Loss: 0.0208
Loss at epoch 19: 0.025 --> Best model ever (stored)
Saving checkpoint at epoch 19...
Model saved to /home/sar0033/blindscrambler/scripts/models/models_diffusion_epoch_19.onnx
Epoch [20/20] Batch [0/792] Loss: 0.0344
Epoch [20/20] Batch [10/792] Loss: 0.0238
Epoch [20/20] Batch [20/792] Loss: 0.0277
Epoch [20/20] Batch [30/792] Loss: 0.0224
Epoch [20/20] Batch [40/792] Loss: 0.0181
Epoch [20/20] Batch [50/792] Loss: 0.0216
Epoch [20/20] Batch [60/792] Loss: 0.0190
Epoch [20/20] Batch [70/792] Loss: 0.0170
Epoch [20/20] Batch [80/792] Loss: 0.0268
Epoch [20/20] Batch [90/792] Loss: 0.0188
Epoch [20/20] Batch [100/792] Loss: 0.0234
Epoch [20/20] Batch [110/792] Loss: 0.0212
Epoch [20/20] Batch [120/792] Loss: 0.0334
Epoch [20/20] Batch [130/792] Loss: 0.0257
Epoch [20/20] Batch [140/792] Loss: 0.0264
Epoch [20/20] Batch [150/792] Loss: 0.0269
Epoch [20/20] Batch [160/792] Loss: 0.0274
Epoch [20/20] Batch [170/792] Loss: 0.0164
Epoch [20/20] Batch [180/792] Loss: 0.0147
Epoch [20/20] Batch [190/792] Loss: 0.0174
Epoch [20/20] Batch [200/792] Loss: 0.0251
Epoch [20/20] Batch [210/792] Loss: 0.0327
Epoch [20/20] Batch [220/792] Loss: 0.0177
Epoch [20/20] Batch [230/792] Loss: 0.0348
Epoch [20/20] Batch [240/792] Loss: 0.0161
Epoch [20/20] Batch [250/792] Loss: 0.0206
Epoch [20/20] Batch [260/792] Loss: 0.0387
Epoch [20/20] Batch [270/792] Loss: 0.0284
Epoch [20/20] Batch [280/792] Loss: 0.0246
Epoch [20/20] Batch [290/792] Loss: 0.0184
Epoch [20/20] Batch [300/792] Loss: 0.0180
Epoch [20/20] Batch [310/792] Loss: 0.0243
Epoch [20/20] Batch [320/792] Loss: 0.0276
Epoch [20/20] Batch [330/792] Loss: 0.0207
Epoch [20/20] Batch [340/792] Loss: 0.0160
Epoch [20/20] Batch [350/792] Loss: 0.0241
Epoch [20/20] Batch [360/792] Loss: 0.0229
Epoch [20/20] Batch [370/792] Loss: 0.0208
Epoch [20/20] Batch [380/792] Loss: 0.0443
Epoch [20/20] Batch [390/792] Loss: 0.0204
Epoch [20/20] Batch [400/792] Loss: 0.0174
Epoch [20/20] Batch [410/792] Loss: 0.0185
Epoch [20/20] Batch [420/792] Loss: 0.0280
Epoch [20/20] Batch [430/792] Loss: 0.0290
Epoch [20/20] Batch [440/792] Loss: 0.0358
Epoch [20/20] Batch [450/792] Loss: 0.0301
Epoch [20/20] Batch [460/792] Loss: 0.0220
Epoch [20/20] Batch [470/792] Loss: 0.0259
Epoch [20/20] Batch [480/792] Loss: 0.0199
Epoch [20/20] Batch [490/792] Loss: 0.0216
Epoch [20/20] Batch [500/792] Loss: 0.0280
Epoch [20/20] Batch [510/792] Loss: 0.0265
Epoch [20/20] Batch [520/792] Loss: 0.0321
Epoch [20/20] Batch [530/792] Loss: 0.0155
Epoch [20/20] Batch [540/792] Loss: 0.0220
Epoch [20/20] Batch [550/792] Loss: 0.0285
Epoch [20/20] Batch [560/792] Loss: 0.0260
Epoch [20/20] Batch [570/792] Loss: 0.0259
Epoch [20/20] Batch [580/792] Loss: 0.0196
Epoch [20/20] Batch [590/792] Loss: 0.0314
Epoch [20/20] Batch [600/792] Loss: 0.0198
Epoch [20/20] Batch [610/792] Loss: 0.0273
Epoch [20/20] Batch [620/792] Loss: 0.0224
Epoch [20/20] Batch [630/792] Loss: 0.0265
Epoch [20/20] Batch [640/792] Loss: 0.0249
Epoch [20/20] Batch [650/792] Loss: 0.0226
Epoch [20/20] Batch [660/792] Loss: 0.0152
Epoch [20/20] Batch [670/792] Loss: 0.0306
Epoch [20/20] Batch [680/792] Loss: 0.0168
Epoch [20/20] Batch [690/792] Loss: 0.0247
Epoch [20/20] Batch [700/792] Loss: 0.0221
Epoch [20/20] Batch [710/792] Loss: 0.0212
Epoch [20/20] Batch [720/792] Loss: 0.0270
Epoch [20/20] Batch [730/792] Loss: 0.0134
Epoch [20/20] Batch [740/792] Loss: 0.0198
Epoch [20/20] Batch [750/792] Loss: 0.0182
Epoch [20/20] Batch [760/792] Loss: 0.0258
Epoch [20/20] Batch [770/792] Loss: 0.0189
Epoch [20/20] Batch [780/792] Loss: 0.0252
Epoch [20/20] Batch [790/792] Loss: 0.0232
Loss at epoch 20: 0.025 --> Best model ever (stored)
Saving final model and samples at 20...
Model saved to /home/sar0033/blindscrambler/scripts/models/models_diffusion_epoch_20.onnx
2026-04-28 17:46:10,031 - WARNING - Diffusion model training completed
2026-04-28 17:46:10,031 - INFO - Training pipeline completed
