Starting Generator Model Training at Fri Apr 24 01:37:57 PM CDT 2026
Model: vae
Epochs: 20
Batch Size: 32
Learning Rate: 0.002
Data Fraction: 0.02
Process ID: 1647105
======================================================
Python Process PID: 1647111
2026-04-24 13:38:03,191 - INFO - Selected GPU: 0
2026-04-24 13:38:04,321 - INFO - Dataset size: 4051 images
2026-04-24 13:38:51,231 - INFO - Batch shape: torch.Size([32, 3, 64, 64])
2026-04-24 13:38:51,232 - INFO - Batch range: [0.00, 1.00]
2026-04-24 13:38:51,439 - INFO - Models and optimizers initialized
2026-04-24 13:38:51,439 - INFO - Starting VAE training...
Epoch [1/20] Batch [0/127] Loss: 8614.2754
Epoch [1/20] Batch [10/127] Loss: 8323.0000
Epoch [1/20] Batch [20/127] Loss: 7748.1035
Epoch [1/20] Batch [30/127] Loss: 7464.9014
Epoch [1/20] Batch [40/127] Loss: 7277.0620
Epoch [1/20] Batch [50/127] Loss: 7448.2754
Epoch [1/20] Batch [60/127] Loss: 7473.4258
Epoch [1/20] Batch [70/127] Loss: 7242.7817
Epoch [1/20] Batch [80/127] Loss: 7254.8052
Epoch [1/20] Batch [90/127] Loss: 7152.6265
Epoch [1/20] Batch [100/127] Loss: 7188.3711
Epoch [1/20] Batch [110/127] Loss: 6871.5386
Epoch [1/20] Batch [120/127] Loss: 7312.0005
====> Epoch 1 Average loss: 7486.7429
Saving checkpoint at epoch 1...
Model saved to /home/sar0033/blindscrambler/scripts/models/models_vae_epoch_1.onnx
Epoch [2/20] Batch [0/127] Loss: 7226.2446
Epoch [2/20] Batch [10/127] Loss: 7174.2026
Epoch [2/20] Batch [20/127] Loss: 7220.0981
Epoch [2/20] Batch [30/127] Loss: 7051.5952
Epoch [2/20] Batch [40/127] Loss: 6894.7070
Epoch [2/20] Batch [50/127] Loss: 6817.3550
Epoch [2/20] Batch [60/127] Loss: 7123.7524
Epoch [2/20] Batch [70/127] Loss: 6879.9258
Epoch [2/20] Batch [80/127] Loss: 6750.9302
Epoch [2/20] Batch [90/127] Loss: 6975.6152
Epoch [2/20] Batch [100/127] Loss: 7145.8452
Epoch [2/20] Batch [110/127] Loss: 6957.9160
Epoch [2/20] Batch [120/127] Loss: 7125.7402
====> Epoch 2 Average loss: 6942.7958
Epoch [3/20] Batch [0/127] Loss: 6667.4155
Epoch [3/20] Batch [10/127] Loss: 6614.4536
Epoch [3/20] Batch [20/127] Loss: 6878.4614
Epoch [3/20] Batch [30/127] Loss: 6630.7041
Epoch [3/20] Batch [40/127] Loss: 6674.7490
Epoch [3/20] Batch [50/127] Loss: 6871.8564
Epoch [3/20] Batch [60/127] Loss: 6634.1475
Epoch [3/20] Batch [70/127] Loss: 6668.5654
Epoch [3/20] Batch [80/127] Loss: 6862.1787
Epoch [3/20] Batch [90/127] Loss: 6690.4819
Epoch [3/20] Batch [100/127] Loss: 6935.5674
Epoch [3/20] Batch [110/127] Loss: 6818.6284
Epoch [3/20] Batch [120/127] Loss: 6604.2329
====> Epoch 3 Average loss: 6797.1004
Epoch [4/20] Batch [0/127] Loss: 6773.5786
Epoch [4/20] Batch [10/127] Loss: 6703.0991
Epoch [4/20] Batch [20/127] Loss: 6881.4189
Epoch [4/20] Batch [30/127] Loss: 6493.9482
Epoch [4/20] Batch [40/127] Loss: 6453.0200
Epoch [4/20] Batch [50/127] Loss: 6724.8701
Epoch [4/20] Batch [60/127] Loss: 6581.0757
Epoch [4/20] Batch [70/127] Loss: 6862.5752
Epoch [4/20] Batch [80/127] Loss: 6796.3037
Epoch [4/20] Batch [90/127] Loss: 6644.7192
Epoch [4/20] Batch [100/127] Loss: 6374.6777
Epoch [4/20] Batch [110/127] Loss: 6766.8643
Epoch [4/20] Batch [120/127] Loss: 6661.3555
====> Epoch 4 Average loss: 6730.9567
Epoch [5/20] Batch [0/127] Loss: 6742.3701
Epoch [5/20] Batch [10/127] Loss: 6841.3008
Epoch [5/20] Batch [20/127] Loss: 6887.5488
Epoch [5/20] Batch [30/127] Loss: 6784.3394
Epoch [5/20] Batch [40/127] Loss: 6763.4854
Epoch [5/20] Batch [50/127] Loss: 6586.7026
Epoch [5/20] Batch [60/127] Loss: 6482.8525
Epoch [5/20] Batch [70/127] Loss: 6868.0635
Epoch [5/20] Batch [80/127] Loss: 7007.8320
Epoch [5/20] Batch [90/127] Loss: 6637.1206
Epoch [5/20] Batch [100/127] Loss: 6902.4419
Epoch [5/20] Batch [110/127] Loss: 6771.3047
Epoch [5/20] Batch [120/127] Loss: 6650.3652
====> Epoch 5 Average loss: 6694.2035
Epoch [6/20] Batch [0/127] Loss: 6465.2407
Epoch [6/20] Batch [10/127] Loss: 6686.6372
Epoch [6/20] Batch [20/127] Loss: 6519.1196
Epoch [6/20] Batch [30/127] Loss: 6632.4614
Epoch [6/20] Batch [40/127] Loss: 6535.9619
Epoch [6/20] Batch [50/127] Loss: 6593.9268
Epoch [6/20] Batch [60/127] Loss: 7155.4570
Epoch [6/20] Batch [70/127] Loss: 6439.9272
Epoch [6/20] Batch [80/127] Loss: 6550.6328
Epoch [6/20] Batch [90/127] Loss: 6475.8848
Epoch [6/20] Batch [100/127] Loss: 6773.8218
Epoch [6/20] Batch [110/127] Loss: 6621.0947
Epoch [6/20] Batch [120/127] Loss: 6934.8457
====> Epoch 6 Average loss: 6669.5909
Saving checkpoint at epoch 6...
Model saved to /home/sar0033/blindscrambler/scripts/models/models_vae_epoch_6.onnx
Epoch [7/20] Batch [0/127] Loss: 6616.7939
Epoch [7/20] Batch [10/127] Loss: 6838.4409
Epoch [7/20] Batch [20/127] Loss: 6730.6450
Epoch [7/20] Batch [30/127] Loss: 6482.5361
Epoch [7/20] Batch [40/127] Loss: 6874.5845
Epoch [7/20] Batch [50/127] Loss: 6636.3384
Epoch [7/20] Batch [60/127] Loss: 6422.9648
Epoch [7/20] Batch [70/127] Loss: 6572.7036
Epoch [7/20] Batch [80/127] Loss: 6704.3638
Epoch [7/20] Batch [90/127] Loss: 6497.8066
Epoch [7/20] Batch [100/127] Loss: 6415.2021
Epoch [7/20] Batch [110/127] Loss: 6560.4497
Epoch [7/20] Batch [120/127] Loss: 6313.1079
====> Epoch 7 Average loss: 6634.5632
Epoch [8/20] Batch [0/127] Loss: 6915.7480
Epoch [8/20] Batch [10/127] Loss: 6796.3730
Epoch [8/20] Batch [20/127] Loss: 6575.0747
Epoch [8/20] Batch [30/127] Loss: 6599.2183
Epoch [8/20] Batch [40/127] Loss: 6325.1436
Epoch [8/20] Batch [50/127] Loss: 6511.3057
Epoch [8/20] Batch [60/127] Loss: 6585.0854
Epoch [8/20] Batch [70/127] Loss: 6504.7827
Epoch [8/20] Batch [80/127] Loss: 6987.1177
Epoch [8/20] Batch [90/127] Loss: 6748.4277
Epoch [8/20] Batch [100/127] Loss: 6514.2178
Epoch [8/20] Batch [110/127] Loss: 6513.3301
Epoch [8/20] Batch [120/127] Loss: 6453.6509
====> Epoch 8 Average loss: 6619.8238
Epoch [9/20] Batch [0/127] Loss: 6625.1001
Epoch [9/20] Batch [10/127] Loss: 6649.2344
Epoch [9/20] Batch [20/127] Loss: 6710.0552
Epoch [9/20] Batch [30/127] Loss: 6426.8501
Epoch [9/20] Batch [40/127] Loss: 6597.3677
Epoch [9/20] Batch [50/127] Loss: 6823.0498
Epoch [9/20] Batch [60/127] Loss: 6568.2456
Epoch [9/20] Batch [70/127] Loss: 6387.5415
Epoch [9/20] Batch [80/127] Loss: 6640.3916
Epoch [9/20] Batch [90/127] Loss: 6735.4937
Epoch [9/20] Batch [100/127] Loss: 6349.6724
Epoch [9/20] Batch [110/127] Loss: 6540.3740
Epoch [9/20] Batch [120/127] Loss: 6571.3618
====> Epoch 9 Average loss: 6602.7566
Epoch [10/20] Batch [0/127] Loss: 6661.7559
Epoch [10/20] Batch [10/127] Loss: 6594.8833
Epoch [10/20] Batch [20/127] Loss: 6385.2754
Epoch [10/20] Batch [30/127] Loss: 6557.9805
Epoch [10/20] Batch [40/127] Loss: 6476.5854
Epoch [10/20] Batch [50/127] Loss: 6511.7095
Epoch [10/20] Batch [60/127] Loss: 6152.3062
Epoch [10/20] Batch [70/127] Loss: 6603.0327
Epoch [10/20] Batch [80/127] Loss: 6545.9600
Epoch [10/20] Batch [90/127] Loss: 6514.5947
Epoch [10/20] Batch [100/127] Loss: 6556.0288
Epoch [10/20] Batch [110/127] Loss: 6464.6826
Epoch [10/20] Batch [120/127] Loss: 6631.9956
====> Epoch 10 Average loss: 6594.3115
Epoch [11/20] Batch [0/127] Loss: 6773.7285
Epoch [11/20] Batch [10/127] Loss: 6526.5742
Epoch [11/20] Batch [20/127] Loss: 6584.6357
Epoch [11/20] Batch [30/127] Loss: 6506.4849
Epoch [11/20] Batch [40/127] Loss: 6496.8135
Epoch [11/20] Batch [50/127] Loss: 6602.5410
Epoch [11/20] Batch [60/127] Loss: 6765.9414
Epoch [11/20] Batch [70/127] Loss: 6666.2896
Epoch [11/20] Batch [80/127] Loss: 6678.6709
Epoch [11/20] Batch [90/127] Loss: 6758.5811
Epoch [11/20] Batch [100/127] Loss: 6632.5273
Epoch [11/20] Batch [110/127] Loss: 6485.6108
Epoch [11/20] Batch [120/127] Loss: 6545.7559
====> Epoch 11 Average loss: 6582.9415
Saving checkpoint at epoch 11...
Model saved to /home/sar0033/blindscrambler/scripts/models/models_vae_epoch_11.onnx
Epoch [12/20] Batch [0/127] Loss: 6567.4844
Epoch [12/20] Batch [10/127] Loss: 6636.6006
Epoch [12/20] Batch [20/127] Loss: 6773.7988
Epoch [12/20] Batch [30/127] Loss: 6554.6523
Epoch [12/20] Batch [40/127] Loss: 6608.3369
Epoch [12/20] Batch [50/127] Loss: 6399.8140
Epoch [12/20] Batch [60/127] Loss: 6614.3623
Epoch [12/20] Batch [70/127] Loss: 6525.9429
Epoch [12/20] Batch [80/127] Loss: 6205.2451
Epoch [12/20] Batch [90/127] Loss: 6428.5103
Epoch [12/20] Batch [100/127] Loss: 6473.8647
Epoch [12/20] Batch [110/127] Loss: 6928.2012
Epoch [12/20] Batch [120/127] Loss: 6873.1455
====> Epoch 12 Average loss: 6576.6020
Epoch [13/20] Batch [0/127] Loss: 6327.6523
Epoch [13/20] Batch [10/127] Loss: 6498.2837
Epoch [13/20] Batch [20/127] Loss: 6709.5972
Epoch [13/20] Batch [30/127] Loss: 6619.5098
Epoch [13/20] Batch [40/127] Loss: 6426.2085
Epoch [13/20] Batch [50/127] Loss: 6655.5889
Epoch [13/20] Batch [60/127] Loss: 6699.7319
Epoch [13/20] Batch [70/127] Loss: 6689.7354
Epoch [13/20] Batch [80/127] Loss: 6072.2012
Epoch [13/20] Batch [90/127] Loss: 6614.6597
Epoch [13/20] Batch [100/127] Loss: 6808.1016
Epoch [13/20] Batch [110/127] Loss: 6895.1260
Epoch [13/20] Batch [120/127] Loss: 6645.2627
====> Epoch 13 Average loss: 6578.7421
Epoch [14/20] Batch [0/127] Loss: 6742.7549
Epoch [14/20] Batch [10/127] Loss: 6567.4097
Epoch [14/20] Batch [20/127] Loss: 6469.2202
Epoch [14/20] Batch [30/127] Loss: 6516.8447
Epoch [14/20] Batch [40/127] Loss: 6680.6045
Epoch [14/20] Batch [50/127] Loss: 6298.7666
Epoch [14/20] Batch [60/127] Loss: 6380.1548
Epoch [14/20] Batch [70/127] Loss: 6372.9258
Epoch [14/20] Batch [80/127] Loss: 6629.4180
Epoch [14/20] Batch [90/127] Loss: 6537.9585
Epoch [14/20] Batch [100/127] Loss: 6472.8057
Epoch [14/20] Batch [110/127] Loss: 6618.6372
Epoch [14/20] Batch [120/127] Loss: 6712.6611
====> Epoch 14 Average loss: 6569.4354
Epoch [15/20] Batch [0/127] Loss: 6840.1992
Epoch [15/20] Batch [10/127] Loss: 6751.6240
Epoch [15/20] Batch [20/127] Loss: 6313.6323
Epoch [15/20] Batch [30/127] Loss: 6662.7637
Epoch [15/20] Batch [40/127] Loss: 6449.5015
Epoch [15/20] Batch [50/127] Loss: 6501.8066
Epoch [15/20] Batch [60/127] Loss: 6268.2852
Epoch [15/20] Batch [70/127] Loss: 6348.8286
Epoch [15/20] Batch [80/127] Loss: 6634.5298
Epoch [15/20] Batch [90/127] Loss: 6391.4136
Epoch [15/20] Batch [100/127] Loss: 6753.3140
Epoch [15/20] Batch [110/127] Loss: 6825.6289
Epoch [15/20] Batch [120/127] Loss: 6608.5874
====> Epoch 15 Average loss: 6561.5579
Epoch [16/20] Batch [0/127] Loss: 6544.3535
Epoch [16/20] Batch [10/127] Loss: 6579.2090
Epoch [16/20] Batch [20/127] Loss: 6734.7788
Epoch [16/20] Batch [30/127] Loss: 6817.5474
Epoch [16/20] Batch [40/127] Loss: 6025.2075
Epoch [16/20] Batch [50/127] Loss: 6392.9302
Epoch [16/20] Batch [60/127] Loss: 6263.2871
Epoch [16/20] Batch [70/127] Loss: 6487.4761
Epoch [16/20] Batch [80/127] Loss: 6523.7456
Epoch [16/20] Batch [90/127] Loss: 6838.2627
Epoch [16/20] Batch [100/127] Loss: 6345.8823
Epoch [16/20] Batch [110/127] Loss: 6418.0361
Epoch [16/20] Batch [120/127] Loss: 6306.6206
====> Epoch 16 Average loss: 6556.5485
Saving checkpoint at epoch 16...
Model saved to /home/sar0033/blindscrambler/scripts/models/models_vae_epoch_16.onnx
Epoch [17/20] Batch [0/127] Loss: 6477.0801
Epoch [17/20] Batch [10/127] Loss: 6511.9341
Epoch [17/20] Batch [20/127] Loss: 6603.4873
Epoch [17/20] Batch [30/127] Loss: 6369.9189
Epoch [17/20] Batch [40/127] Loss: 6274.3818
Epoch [17/20] Batch [50/127] Loss: 6851.4346
Epoch [17/20] Batch [60/127] Loss: 6423.0718
Epoch [17/20] Batch [70/127] Loss: 6879.8823
Epoch [17/20] Batch [80/127] Loss: 6541.1284
Epoch [17/20] Batch [90/127] Loss: 6699.1084
Epoch [17/20] Batch [100/127] Loss: 6578.9414
Epoch [17/20] Batch [110/127] Loss: 6638.7363
Epoch [17/20] Batch [120/127] Loss: 6504.6807
====> Epoch 17 Average loss: 6547.5322
Epoch [18/20] Batch [0/127] Loss: 6446.1772
Epoch [18/20] Batch [10/127] Loss: 6143.6963
Epoch [18/20] Batch [20/127] Loss: 6591.8301
Epoch [18/20] Batch [30/127] Loss: 6702.5444
Epoch [18/20] Batch [40/127] Loss: 6459.9590
Epoch [18/20] Batch [50/127] Loss: 6455.8130
Epoch [18/20] Batch [60/127] Loss: 6439.2871
Epoch [18/20] Batch [70/127] Loss: 6593.2178
Epoch [18/20] Batch [80/127] Loss: 6461.5620
Epoch [18/20] Batch [90/127] Loss: 6496.9111
Epoch [18/20] Batch [100/127] Loss: 6625.2754
Epoch [18/20] Batch [110/127] Loss: 6560.5620
Epoch [18/20] Batch [120/127] Loss: 6224.0244
====> Epoch 18 Average loss: 6548.3096
Epoch [19/20] Batch [0/127] Loss: 6664.2617
Epoch [19/20] Batch [10/127] Loss: 6219.4419
Epoch [19/20] Batch [20/127] Loss: 6647.6870
Epoch [19/20] Batch [30/127] Loss: 6378.3359
Epoch [19/20] Batch [40/127] Loss: 6903.0415
Epoch [19/20] Batch [50/127] Loss: 6848.3652
Epoch [19/20] Batch [60/127] Loss: 6319.1724
Epoch [19/20] Batch [70/127] Loss: 6304.9849
Epoch [19/20] Batch [80/127] Loss: 6364.3179
Epoch [19/20] Batch [90/127] Loss: 6475.5811
Epoch [19/20] Batch [100/127] Loss: 6435.3535
Epoch [19/20] Batch [110/127] Loss: 6366.1553
Epoch [19/20] Batch [120/127] Loss: 6487.1123
====> Epoch 19 Average loss: 6542.4311
Epoch [20/20] Batch [0/127] Loss: 6663.0386
Epoch [20/20] Batch [10/127] Loss: 6057.3447
Epoch [20/20] Batch [20/127] Loss: 6649.8027
Epoch [20/20] Batch [30/127] Loss: 6360.4551
Epoch [20/20] Batch [40/127] Loss: 6576.4570
Epoch [20/20] Batch [50/127] Loss: 6841.1279
Epoch [20/20] Batch [60/127] Loss: 6454.2114
Epoch [20/20] Batch [70/127] Loss: 6169.6968
Epoch [20/20] Batch [80/127] Loss: 6456.2910
Epoch [20/20] Batch [90/127] Loss: 6726.3647
Epoch [20/20] Batch [100/127] Loss: 6522.0225
Epoch [20/20] Batch [110/127] Loss: 6645.7202
Epoch [20/20] Batch [120/127] Loss: 6508.4648
====> Epoch 20 Average loss: 6538.7642
Saving final model and samples at 20...
Model saved to /home/sar0033/blindscrambler/scripts/models/models_vae_epoch_20.onnx
2026-04-24 19:02:38,583 - INFO - VAE training completed
2026-04-24 19:02:38,588 - INFO - Training pipeline completed
