Starting Generator Model Training at Sat Apr 25 03:08:05 PM CDT 2026
Model: gan
Epochs: 50
Batch Size: 64
Learning Rate: 0.002
Data Fraction: 0.04
Process ID: 2843999
======================================================
Python Process PID: 2844005
2026-04-25 15:08:10,800 - INFO - Selected GPU: 0
2026-04-25 15:08:11,933 - INFO - Dataset size: 8103 images
2026-04-25 15:09:23,399 - INFO - Batch shape: torch.Size([64, 3, 64, 64])
2026-04-25 15:09:23,400 - INFO - Batch range: [0.00, 1.00]
2026-04-25 15:09:23,627 - INFO - Models and optimizers initialized
2026-04-25 15:09:23,627 - INFO - Starting GAN training...
Epoch [1/50] Batch [0/127] D_loss: 9.9104 G_loss: 0.4637
Epoch [1/50] Batch [10/127] D_loss: 10.8206 G_loss: 0.5626
Epoch [1/50] Batch [20/127] D_loss: 10.5287 G_loss: 0.9993
Epoch [1/50] Batch [30/127] D_loss: 10.5797 G_loss: 0.9335
Epoch [1/50] Batch [40/127] D_loss: 10.5548 G_loss: 0.6144
Epoch [1/50] Batch [50/127] D_loss: 10.5150 G_loss: 0.8355
Epoch [1/50] Batch [60/127] D_loss: 10.6202 G_loss: 0.9000
Epoch [1/50] Batch [70/127] D_loss: 10.5599 G_loss: 1.0405
Epoch [1/50] Batch [80/127] D_loss: 10.5599 G_loss: 0.8937
Epoch [1/50] Batch [90/127] D_loss: 10.5638 G_loss: 0.8625
Epoch [1/50] Batch [100/127] D_loss: 10.5604 G_loss: 0.9497
Epoch [1/50] Batch [110/127] D_loss: 10.4859 G_loss: 0.8392
Epoch [1/50] Batch [120/127] D_loss: 10.6045 G_loss: 0.8508
Saving checkpoint at epoch 1...
Model saved to /home/sar0033/blindscrambler/scripts/models/models_gan_epoch_1.onnx
Epoch [2/50] Batch [0/127] D_loss: 10.4981 G_loss: 1.0964
Epoch [2/50] Batch [10/127] D_loss: 10.5288 G_loss: 1.1032
Epoch [2/50] Batch [20/127] D_loss: 10.5997 G_loss: 0.8745
Epoch [2/50] Batch [30/127] D_loss: 10.5594 G_loss: 0.8510
Epoch [2/50] Batch [40/127] D_loss: 10.5687 G_loss: 0.7245
Epoch [2/50] Batch [50/127] D_loss: 10.6025 G_loss: 0.7935
Epoch [2/50] Batch [60/127] D_loss: 10.5454 G_loss: 1.0462
Epoch [2/50] Batch [70/127] D_loss: 10.6134 G_loss: 0.8036
Epoch [2/50] Batch [80/127] D_loss: 10.5719 G_loss: 0.6416
Epoch [2/50] Batch [90/127] D_loss: 10.6175 G_loss: 0.7319
Epoch [2/50] Batch [100/127] D_loss: 10.6205 G_loss: 0.7198
Epoch [2/50] Batch [110/127] D_loss: 10.6227 G_loss: 0.6848
Epoch [2/50] Batch [120/127] D_loss: 10.6348 G_loss: 0.7690
Saving checkpoint at epoch 2...
Model saved to /home/sar0033/blindscrambler/scripts/models/models_gan_epoch_2.onnx
Epoch [3/50] Batch [0/127] D_loss: 10.6020 G_loss: 1.0744
Epoch [3/50] Batch [10/127] D_loss: 10.5975 G_loss: 0.7072
Epoch [3/50] Batch [20/127] D_loss: 10.6319 G_loss: 0.7332
Epoch [3/50] Batch [30/127] D_loss: 10.6181 G_loss: 0.6928
Epoch [3/50] Batch [40/127] D_loss: 10.5811 G_loss: 0.7225
Epoch [3/50] Batch [50/127] D_loss: 10.5980 G_loss: 0.8619
Epoch [3/50] Batch [60/127] D_loss: 10.5488 G_loss: 0.7976
Epoch [3/50] Batch [70/127] D_loss: 10.5520 G_loss: 0.6308
Epoch [3/50] Batch [80/127] D_loss: 10.6248 G_loss: 0.7620
Epoch [3/50] Batch [90/127] D_loss: 10.6378 G_loss: 0.7706
Epoch [3/50] Batch [100/127] D_loss: 10.6263 G_loss: 0.8673
Epoch [3/50] Batch [110/127] D_loss: 10.6156 G_loss: 0.7771
Epoch [3/50] Batch [120/127] D_loss: 10.6403 G_loss: 0.7857
Saving checkpoint at epoch 3...
Model saved to /home/sar0033/blindscrambler/scripts/models/models_gan_epoch_3.onnx
Epoch [4/50] Batch [0/127] D_loss: 10.5658 G_loss: 1.0272
