Selected GPU: 0
Number of classes: 1000
Training with 10000 epochs, train_ratio=0.1, val_ratio=0.02
Train size: 128116, Validation size: 1000
Traceback (most recent call last):
  File "/home/sar0033/blindscrambler/scripts/imagenet_impl.py", line 166, in <module>
    trainer.train()
  File "/home/sar0033/blindscrambler/src/blindscrambler/deepl/multiclass.py", line 435, in train
    outputs = self.model(X_batch)
              ^^^^^^^^^^^^^^^^^^^
  File "/home/sar0033/blindscrambler/.venv/lib/python3.12/site-packages/torch/nn/modules/module.py", line 1773, in _wrapped_call_impl
    return self._call_impl(*args, **kwargs)
           ^^^^^^^^^^^^^^^^^^^^^^^^^^^^^^^^
  File "/home/sar0033/blindscrambler/.venv/lib/python3.12/site-packages/torch/nn/modules/module.py", line 1784, in _call_impl
    return forward_call(*args, **kwargs)
           ^^^^^^^^^^^^^^^^^^^^^^^^^^^^^
  File "/home/sar0033/blindscrambler/src/blindscrambler/deepl/multiclass.py", line 377, in forward
    x = self.maxpool(self.relu(self.bn1(self.conv1(x))))                # apply block 1: conv1 -> BN -> relu -> maxpool
                     ^^^^^^^^^^^^^^^^^^^^^^^^^^^^^^^^^^
  File "/home/sar0033/blindscrambler/.venv/lib/python3.12/site-packages/torch/nn/modules/module.py", line 1773, in _wrapped_call_impl
    return self._call_impl(*args, **kwargs)
           ^^^^^^^^^^^^^^^^^^^^^^^^^^^^^^^^
  File "/home/sar0033/blindscrambler/.venv/lib/python3.12/site-packages/torch/nn/modules/module.py", line 1784, in _call_impl
    return forward_call(*args, **kwargs)
           ^^^^^^^^^^^^^^^^^^^^^^^^^^^^^
  File "/home/sar0033/blindscrambler/.venv/lib/python3.12/site-packages/torch/nn/modules/activation.py", line 135, in forward
    return F.relu(input, inplace=self.inplace)
           ^^^^^^^^^^^^^^^^^^^^^^^^^^^^^^^^^^^
  File "/home/sar0033/blindscrambler/.venv/lib/python3.12/site-packages/torch/nn/functional.py", line 1701, in relu
    result = torch.relu(input)
             ^^^^^^^^^^^^^^^^^
torch.OutOfMemoryError: CUDA out of memory. Tried to allocate 1.51 GiB. GPU 0 has a total capacity of 44.40 GiB of which 1.12 GiB is free. Process 3046933 has 424.00 MiB memory in use. Process 849668 has 6.99 GiB memory in use. Process 3549543 has 17.80 GiB memory in use. Process 3538368 has 14.44 GiB memory in use. Including non-PyTorch memory, this process has 3.61 GiB memory in use. Of the allocated memory 3.10 GiB is allocated by PyTorch, and 24.89 MiB is reserved by PyTorch but unallocated. If reserved but unallocated memory is large try setting PYTORCH_CUDA_ALLOC_CONF=expandable_segments:True to avoid fragmentation.  See documentation for Memory Management  (https://pytorch.org/docs/stable/notes/cuda.html#environment-variables)
