Selected GPU: 1
Number of classes: 1000
Training with 40 epochs, train_ratio=0.008, val_ratio=0.004
Train size: 10249, Validation size: 200
Epoch [1/40], Batch [10/161], Loss: 6.9155, Train Acc: 0.0000, Val Acc: 0.0000
Epoch [1/40], Batch [20/161], Loss: 6.9516, Train Acc: 0.0000, Val Acc: 0.0000
Epoch [1/40], Batch [30/161], Loss: 6.9635, Train Acc: 0.0156, Val Acc: 0.0000
Epoch [1/40], Batch [40/161], Loss: 6.9604, Train Acc: 0.0000, Val Acc: 0.0000
Epoch [1/40], Batch [50/161], Loss: 6.8826, Train Acc: 0.0000, Val Acc: 0.0000
Epoch [1/40], Batch [60/161], Loss: 6.9189, Train Acc: 0.0000, Val Acc: 0.0000
Epoch [1/40], Batch [70/161], Loss: 6.9100, Train Acc: 0.0156, Val Acc: 0.0000
Epoch [1/40], Batch [80/161], Loss: 6.8089, Train Acc: 0.0000, Val Acc: 0.0000
Epoch [1/40], Batch [90/161], Loss: 6.7978, Train Acc: 0.0000, Val Acc: 0.0000
Epoch [1/40], Batch [100/161], Loss: 6.8379, Train Acc: 0.0000, Val Acc: 0.0000
Epoch [1/40], Batch [110/161], Loss: 6.8910, Train Acc: 0.0156, Val Acc: 0.0000
Epoch [1/40], Batch [120/161], Loss: 6.9259, Train Acc: 0.0000, Val Acc: 0.0000
Epoch [1/40], Batch [130/161], Loss: 6.8294, Train Acc: 0.0000, Val Acc: 0.0050
Epoch [1/40], Batch [140/161], Loss: 6.8469, Train Acc: 0.0000, Val Acc: 0.0050
Epoch [1/40], Batch [150/161], Loss: 6.8375, Train Acc: 0.0156, Val Acc: 0.0050
Epoch [1/40], Batch [160/161], Loss: 6.8742, Train Acc: 0.0000, Val Acc: 0.0000
Epoch [2/40], Batch [10/161], Loss: 6.7424, Train Acc: 0.0156, Val Acc: 0.0050
Epoch [2/40], Batch [20/161], Loss: 6.6165, Train Acc: 0.0000, Val Acc: 0.0000
Epoch [2/40], Batch [30/161], Loss: 6.5937, Train Acc: 0.0000, Val Acc: 0.0000
Epoch [2/40], Batch [40/161], Loss: 6.6869, Train Acc: 0.0000, Val Acc: 0.0050
Epoch [2/40], Batch [50/161], Loss: 6.7736, Train Acc: 0.0000, Val Acc: 0.0050
Epoch [2/40], Batch [60/161], Loss: 6.6603, Train Acc: 0.0000, Val Acc: 0.0150
Epoch [2/40], Batch [70/161], Loss: 6.7071, Train Acc: 0.0000, Val Acc: 0.0100
Epoch [2/40], Batch [80/161], Loss: 6.6337, Train Acc: 0.0000, Val Acc: 0.0000
Epoch [2/40], Batch [90/161], Loss: 6.6960, Train Acc: 0.0156, Val Acc: 0.0050
Epoch [2/40], Batch [100/161], Loss: 6.6183, Train Acc: 0.0469, Val Acc: 0.0000
Epoch [2/40], Batch [110/161], Loss: 6.8243, Train Acc: 0.0000, Val Acc: 0.0050
Epoch [2/40], Batch [120/161], Loss: 6.6516, Train Acc: 0.0000, Val Acc: 0.0100
Epoch [2/40], Batch [130/161], Loss: 6.7104, Train Acc: 0.0312, Val Acc: 0.0100
Epoch [2/40], Batch [140/161], Loss: 6.6913, Train Acc: 0.0000, Val Acc: 0.0050
Epoch [2/40], Batch [150/161], Loss: 6.6140, Train Acc: 0.0000, Val Acc: 0.0050
Epoch [2/40], Batch [160/161], Loss: 6.6597, Train Acc: 0.0156, Val Acc: 0.0050
Epoch [3/40], Batch [10/161], Loss: 6.5618, Train Acc: 0.0156, Val Acc: 0.0000
Epoch [3/40], Batch [20/161], Loss: 6.4488, Train Acc: 0.0000, Val Acc: 0.0000
Epoch [3/40], Batch [30/161], Loss: 6.5093, Train Acc: 0.0000, Val Acc: 0.0000
Epoch [3/40], Batch [40/161], Loss: 6.5334, Train Acc: 0.0156, Val Acc: 0.0000
Epoch [3/40], Batch [50/161], Loss: 6.4072, Train Acc: 0.0000, Val Acc: 0.0000
Epoch [3/40], Batch [60/161], Loss: 6.5059, Train Acc: 0.0000, Val Acc: 0.0050
Epoch [3/40], Batch [70/161], Loss: 6.5215, Train Acc: 0.0000, Val Acc: 0.0050
Epoch [3/40], Batch [80/161], Loss: 6.4582, Train Acc: 0.0000, Val Acc: 0.0000
Epoch [3/40], Batch [90/161], Loss: 6.6037, Train Acc: 0.0000, Val Acc: 0.0050
Epoch [3/40], Batch [100/161], Loss: 6.5802, Train Acc: 0.0000, Val Acc: 0.0000
Epoch [3/40], Batch [110/161], Loss: 6.2811, Train Acc: 0.0000, Val Acc: 0.0000
Epoch [3/40], Batch [120/161], Loss: 6.5312, Train Acc: 0.0000, Val Acc: 0.0050
Epoch [3/40], Batch [130/161], Loss: 6.3494, Train Acc: 0.0469, Val Acc: 0.0050
Epoch [3/40], Batch [140/161], Loss: 6.4190, Train Acc: 0.0312, Val Acc: 0.0050
Epoch [3/40], Batch [150/161], Loss: 6.2927, Train Acc: 0.0312, Val Acc: 0.0050
Epoch [3/40], Batch [160/161], Loss: 6.3829, Train Acc: 0.0000, Val Acc: 0.0250
Epoch [4/40], Batch [10/161], Loss: 6.3277, Train Acc: 0.0000, Val Acc: 0.0150
Epoch [4/40], Batch [20/161], Loss: 6.5052, Train Acc: 0.0000, Val Acc: 0.0100
Epoch [4/40], Batch [30/161], Loss: 6.3564, Train Acc: 0.0000, Val Acc: 0.0050
Epoch [4/40], Batch [40/161], Loss: 6.3071, Train Acc: 0.0000, Val Acc: 0.0050
Epoch [4/40], Batch [50/161], Loss: 6.5381, Train Acc: 0.0000, Val Acc: 0.0050
Epoch [4/40], Batch [60/161], Loss: 6.3489, Train Acc: 0.0312, Val Acc: 0.0050
Epoch [4/40], Batch [70/161], Loss: 6.4736, Train Acc: 0.0000, Val Acc: 0.0050
Epoch [4/40], Batch [80/161], Loss: 6.4649, Train Acc: 0.0156, Val Acc: 0.0100
Epoch [4/40], Batch [90/161], Loss: 6.3170, Train Acc: 0.0156, Val Acc: 0.0050
Epoch [4/40], Batch [100/161], Loss: 6.5234, Train Acc: 0.0000, Val Acc: 0.0100
Epoch [4/40], Batch [110/161], Loss: 6.4217, Train Acc: 0.0156, Val Acc: 0.0050
Epoch [4/40], Batch [120/161], Loss: 6.1879, Train Acc: 0.0469, Val Acc: 0.0100
Epoch [4/40], Batch [130/161], Loss: 6.4763, Train Acc: 0.0000, Val Acc: 0.0050
Epoch [4/40], Batch [140/161], Loss: 6.3337, Train Acc: 0.0000, Val Acc: 0.0000
Epoch [4/40], Batch [150/161], Loss: 6.2667, Train Acc: 0.0000, Val Acc: 0.0000
Epoch [4/40], Batch [160/161], Loss: 6.2855, Train Acc: 0.0000, Val Acc: 0.0050
Epoch [5/40], Batch [10/161], Loss: 5.9841, Train Acc: 0.0156, Val Acc: 0.0050
Epoch [5/40], Batch [20/161], Loss: 5.9849, Train Acc: 0.0312, Val Acc: 0.0100
Epoch [5/40], Batch [30/161], Loss: 6.2846, Train Acc: 0.0000, Val Acc: 0.0050
Epoch [5/40], Batch [40/161], Loss: 6.3105, Train Acc: 0.0156, Val Acc: 0.0100
Epoch [5/40], Batch [50/161], Loss: 6.3502, Train Acc: 0.0000, Val Acc: 0.0000
Epoch [5/40], Batch [60/161], Loss: 6.2076, Train Acc: 0.0156, Val Acc: 0.0150
Epoch [5/40], Batch [70/161], Loss: 6.0725, Train Acc: 0.0156, Val Acc: 0.0050
Epoch [5/40], Batch [80/161], Loss: 6.1470, Train Acc: 0.0312, Val Acc: 0.0050
Epoch [5/40], Batch [90/161], Loss: 6.0523, Train Acc: 0.0156, Val Acc: 0.0150
Epoch [5/40], Batch [100/161], Loss: 6.2978, Train Acc: 0.0156, Val Acc: 0.0000
Epoch [5/40], Batch [110/161], Loss: 6.2544, Train Acc: 0.0000, Val Acc: 0.0050
Epoch [5/40], Batch [120/161], Loss: 5.9950, Train Acc: 0.0156, Val Acc: 0.0050
Epoch [5/40], Batch [130/161], Loss: 6.3575, Train Acc: 0.0000, Val Acc: 0.0050
Epoch [5/40], Batch [140/161], Loss: 6.3582, Train Acc: 0.0156, Val Acc: 0.0100
Epoch [5/40], Batch [150/161], Loss: 6.2047, Train Acc: 0.0312, Val Acc: 0.0100
Epoch [5/40], Batch [160/161], Loss: 6.3730, Train Acc: 0.0469, Val Acc: 0.0000
Epoch [6/40], Batch [10/161], Loss: 5.9307, Train Acc: 0.0156, Val Acc: 0.0100
Epoch [6/40], Batch [20/161], Loss: 6.0117, Train Acc: 0.0312, Val Acc: 0.0150
Epoch [6/40], Batch [30/161], Loss: 6.1139, Train Acc: 0.0156, Val Acc: 0.0100
Epoch [6/40], Batch [40/161], Loss: 5.9470, Train Acc: 0.0469, Val Acc: 0.0050
Epoch [6/40], Batch [50/161], Loss: 6.0452, Train Acc: 0.0000, Val Acc: 0.0100
Epoch [6/40], Batch [60/161], Loss: 6.1078, Train Acc: 0.0312, Val Acc: 0.0100
Epoch [6/40], Batch [70/161], Loss: 6.1511, Train Acc: 0.0000, Val Acc: 0.0100
Epoch [6/40], Batch [80/161], Loss: 5.9149, Train Acc: 0.0156, Val Acc: 0.0100
Epoch [6/40], Batch [90/161], Loss: 6.3237, Train Acc: 0.0000, Val Acc: 0.0100
Epoch [6/40], Batch [100/161], Loss: 5.9024, Train Acc: 0.0156, Val Acc: 0.0150
Epoch [6/40], Batch [110/161], Loss: 5.7067, Train Acc: 0.0312, Val Acc: 0.0100
Epoch [6/40], Batch [120/161], Loss: 6.3092, Train Acc: 0.0000, Val Acc: 0.0000
Epoch [6/40], Batch [130/161], Loss: 6.1823, Train Acc: 0.0000, Val Acc: 0.0050
Epoch [6/40], Batch [140/161], Loss: 6.0458, Train Acc: 0.0000, Val Acc: 0.0050
Epoch [6/40], Batch [150/161], Loss: 6.4432, Train Acc: 0.0000, Val Acc: 0.0100
Epoch [6/40], Batch [160/161], Loss: 5.9662, Train Acc: 0.0156, Val Acc: 0.0100
Epoch [7/40], Batch [10/161], Loss: 6.1051, Train Acc: 0.0000, Val Acc: 0.0050
Epoch [7/40], Batch [20/161], Loss: 5.9197, Train Acc: 0.0312, Val Acc: 0.0050
Epoch [7/40], Batch [30/161], Loss: 6.0443, Train Acc: 0.0312, Val Acc: 0.0100
Epoch [7/40], Batch [40/161], Loss: 5.6948, Train Acc: 0.0469, Val Acc: 0.0000
Epoch [7/40], Batch [50/161], Loss: 6.0320, Train Acc: 0.0000, Val Acc: 0.0150
Epoch [7/40], Batch [60/161], Loss: 5.9558, Train Acc: 0.0312, Val Acc: 0.0100
Epoch [7/40], Batch [70/161], Loss: 5.8138, Train Acc: 0.0312, Val Acc: 0.0100
Epoch [7/40], Batch [80/161], Loss: 6.2661, Train Acc: 0.0156, Val Acc: 0.0050
Epoch [7/40], Batch [90/161], Loss: 6.0747, Train Acc: 0.0156, Val Acc: 0.0000
Epoch [7/40], Batch [100/161], Loss: 5.8299, Train Acc: 0.0156, Val Acc: 0.0100
Epoch [7/40], Batch [110/161], Loss: 6.0459, Train Acc: 0.0312, Val Acc: 0.0000
Epoch [7/40], Batch [120/161], Loss: 6.0172, Train Acc: 0.0000, Val Acc: 0.0000
Epoch [7/40], Batch [130/161], Loss: 5.8940, Train Acc: 0.0156, Val Acc: 0.0050
Epoch [7/40], Batch [140/161], Loss: 5.9490, Train Acc: 0.0469, Val Acc: 0.0100
Epoch [7/40], Batch [150/161], Loss: 6.1431, Train Acc: 0.0000, Val Acc: 0.0050
Epoch [7/40], Batch [160/161], Loss: 6.0321, Train Acc: 0.0469, Val Acc: 0.0100
Epoch [8/40], Batch [10/161], Loss: 5.8281, Train Acc: 0.0469, Val Acc: 0.0100
Epoch [8/40], Batch [20/161], Loss: 5.8839, Train Acc: 0.0312, Val Acc: 0.0100
Epoch [8/40], Batch [30/161], Loss: 5.7528, Train Acc: 0.0156, Val Acc: 0.0100
Epoch [8/40], Batch [40/161], Loss: 5.9330, Train Acc: 0.0312, Val Acc: 0.0200
Epoch [8/40], Batch [50/161], Loss: 6.0848, Train Acc: 0.0156, Val Acc: 0.0200
Epoch [8/40], Batch [60/161], Loss: 6.0251, Train Acc: 0.0156, Val Acc: 0.0100
Epoch [8/40], Batch [70/161], Loss: 5.6273, Train Acc: 0.0156, Val Acc: 0.0050
Epoch [8/40], Batch [80/161], Loss: 5.6261, Train Acc: 0.0156, Val Acc: 0.0100
Epoch [8/40], Batch [90/161], Loss: 5.7688, Train Acc: 0.0312, Val Acc: 0.0050
Epoch [8/40], Batch [100/161], Loss: 6.0228, Train Acc: 0.0000, Val Acc: 0.0100
Epoch [8/40], Batch [110/161], Loss: 6.0644, Train Acc: 0.0156, Val Acc: 0.0150
Epoch [8/40], Batch [120/161], Loss: 6.0054, Train Acc: 0.0156, Val Acc: 0.0150
Epoch [8/40], Batch [130/161], Loss: 5.7565, Train Acc: 0.0469, Val Acc: 0.0100
Epoch [8/40], Batch [140/161], Loss: 5.7715, Train Acc: 0.0156, Val Acc: 0.0050
Epoch [8/40], Batch [150/161], Loss: 6.0163, Train Acc: 0.0156, Val Acc: 0.0050
Epoch [8/40], Batch [160/161], Loss: 6.0846, Train Acc: 0.0469, Val Acc: 0.0150
Epoch [9/40], Batch [10/161], Loss: 5.7551, Train Acc: 0.0312, Val Acc: 0.0200
Epoch [9/40], Batch [20/161], Loss: 5.6450, Train Acc: 0.0312, Val Acc: 0.0200
Epoch [9/40], Batch [30/161], Loss: 5.5906, Train Acc: 0.0312, Val Acc: 0.0100
Epoch [9/40], Batch [40/161], Loss: 5.5137, Train Acc: 0.0781, Val Acc: 0.0100
Epoch [9/40], Batch [50/161], Loss: 5.8049, Train Acc: 0.0000, Val Acc: 0.0000
Epoch [9/40], Batch [60/161], Loss: 6.0404, Train Acc: 0.0000, Val Acc: 0.0050
Epoch [9/40], Batch [70/161], Loss: 5.7363, Train Acc: 0.0156, Val Acc: 0.0050
Epoch [9/40], Batch [80/161], Loss: 5.6902, Train Acc: 0.0312, Val Acc: 0.0200
Epoch [9/40], Batch [90/161], Loss: 5.6234, Train Acc: 0.0469, Val Acc: 0.0050
Epoch [9/40], Batch [100/161], Loss: 5.7567, Train Acc: 0.0312, Val Acc: 0.0000
Epoch [9/40], Batch [110/161], Loss: 5.8294, Train Acc: 0.0312, Val Acc: 0.0250
Epoch [9/40], Batch [120/161], Loss: 5.5520, Train Acc: 0.0312, Val Acc: 0.0050
Epoch [9/40], Batch [130/161], Loss: 5.6943, Train Acc: 0.0156, Val Acc: 0.0150
Epoch [9/40], Batch [140/161], Loss: 5.7963, Train Acc: 0.0156, Val Acc: 0.0150
Epoch [9/40], Batch [150/161], Loss: 5.8050, Train Acc: 0.0000, Val Acc: 0.0100
Epoch [9/40], Batch [160/161], Loss: 5.9257, Train Acc: 0.0156, Val Acc: 0.0250
Epoch [10/40], Batch [10/161], Loss: 5.3834, Train Acc: 0.0469, Val Acc: 0.0000
Model saved to /home/sar0033/blindscrambler/scripts/models
Epoch [10/40], Batch [20/161], Loss: 5.4603, Train Acc: 0.0312, Val Acc: 0.0100
Model saved to /home/sar0033/blindscrambler/scripts/models
Epoch [10/40], Batch [30/161], Loss: 5.3544, Train Acc: 0.0625, Val Acc: 0.0050
Model saved to /home/sar0033/blindscrambler/scripts/models
Epoch [10/40], Batch [40/161], Loss: 5.4023, Train Acc: 0.0938, Val Acc: 0.0100
Model saved to /home/sar0033/blindscrambler/scripts/models
Epoch [10/40], Batch [50/161], Loss: 5.6038, Train Acc: 0.0469, Val Acc: 0.0050
Model saved to /home/sar0033/blindscrambler/scripts/models
Epoch [10/40], Batch [60/161], Loss: 5.9330, Train Acc: 0.0781, Val Acc: 0.0150
Model saved to /home/sar0033/blindscrambler/scripts/models
Epoch [10/40], Batch [70/161], Loss: 5.3650, Train Acc: 0.0469, Val Acc: 0.0050
Model saved to /home/sar0033/blindscrambler/scripts/models
Epoch [10/40], Batch [80/161], Loss: 5.6425, Train Acc: 0.0312, Val Acc: 0.0150
Model saved to /home/sar0033/blindscrambler/scripts/models
Epoch [10/40], Batch [90/161], Loss: 6.0499, Train Acc: 0.0156, Val Acc: 0.0100
Model saved to /home/sar0033/blindscrambler/scripts/models
Epoch [10/40], Batch [100/161], Loss: 5.5520, Train Acc: 0.0156, Val Acc: 0.0050
Model saved to /home/sar0033/blindscrambler/scripts/models
Epoch [10/40], Batch [110/161], Loss: 5.6859, Train Acc: 0.0156, Val Acc: 0.0050
Model saved to /home/sar0033/blindscrambler/scripts/models
Epoch [10/40], Batch [120/161], Loss: 5.7625, Train Acc: 0.0312, Val Acc: 0.0050
Model saved to /home/sar0033/blindscrambler/scripts/models
Epoch [10/40], Batch [130/161], Loss: 5.6229, Train Acc: 0.0156, Val Acc: 0.0150
Model saved to /home/sar0033/blindscrambler/scripts/models
Epoch [10/40], Batch [140/161], Loss: 5.7410, Train Acc: 0.0312, Val Acc: 0.0000
Model saved to /home/sar0033/blindscrambler/scripts/models
Epoch [10/40], Batch [150/161], Loss: 5.8402, Train Acc: 0.0156, Val Acc: 0.0200
Model saved to /home/sar0033/blindscrambler/scripts/models
Epoch [10/40], Batch [160/161], Loss: 5.4812, Train Acc: 0.0938, Val Acc: 0.0100
Model saved to /home/sar0033/blindscrambler/scripts/models
Epoch [11/40], Batch [10/161], Loss: 5.5166, Train Acc: 0.0000, Val Acc: 0.0200
Epoch [11/40], Batch [20/161], Loss: 5.5433, Train Acc: 0.0469, Val Acc: 0.0100
Epoch [11/40], Batch [30/161], Loss: 5.6745, Train Acc: 0.0469, Val Acc: 0.0050
Epoch [11/40], Batch [40/161], Loss: 5.5932, Train Acc: 0.0625, Val Acc: 0.0150
Epoch [11/40], Batch [50/161], Loss: 5.5291, Train Acc: 0.0000, Val Acc: 0.0150
Epoch [11/40], Batch [60/161], Loss: 5.4931, Train Acc: 0.0625, Val Acc: 0.0250
Epoch [11/40], Batch [70/161], Loss: 5.4667, Train Acc: 0.0312, Val Acc: 0.0200
Epoch [11/40], Batch [80/161], Loss: 5.7871, Train Acc: 0.0156, Val Acc: 0.0100
Epoch [11/40], Batch [90/161], Loss: 5.8828, Train Acc: 0.0156, Val Acc: 0.0200
Epoch [11/40], Batch [100/161], Loss: 5.2280, Train Acc: 0.0625, Val Acc: 0.0050
Epoch [11/40], Batch [110/161], Loss: 5.7374, Train Acc: 0.0312, Val Acc: 0.0100
Epoch [11/40], Batch [120/161], Loss: 5.6508, Train Acc: 0.0469, Val Acc: 0.0050
Epoch [11/40], Batch [130/161], Loss: 5.4682, Train Acc: 0.0469, Val Acc: 0.0150
Epoch [11/40], Batch [140/161], Loss: 5.8063, Train Acc: 0.0156, Val Acc: 0.0250
Epoch [11/40], Batch [150/161], Loss: 5.5547, Train Acc: 0.0469, Val Acc: 0.0050
Epoch [11/40], Batch [160/161], Loss: 5.5077, Train Acc: 0.0156, Val Acc: 0.0150
Epoch [12/40], Batch [10/161], Loss: 5.4502, Train Acc: 0.0469, Val Acc: 0.0050
Epoch [12/40], Batch [20/161], Loss: 5.3850, Train Acc: 0.0625, Val Acc: 0.0050
Epoch [12/40], Batch [30/161], Loss: 5.3493, Train Acc: 0.0469, Val Acc: 0.0250
Epoch [12/40], Batch [40/161], Loss: 5.3299, Train Acc: 0.0781, Val Acc: 0.0350
Epoch [12/40], Batch [50/161], Loss: 5.3926, Train Acc: 0.0625, Val Acc: 0.0100
Epoch [12/40], Batch [60/161], Loss: 5.3729, Train Acc: 0.0312, Val Acc: 0.0150
Epoch [12/40], Batch [70/161], Loss: 5.7930, Train Acc: 0.0000, Val Acc: 0.0100
Epoch [12/40], Batch [80/161], Loss: 5.8389, Train Acc: 0.0000, Val Acc: 0.0150
Epoch [12/40], Batch [90/161], Loss: 5.4963, Train Acc: 0.0781, Val Acc: 0.0100
Epoch [12/40], Batch [100/161], Loss: 5.2913, Train Acc: 0.0312, Val Acc: 0.0050
Epoch [12/40], Batch [110/161], Loss: 5.3792, Train Acc: 0.0312, Val Acc: 0.0000
Epoch [12/40], Batch [120/161], Loss: 5.6250, Train Acc: 0.0312, Val Acc: 0.0100
Epoch [12/40], Batch [130/161], Loss: 5.3055, Train Acc: 0.0312, Val Acc: 0.0050
Epoch [12/40], Batch [140/161], Loss: 5.6702, Train Acc: 0.0312, Val Acc: 0.0100
Epoch [12/40], Batch [150/161], Loss: 5.5554, Train Acc: 0.0469, Val Acc: 0.0100
Epoch [12/40], Batch [160/161], Loss: 5.6179, Train Acc: 0.0156, Val Acc: 0.0050
Epoch [13/40], Batch [10/161], Loss: 5.4087, Train Acc: 0.0469, Val Acc: 0.0250
Epoch [13/40], Batch [20/161], Loss: 5.1458, Train Acc: 0.0312, Val Acc: 0.0200
Epoch [13/40], Batch [30/161], Loss: 5.3377, Train Acc: 0.0312, Val Acc: 0.0050
Epoch [13/40], Batch [40/161], Loss: 5.6601, Train Acc: 0.0312, Val Acc: 0.0050
Epoch [13/40], Batch [50/161], Loss: 5.3303, Train Acc: 0.0625, Val Acc: 0.0100
Epoch [13/40], Batch [60/161], Loss: 5.4080, Train Acc: 0.0469, Val Acc: 0.0100
Epoch [13/40], Batch [70/161], Loss: 5.7158, Train Acc: 0.0312, Val Acc: 0.0150
Epoch [13/40], Batch [80/161], Loss: 5.0694, Train Acc: 0.0625, Val Acc: 0.0250
Epoch [13/40], Batch [90/161], Loss: 5.7483, Train Acc: 0.0000, Val Acc: 0.0150
Epoch [13/40], Batch [100/161], Loss: 5.6845, Train Acc: 0.0156, Val Acc: 0.0150
Epoch [13/40], Batch [110/161], Loss: 5.5142, Train Acc: 0.0469, Val Acc: 0.0200
Epoch [13/40], Batch [120/161], Loss: 5.5086, Train Acc: 0.0469, Val Acc: 0.0250
Epoch [13/40], Batch [130/161], Loss: 5.4301, Train Acc: 0.0625, Val Acc: 0.0150
Epoch [13/40], Batch [140/161], Loss: 5.3756, Train Acc: 0.1094, Val Acc: 0.0100
Epoch [13/40], Batch [150/161], Loss: 5.3659, Train Acc: 0.0938, Val Acc: 0.0150
Epoch [13/40], Batch [160/161], Loss: 5.6977, Train Acc: 0.0781, Val Acc: 0.0050
Epoch [14/40], Batch [10/161], Loss: 5.1946, Train Acc: 0.0781, Val Acc: 0.0200
Epoch [14/40], Batch [20/161], Loss: 5.4958, Train Acc: 0.0000, Val Acc: 0.0150
Epoch [14/40], Batch [30/161], Loss: 5.0364, Train Acc: 0.0781, Val Acc: 0.0250
Epoch [14/40], Batch [40/161], Loss: 5.2709, Train Acc: 0.0312, Val Acc: 0.0100
Epoch [14/40], Batch [50/161], Loss: 5.0859, Train Acc: 0.0312, Val Acc: 0.0100
Epoch [14/40], Batch [60/161], Loss: 5.4893, Train Acc: 0.0312, Val Acc: 0.0200
Epoch [14/40], Batch [70/161], Loss: 5.4571, Train Acc: 0.0781, Val Acc: 0.0200
Epoch [14/40], Batch [80/161], Loss: 5.4287, Train Acc: 0.0625, Val Acc: 0.0200
Epoch [14/40], Batch [90/161], Loss: 5.3473, Train Acc: 0.0625, Val Acc: 0.0250
Epoch [14/40], Batch [100/161], Loss: 5.4285, Train Acc: 0.0156, Val Acc: 0.0200
Epoch [14/40], Batch [110/161], Loss: 5.2493, Train Acc: 0.0469, Val Acc: 0.0150
Epoch [14/40], Batch [120/161], Loss: 5.4214, Train Acc: 0.0469, Val Acc: 0.0200
Epoch [14/40], Batch [130/161], Loss: 5.2486, Train Acc: 0.0938, Val Acc: 0.0000
Epoch [14/40], Batch [140/161], Loss: 5.6307, Train Acc: 0.0312, Val Acc: 0.0000
Epoch [14/40], Batch [150/161], Loss: 5.5655, Train Acc: 0.0625, Val Acc: 0.0100
Epoch [14/40], Batch [160/161], Loss: 5.3986, Train Acc: 0.0156, Val Acc: 0.0050
Epoch [15/40], Batch [10/161], Loss: 5.0695, Train Acc: 0.0781, Val Acc: 0.0000
Epoch [15/40], Batch [20/161], Loss: 5.0475, Train Acc: 0.1094, Val Acc: 0.0100
Epoch [15/40], Batch [30/161], Loss: 5.2939, Train Acc: 0.0312, Val Acc: 0.0100
Epoch [15/40], Batch [40/161], Loss: 5.3359, Train Acc: 0.0312, Val Acc: 0.0250
Epoch [15/40], Batch [50/161], Loss: 5.3712, Train Acc: 0.0156, Val Acc: 0.0200
Epoch [15/40], Batch [60/161], Loss: 5.3440, Train Acc: 0.0469, Val Acc: 0.0250
Epoch [15/40], Batch [70/161], Loss: 5.2082, Train Acc: 0.1094, Val Acc: 0.0350
Epoch [15/40], Batch [80/161], Loss: 5.0867, Train Acc: 0.0625, Val Acc: 0.0250
Epoch [15/40], Batch [90/161], Loss: 5.3447, Train Acc: 0.0625, Val Acc: 0.0250
Epoch [15/40], Batch [100/161], Loss: 5.1771, Train Acc: 0.0312, Val Acc: 0.0250
Epoch [15/40], Batch [110/161], Loss: 4.9567, Train Acc: 0.0938, Val Acc: 0.0150
Epoch [15/40], Batch [120/161], Loss: 5.1287, Train Acc: 0.1094, Val Acc: 0.0150
Epoch [15/40], Batch [130/161], Loss: 5.1591, Train Acc: 0.0781, Val Acc: 0.0100
Epoch [15/40], Batch [140/161], Loss: 5.3273, Train Acc: 0.0938, Val Acc: 0.0200
Epoch [15/40], Batch [150/161], Loss: 4.9921, Train Acc: 0.0938, Val Acc: 0.0100
Epoch [15/40], Batch [160/161], Loss: 5.3987, Train Acc: 0.0469, Val Acc: 0.0100
Epoch [16/40], Batch [10/161], Loss: 4.9592, Train Acc: 0.0938, Val Acc: 0.0200
Epoch [16/40], Batch [20/161], Loss: 5.0623, Train Acc: 0.0312, Val Acc: 0.0100
Epoch [16/40], Batch [30/161], Loss: 5.1613, Train Acc: 0.0625, Val Acc: 0.0150
Epoch [16/40], Batch [40/161], Loss: 5.0682, Train Acc: 0.0625, Val Acc: 0.0200
Epoch [16/40], Batch [50/161], Loss: 5.0944, Train Acc: 0.0625, Val Acc: 0.0250
Epoch [16/40], Batch [60/161], Loss: 5.4682, Train Acc: 0.0312, Val Acc: 0.0250
Epoch [16/40], Batch [70/161], Loss: 5.3671, Train Acc: 0.0469, Val Acc: 0.0100
Epoch [16/40], Batch [80/161], Loss: 5.4365, Train Acc: 0.0625, Val Acc: 0.0150
Epoch [16/40], Batch [90/161], Loss: 5.1405, Train Acc: 0.0156, Val Acc: 0.0200
Epoch [16/40], Batch [100/161], Loss: 5.0560, Train Acc: 0.0781, Val Acc: 0.0150
Epoch [16/40], Batch [110/161], Loss: 5.5063, Train Acc: 0.0312, Val Acc: 0.0250
Epoch [16/40], Batch [120/161], Loss: 4.9356, Train Acc: 0.0781, Val Acc: 0.0050
Epoch [16/40], Batch [130/161], Loss: 5.1794, Train Acc: 0.0312, Val Acc: 0.0200
Epoch [16/40], Batch [140/161], Loss: 5.3251, Train Acc: 0.0469, Val Acc: 0.0100
Epoch [16/40], Batch [150/161], Loss: 5.4642, Train Acc: 0.0469, Val Acc: 0.0300
Epoch [16/40], Batch [160/161], Loss: 5.1727, Train Acc: 0.0469, Val Acc: 0.0100
Epoch [17/40], Batch [10/161], Loss: 5.3639, Train Acc: 0.0469, Val Acc: 0.0050
Epoch [17/40], Batch [20/161], Loss: 5.3383, Train Acc: 0.0156, Val Acc: 0.0050
Epoch [17/40], Batch [30/161], Loss: 4.9003, Train Acc: 0.0469, Val Acc: 0.0150
Epoch [17/40], Batch [40/161], Loss: 5.0772, Train Acc: 0.0312, Val Acc: 0.0200
Epoch [17/40], Batch [50/161], Loss: 4.9628, Train Acc: 0.0781, Val Acc: 0.0050
Epoch [17/40], Batch [60/161], Loss: 4.9801, Train Acc: 0.0469, Val Acc: 0.0150
Epoch [17/40], Batch [70/161], Loss: 5.0938, Train Acc: 0.0625, Val Acc: 0.0300
Epoch [17/40], Batch [80/161], Loss: 5.1622, Train Acc: 0.0469, Val Acc: 0.0150
Epoch [17/40], Batch [90/161], Loss: 5.1267, Train Acc: 0.1406, Val Acc: 0.0050
Epoch [17/40], Batch [100/161], Loss: 5.0258, Train Acc: 0.0781, Val Acc: 0.0150
Epoch [17/40], Batch [110/161], Loss: 5.0577, Train Acc: 0.0938, Val Acc: 0.0150
Epoch [17/40], Batch [120/161], Loss: 4.9572, Train Acc: 0.0781, Val Acc: 0.0200
Epoch [17/40], Batch [130/161], Loss: 4.8994, Train Acc: 0.0625, Val Acc: 0.0150
Epoch [17/40], Batch [140/161], Loss: 4.9875, Train Acc: 0.1094, Val Acc: 0.0200
Epoch [17/40], Batch [150/161], Loss: 5.4066, Train Acc: 0.0625, Val Acc: 0.0050
Epoch [17/40], Batch [160/161], Loss: 5.0899, Train Acc: 0.0469, Val Acc: 0.0300
Epoch [18/40], Batch [10/161], Loss: 5.0800, Train Acc: 0.0625, Val Acc: 0.0150
Epoch [18/40], Batch [20/161], Loss: 5.0337, Train Acc: 0.0938, Val Acc: 0.0150
Epoch [18/40], Batch [30/161], Loss: 4.8508, Train Acc: 0.0938, Val Acc: 0.0200
Epoch [18/40], Batch [40/161], Loss: 4.7019, Train Acc: 0.0938, Val Acc: 0.0100
Epoch [18/40], Batch [50/161], Loss: 4.8051, Train Acc: 0.0781, Val Acc: 0.0150
Epoch [18/40], Batch [60/161], Loss: 5.2701, Train Acc: 0.0000, Val Acc: 0.0100
Epoch [18/40], Batch [70/161], Loss: 4.9681, Train Acc: 0.0625, Val Acc: 0.0150
Epoch [18/40], Batch [80/161], Loss: 5.0930, Train Acc: 0.1094, Val Acc: 0.0050
Epoch [18/40], Batch [90/161], Loss: 4.9422, Train Acc: 0.0625, Val Acc: 0.0050
Epoch [18/40], Batch [100/161], Loss: 5.2319, Train Acc: 0.0156, Val Acc: 0.0150
Epoch [18/40], Batch [110/161], Loss: 4.8777, Train Acc: 0.0781, Val Acc: 0.0250
Epoch [18/40], Batch [120/161], Loss: 5.2433, Train Acc: 0.0469, Val Acc: 0.0200
Epoch [18/40], Batch [130/161], Loss: 5.0849, Train Acc: 0.0938, Val Acc: 0.0300
Epoch [18/40], Batch [140/161], Loss: 5.1185, Train Acc: 0.0938, Val Acc: 0.0300
Epoch [18/40], Batch [150/161], Loss: 5.4194, Train Acc: 0.0781, Val Acc: 0.0250
Epoch [18/40], Batch [160/161], Loss: 4.8147, Train Acc: 0.0938, Val Acc: 0.0200
Epoch [19/40], Batch [10/161], Loss: 4.8053, Train Acc: 0.1094, Val Acc: 0.0200
Epoch [19/40], Batch [20/161], Loss: 4.5617, Train Acc: 0.0938, Val Acc: 0.0150
Epoch [19/40], Batch [30/161], Loss: 4.8756, Train Acc: 0.0625, Val Acc: 0.0250
Epoch [19/40], Batch [40/161], Loss: 4.7566, Train Acc: 0.0938, Val Acc: 0.0200
Epoch [19/40], Batch [50/161], Loss: 4.9903, Train Acc: 0.0469, Val Acc: 0.0050
Epoch [19/40], Batch [60/161], Loss: 4.8269, Train Acc: 0.0938, Val Acc: 0.0050
Epoch [19/40], Batch [70/161], Loss: 4.7929, Train Acc: 0.1406, Val Acc: 0.0350
Epoch [19/40], Batch [80/161], Loss: 4.9743, Train Acc: 0.0312, Val Acc: 0.0100
Epoch [19/40], Batch [90/161], Loss: 5.2411, Train Acc: 0.0781, Val Acc: 0.0100
Epoch [19/40], Batch [100/161], Loss: 5.2775, Train Acc: 0.0469, Val Acc: 0.0250
Epoch [19/40], Batch [110/161], Loss: 4.6817, Train Acc: 0.0469, Val Acc: 0.0250
Epoch [19/40], Batch [120/161], Loss: 4.9083, Train Acc: 0.0781, Val Acc: 0.0200
Epoch [19/40], Batch [130/161], Loss: 4.9420, Train Acc: 0.0469, Val Acc: 0.0200
Epoch [19/40], Batch [140/161], Loss: 4.6731, Train Acc: 0.1094, Val Acc: 0.0100
Epoch [19/40], Batch [150/161], Loss: 5.1314, Train Acc: 0.0625, Val Acc: 0.0300
Epoch [19/40], Batch [160/161], Loss: 4.9914, Train Acc: 0.1094, Val Acc: 0.0050
Epoch [20/40], Batch [10/161], Loss: 4.8906, Train Acc: 0.0469, Val Acc: 0.0100
Model saved to /home/sar0033/blindscrambler/scripts/models
Epoch [20/40], Batch [20/161], Loss: 4.8573, Train Acc: 0.0625, Val Acc: 0.0050
Model saved to /home/sar0033/blindscrambler/scripts/models
Epoch [20/40], Batch [30/161], Loss: 4.6649, Train Acc: 0.0781, Val Acc: 0.0100
Model saved to /home/sar0033/blindscrambler/scripts/models
Epoch [20/40], Batch [40/161], Loss: 4.7586, Train Acc: 0.0625, Val Acc: 0.0100
Model saved to /home/sar0033/blindscrambler/scripts/models
Epoch [20/40], Batch [50/161], Loss: 4.7878, Train Acc: 0.0781, Val Acc: 0.0150
Model saved to /home/sar0033/blindscrambler/scripts/models
Epoch [20/40], Batch [60/161], Loss: 4.6775, Train Acc: 0.0938, Val Acc: 0.0500
Model saved to /home/sar0033/blindscrambler/scripts/models
Epoch [20/40], Batch [70/161], Loss: 4.9545, Train Acc: 0.0938, Val Acc: 0.0100
Model saved to /home/sar0033/blindscrambler/scripts/models
Epoch [20/40], Batch [80/161], Loss: 4.7447, Train Acc: 0.1094, Val Acc: 0.0150
Model saved to /home/sar0033/blindscrambler/scripts/models
Epoch [20/40], Batch [90/161], Loss: 4.6129, Train Acc: 0.1250, Val Acc: 0.0200
Model saved to /home/sar0033/blindscrambler/scripts/models
Epoch [20/40], Batch [100/161], Loss: 4.7564, Train Acc: 0.0938, Val Acc: 0.0050
Model saved to /home/sar0033/blindscrambler/scripts/models
Epoch [20/40], Batch [110/161], Loss: 4.8045, Train Acc: 0.0938, Val Acc: 0.0150
Model saved to /home/sar0033/blindscrambler/scripts/models
Epoch [20/40], Batch [120/161], Loss: 5.1974, Train Acc: 0.0938, Val Acc: 0.0150
Model saved to /home/sar0033/blindscrambler/scripts/models
Epoch [20/40], Batch [130/161], Loss: 4.7888, Train Acc: 0.1250, Val Acc: 0.0100
Model saved to /home/sar0033/blindscrambler/scripts/models
Epoch [20/40], Batch [140/161], Loss: 4.8218, Train Acc: 0.0625, Val Acc: 0.0150
Model saved to /home/sar0033/blindscrambler/scripts/models
Epoch [20/40], Batch [150/161], Loss: 5.0285, Train Acc: 0.0781, Val Acc: 0.0150
Model saved to /home/sar0033/blindscrambler/scripts/models
Epoch [20/40], Batch [160/161], Loss: 5.1376, Train Acc: 0.0781, Val Acc: 0.0350
Model saved to /home/sar0033/blindscrambler/scripts/models
Epoch [21/40], Batch [10/161], Loss: 4.8134, Train Acc: 0.0312, Val Acc: 0.0100
Epoch [21/40], Batch [20/161], Loss: 4.8027, Train Acc: 0.0938, Val Acc: 0.0100
Epoch [21/40], Batch [30/161], Loss: 4.8647, Train Acc: 0.1250, Val Acc: 0.0300
Epoch [21/40], Batch [40/161], Loss: 4.6306, Train Acc: 0.1250, Val Acc: 0.0200
Epoch [21/40], Batch [50/161], Loss: 4.6220, Train Acc: 0.0625, Val Acc: 0.0200
Epoch [21/40], Batch [60/161], Loss: 4.7958, Train Acc: 0.0938, Val Acc: 0.0100
Epoch [21/40], Batch [70/161], Loss: 4.5532, Train Acc: 0.0938, Val Acc: 0.0150
Epoch [21/40], Batch [80/161], Loss: 4.6857, Train Acc: 0.0625, Val Acc: 0.0200
Epoch [21/40], Batch [90/161], Loss: 4.9077, Train Acc: 0.0938, Val Acc: 0.0150
Epoch [21/40], Batch [100/161], Loss: 5.0169, Train Acc: 0.0625, Val Acc: 0.0200
Epoch [21/40], Batch [110/161], Loss: 4.6153, Train Acc: 0.1094, Val Acc: 0.0100
Epoch [21/40], Batch [120/161], Loss: 4.9259, Train Acc: 0.1094, Val Acc: 0.0050
Epoch [21/40], Batch [130/161], Loss: 4.9820, Train Acc: 0.0781, Val Acc: 0.0150
Epoch [21/40], Batch [140/161], Loss: 4.9661, Train Acc: 0.0625, Val Acc: 0.0100
Epoch [21/40], Batch [150/161], Loss: 4.9433, Train Acc: 0.0469, Val Acc: 0.0300
Epoch [21/40], Batch [160/161], Loss: 4.7986, Train Acc: 0.0781, Val Acc: 0.0150
Epoch [22/40], Batch [10/161], Loss: 4.2512, Train Acc: 0.1094, Val Acc: 0.0250
Epoch [22/40], Batch [20/161], Loss: 4.2827, Train Acc: 0.2500, Val Acc: 0.0300
Epoch [22/40], Batch [30/161], Loss: 4.8358, Train Acc: 0.0312, Val Acc: 0.0150
Epoch [22/40], Batch [40/161], Loss: 4.2536, Train Acc: 0.1719, Val Acc: 0.0150
Epoch [22/40], Batch [50/161], Loss: 4.3481, Train Acc: 0.1562, Val Acc: 0.0250
Epoch [22/40], Batch [60/161], Loss: 4.7243, Train Acc: 0.0781, Val Acc: 0.0000
Epoch [22/40], Batch [70/161], Loss: 4.5245, Train Acc: 0.0938, Val Acc: 0.0150
Epoch [22/40], Batch [80/161], Loss: 4.6640, Train Acc: 0.1094, Val Acc: 0.0150
Epoch [22/40], Batch [90/161], Loss: 4.7101, Train Acc: 0.1094, Val Acc: 0.0150
Epoch [22/40], Batch [100/161], Loss: 4.7913, Train Acc: 0.0469, Val Acc: 0.0150
Epoch [22/40], Batch [110/161], Loss: 4.6017, Train Acc: 0.1250, Val Acc: 0.0300
Epoch [22/40], Batch [120/161], Loss: 4.6448, Train Acc: 0.1406, Val Acc: 0.0450
Epoch [22/40], Batch [130/161], Loss: 4.5087, Train Acc: 0.1562, Val Acc: 0.0300
Epoch [22/40], Batch [140/161], Loss: 4.8639, Train Acc: 0.0625, Val Acc: 0.0150
Epoch [22/40], Batch [150/161], Loss: 4.7362, Train Acc: 0.0625, Val Acc: 0.0250
Epoch [22/40], Batch [160/161], Loss: 4.7988, Train Acc: 0.1250, Val Acc: 0.0200
Epoch [23/40], Batch [10/161], Loss: 4.3770, Train Acc: 0.1719, Val Acc: 0.0150
Epoch [23/40], Batch [20/161], Loss: 4.9007, Train Acc: 0.0312, Val Acc: 0.0100
Epoch [23/40], Batch [30/161], Loss: 4.8280, Train Acc: 0.0938, Val Acc: 0.0250
Epoch [23/40], Batch [40/161], Loss: 4.6314, Train Acc: 0.1094, Val Acc: 0.0200
Epoch [23/40], Batch [50/161], Loss: 4.8916, Train Acc: 0.1094, Val Acc: 0.0250
Epoch [23/40], Batch [60/161], Loss: 4.6712, Train Acc: 0.0625, Val Acc: 0.0100
Epoch [23/40], Batch [70/161], Loss: 4.5860, Train Acc: 0.0625, Val Acc: 0.0250
Epoch [23/40], Batch [80/161], Loss: 4.3989, Train Acc: 0.2031, Val Acc: 0.0150
Epoch [23/40], Batch [90/161], Loss: 4.7299, Train Acc: 0.0625, Val Acc: 0.0050
Epoch [23/40], Batch [100/161], Loss: 4.5110, Train Acc: 0.1562, Val Acc: 0.0300
Epoch [23/40], Batch [110/161], Loss: 4.3969, Train Acc: 0.1719, Val Acc: 0.0200
Epoch [23/40], Batch [120/161], Loss: 4.8021, Train Acc: 0.1094, Val Acc: 0.0350
Epoch [23/40], Batch [130/161], Loss: 4.7774, Train Acc: 0.0781, Val Acc: 0.0350
Epoch [23/40], Batch [140/161], Loss: 4.5810, Train Acc: 0.0469, Val Acc: 0.0200
Epoch [23/40], Batch [150/161], Loss: 5.1473, Train Acc: 0.0938, Val Acc: 0.0200
Epoch [23/40], Batch [160/161], Loss: 4.7045, Train Acc: 0.1094, Val Acc: 0.0300
Epoch [24/40], Batch [10/161], Loss: 4.6202, Train Acc: 0.1406, Val Acc: 0.0150
Epoch [24/40], Batch [20/161], Loss: 4.4918, Train Acc: 0.0938, Val Acc: 0.0200
Epoch [24/40], Batch [30/161], Loss: 4.7224, Train Acc: 0.1406, Val Acc: 0.0150
Epoch [24/40], Batch [40/161], Loss: 4.3005, Train Acc: 0.2031, Val Acc: 0.0100
Epoch [24/40], Batch [50/161], Loss: 4.5188, Train Acc: 0.1406, Val Acc: 0.0150
Epoch [24/40], Batch [60/161], Loss: 4.7918, Train Acc: 0.1094, Val Acc: 0.0250
Epoch [24/40], Batch [70/161], Loss: 4.4917, Train Acc: 0.1094, Val Acc: 0.0200
Epoch [24/40], Batch [80/161], Loss: 4.7000, Train Acc: 0.1094, Val Acc: 0.0200
Epoch [24/40], Batch [90/161], Loss: 4.0677, Train Acc: 0.1719, Val Acc: 0.0200
Epoch [24/40], Batch [100/161], Loss: 4.4992, Train Acc: 0.1094, Val Acc: 0.0250
Epoch [24/40], Batch [110/161], Loss: 4.8514, Train Acc: 0.1094, Val Acc: 0.0350
Epoch [24/40], Batch [120/161], Loss: 4.6479, Train Acc: 0.1094, Val Acc: 0.0350
Epoch [24/40], Batch [130/161], Loss: 4.7169, Train Acc: 0.1094, Val Acc: 0.0400
Epoch [24/40], Batch [140/161], Loss: 4.4276, Train Acc: 0.1406, Val Acc: 0.0300
Epoch [24/40], Batch [150/161], Loss: 4.3512, Train Acc: 0.1094, Val Acc: 0.0300
Epoch [24/40], Batch [160/161], Loss: 4.6540, Train Acc: 0.0938, Val Acc: 0.0300
Epoch [25/40], Batch [10/161], Loss: 4.5395, Train Acc: 0.1406, Val Acc: 0.0200
Epoch [25/40], Batch [20/161], Loss: 4.4955, Train Acc: 0.0781, Val Acc: 0.0100
Epoch [25/40], Batch [30/161], Loss: 4.3714, Train Acc: 0.1406, Val Acc: 0.0200
Epoch [25/40], Batch [40/161], Loss: 4.5019, Train Acc: 0.1094, Val Acc: 0.0150
Epoch [25/40], Batch [50/161], Loss: 4.8011, Train Acc: 0.1250, Val Acc: 0.0200
Epoch [25/40], Batch [60/161], Loss: 4.5951, Train Acc: 0.0625, Val Acc: 0.0300
Epoch [25/40], Batch [70/161], Loss: 4.4440, Train Acc: 0.1406, Val Acc: 0.0200
Epoch [25/40], Batch [80/161], Loss: 4.5168, Train Acc: 0.0625, Val Acc: 0.0250
Epoch [25/40], Batch [90/161], Loss: 4.5266, Train Acc: 0.0938, Val Acc: 0.0250
Epoch [25/40], Batch [100/161], Loss: 4.7074, Train Acc: 0.0938, Val Acc: 0.0250
Epoch [25/40], Batch [110/161], Loss: 4.5510, Train Acc: 0.0781, Val Acc: 0.0350
Epoch [25/40], Batch [120/161], Loss: 4.2308, Train Acc: 0.1719, Val Acc: 0.0200
Epoch [25/40], Batch [130/161], Loss: 4.4567, Train Acc: 0.1562, Val Acc: 0.0300
Epoch [25/40], Batch [140/161], Loss: 4.4870, Train Acc: 0.0781, Val Acc: 0.0150
Epoch [25/40], Batch [150/161], Loss: 4.4526, Train Acc: 0.1406, Val Acc: 0.0050
Epoch [25/40], Batch [160/161], Loss: 4.7277, Train Acc: 0.1250, Val Acc: 0.0100
Epoch [26/40], Batch [10/161], Loss: 3.9562, Train Acc: 0.1562, Val Acc: 0.0100
Epoch [26/40], Batch [20/161], Loss: 4.0421, Train Acc: 0.2344, Val Acc: 0.0150
Epoch [26/40], Batch [30/161], Loss: 4.4887, Train Acc: 0.0625, Val Acc: 0.0000
Epoch [26/40], Batch [40/161], Loss: 4.4959, Train Acc: 0.1406, Val Acc: 0.0150
Epoch [26/40], Batch [50/161], Loss: 4.2077, Train Acc: 0.0781, Val Acc: 0.0150
Epoch [26/40], Batch [60/161], Loss: 4.4055, Train Acc: 0.1406, Val Acc: 0.0150
Epoch [26/40], Batch [70/161], Loss: 4.2081, Train Acc: 0.2188, Val Acc: 0.0250
Epoch [26/40], Batch [80/161], Loss: 4.4382, Train Acc: 0.1406, Val Acc: 0.0400
Epoch [26/40], Batch [90/161], Loss: 4.0640, Train Acc: 0.1719, Val Acc: 0.0200
Epoch [26/40], Batch [100/161], Loss: 4.1459, Train Acc: 0.1562, Val Acc: 0.0200
Epoch [26/40], Batch [110/161], Loss: 4.7959, Train Acc: 0.0625, Val Acc: 0.0250
Epoch [26/40], Batch [120/161], Loss: 4.6872, Train Acc: 0.1250, Val Acc: 0.0200
Epoch [26/40], Batch [130/161], Loss: 4.8180, Train Acc: 0.0625, Val Acc: 0.0250
Epoch [26/40], Batch [140/161], Loss: 4.0779, Train Acc: 0.1406, Val Acc: 0.0100
Epoch [26/40], Batch [150/161], Loss: 4.7937, Train Acc: 0.1250, Val Acc: 0.0150
Epoch [26/40], Batch [160/161], Loss: 4.3450, Train Acc: 0.1094, Val Acc: 0.0350
Epoch [27/40], Batch [10/161], Loss: 4.0812, Train Acc: 0.1875, Val Acc: 0.0150
Epoch [27/40], Batch [20/161], Loss: 4.0671, Train Acc: 0.1250, Val Acc: 0.0200
Epoch [27/40], Batch [30/161], Loss: 4.4708, Train Acc: 0.0312, Val Acc: 0.0100
Epoch [27/40], Batch [40/161], Loss: 4.3476, Train Acc: 0.1719, Val Acc: 0.0200
Epoch [27/40], Batch [50/161], Loss: 4.1146, Train Acc: 0.1875, Val Acc: 0.0150
Epoch [27/40], Batch [60/161], Loss: 4.6394, Train Acc: 0.0625, Val Acc: 0.0150
Epoch [27/40], Batch [70/161], Loss: 4.4479, Train Acc: 0.1250, Val Acc: 0.0100
Epoch [27/40], Batch [80/161], Loss: 4.5989, Train Acc: 0.1250, Val Acc: 0.0150
Epoch [27/40], Batch [90/161], Loss: 4.2286, Train Acc: 0.1406, Val Acc: 0.0300
Epoch [27/40], Batch [100/161], Loss: 4.6618, Train Acc: 0.0938, Val Acc: 0.0300
Epoch [27/40], Batch [110/161], Loss: 4.3932, Train Acc: 0.1406, Val Acc: 0.0250
Epoch [27/40], Batch [120/161], Loss: 4.1604, Train Acc: 0.1094, Val Acc: 0.0200
Epoch [27/40], Batch [130/161], Loss: 4.2915, Train Acc: 0.1406, Val Acc: 0.0300
Epoch [27/40], Batch [140/161], Loss: 4.4294, Train Acc: 0.1250, Val Acc: 0.0200
Epoch [27/40], Batch [150/161], Loss: 4.5731, Train Acc: 0.0938, Val Acc: 0.0550
Epoch [27/40], Batch [160/161], Loss: 4.2233, Train Acc: 0.1406, Val Acc: 0.0050
Epoch [28/40], Batch [10/161], Loss: 4.5168, Train Acc: 0.1406, Val Acc: 0.0250
Epoch [28/40], Batch [20/161], Loss: 4.0559, Train Acc: 0.1719, Val Acc: 0.0250
Epoch [28/40], Batch [30/161], Loss: 4.2770, Train Acc: 0.1094, Val Acc: 0.0250
Epoch [28/40], Batch [40/161], Loss: 4.1844, Train Acc: 0.1719, Val Acc: 0.0350
Epoch [28/40], Batch [50/161], Loss: 3.8201, Train Acc: 0.2188, Val Acc: 0.0250
Epoch [28/40], Batch [60/161], Loss: 4.3461, Train Acc: 0.1094, Val Acc: 0.0200
Epoch [28/40], Batch [70/161], Loss: 4.0988, Train Acc: 0.2031, Val Acc: 0.0050
Epoch [28/40], Batch [80/161], Loss: 4.1853, Train Acc: 0.0781, Val Acc: 0.0250
Epoch [28/40], Batch [90/161], Loss: 4.3274, Train Acc: 0.1094, Val Acc: 0.0400
Epoch [28/40], Batch [100/161], Loss: 4.6413, Train Acc: 0.0312, Val Acc: 0.0350
Epoch [28/40], Batch [110/161], Loss: 4.2238, Train Acc: 0.1875, Val Acc: 0.0300
Epoch [28/40], Batch [120/161], Loss: 4.4337, Train Acc: 0.1250, Val Acc: 0.0200
Epoch [28/40], Batch [130/161], Loss: 4.4391, Train Acc: 0.1406, Val Acc: 0.0350
Epoch [28/40], Batch [140/161], Loss: 4.2377, Train Acc: 0.1094, Val Acc: 0.0200
Epoch [28/40], Batch [150/161], Loss: 4.7051, Train Acc: 0.0938, Val Acc: 0.0350
Epoch [28/40], Batch [160/161], Loss: 4.4096, Train Acc: 0.0938, Val Acc: 0.0250
Epoch [29/40], Batch [10/161], Loss: 3.6621, Train Acc: 0.2031, Val Acc: 0.0300
Epoch [29/40], Batch [20/161], Loss: 3.9367, Train Acc: 0.1250, Val Acc: 0.0200
Epoch [29/40], Batch [30/161], Loss: 4.1141, Train Acc: 0.1406, Val Acc: 0.0300
Epoch [29/40], Batch [40/161], Loss: 3.9735, Train Acc: 0.1250, Val Acc: 0.0300
Epoch [29/40], Batch [50/161], Loss: 4.1316, Train Acc: 0.1875, Val Acc: 0.0150
Epoch [29/40], Batch [60/161], Loss: 4.2466, Train Acc: 0.0938, Val Acc: 0.0100
Epoch [29/40], Batch [70/161], Loss: 3.9309, Train Acc: 0.1719, Val Acc: 0.0300
Epoch [29/40], Batch [80/161], Loss: 4.5789, Train Acc: 0.1719, Val Acc: 0.0350
Epoch [29/40], Batch [90/161], Loss: 4.3588, Train Acc: 0.1250, Val Acc: 0.0400
Epoch [29/40], Batch [100/161], Loss: 4.2502, Train Acc: 0.0938, Val Acc: 0.0200
Epoch [29/40], Batch [110/161], Loss: 4.0904, Train Acc: 0.1562, Val Acc: 0.0250
Epoch [29/40], Batch [120/161], Loss: 4.0775, Train Acc: 0.1562, Val Acc: 0.0200
Epoch [29/40], Batch [130/161], Loss: 4.4605, Train Acc: 0.0781, Val Acc: 0.0250
Epoch [29/40], Batch [140/161], Loss: 4.2986, Train Acc: 0.1562, Val Acc: 0.0200
Epoch [29/40], Batch [150/161], Loss: 4.6339, Train Acc: 0.0625, Val Acc: 0.0300
Epoch [29/40], Batch [160/161], Loss: 4.2652, Train Acc: 0.0781, Val Acc: 0.0300
Epoch [30/40], Batch [10/161], Loss: 3.9637, Train Acc: 0.0938, Val Acc: 0.0450
Model saved to /home/sar0033/blindscrambler/scripts/models
Epoch [30/40], Batch [20/161], Loss: 3.9795, Train Acc: 0.1094, Val Acc: 0.0300
Model saved to /home/sar0033/blindscrambler/scripts/models
Epoch [30/40], Batch [30/161], Loss: 4.4880, Train Acc: 0.1094, Val Acc: 0.0250
Model saved to /home/sar0033/blindscrambler/scripts/models
Epoch [30/40], Batch [40/161], Loss: 4.2557, Train Acc: 0.1562, Val Acc: 0.0150
Model saved to /home/sar0033/blindscrambler/scripts/models
Epoch [30/40], Batch [50/161], Loss: 4.3394, Train Acc: 0.0938, Val Acc: 0.0250
Model saved to /home/sar0033/blindscrambler/scripts/models
Epoch [30/40], Batch [60/161], Loss: 3.6431, Train Acc: 0.2969, Val Acc: 0.0200
Model saved to /home/sar0033/blindscrambler/scripts/models
Epoch [30/40], Batch [70/161], Loss: 4.0046, Train Acc: 0.1719, Val Acc: 0.0300
Model saved to /home/sar0033/blindscrambler/scripts/models
Epoch [30/40], Batch [80/161], Loss: 3.8981, Train Acc: 0.1719, Val Acc: 0.0350
Model saved to /home/sar0033/blindscrambler/scripts/models
Epoch [30/40], Batch [90/161], Loss: 4.2195, Train Acc: 0.1406, Val Acc: 0.0300
Model saved to /home/sar0033/blindscrambler/scripts/models
Epoch [30/40], Batch [100/161], Loss: 4.1415, Train Acc: 0.1719, Val Acc: 0.0150
Model saved to /home/sar0033/blindscrambler/scripts/models
Epoch [30/40], Batch [110/161], Loss: 3.8898, Train Acc: 0.1719, Val Acc: 0.0150
Model saved to /home/sar0033/blindscrambler/scripts/models
Epoch [30/40], Batch [120/161], Loss: 4.3334, Train Acc: 0.1250, Val Acc: 0.0250
Model saved to /home/sar0033/blindscrambler/scripts/models
Epoch [30/40], Batch [130/161], Loss: 4.0761, Train Acc: 0.0938, Val Acc: 0.0050
Model saved to /home/sar0033/blindscrambler/scripts/models
Epoch [30/40], Batch [140/161], Loss: 4.0834, Train Acc: 0.1094, Val Acc: 0.0200
Model saved to /home/sar0033/blindscrambler/scripts/models
Epoch [30/40], Batch [150/161], Loss: 4.0670, Train Acc: 0.1875, Val Acc: 0.0250
Model saved to /home/sar0033/blindscrambler/scripts/models
Epoch [30/40], Batch [160/161], Loss: 3.9355, Train Acc: 0.1250, Val Acc: 0.0250
Model saved to /home/sar0033/blindscrambler/scripts/models
Epoch [31/40], Batch [10/161], Loss: 3.6169, Train Acc: 0.1875, Val Acc: 0.0250
Epoch [31/40], Batch [20/161], Loss: 3.8814, Train Acc: 0.2031, Val Acc: 0.0250
Epoch [31/40], Batch [30/161], Loss: 3.6092, Train Acc: 0.2344, Val Acc: 0.0300
Epoch [31/40], Batch [40/161], Loss: 3.7093, Train Acc: 0.2031, Val Acc: 0.0300
Epoch [31/40], Batch [50/161], Loss: 3.7376, Train Acc: 0.2344, Val Acc: 0.0300
Epoch [31/40], Batch [60/161], Loss: 3.5520, Train Acc: 0.1719, Val Acc: 0.0350
Epoch [31/40], Batch [70/161], Loss: 3.3523, Train Acc: 0.2969, Val Acc: 0.0250
Epoch [31/40], Batch [80/161], Loss: 4.0976, Train Acc: 0.2031, Val Acc: 0.0300
Epoch [31/40], Batch [90/161], Loss: 4.0384, Train Acc: 0.1719, Val Acc: 0.0300
Epoch [31/40], Batch [100/161], Loss: 3.7294, Train Acc: 0.2344, Val Acc: 0.0350
Epoch [31/40], Batch [110/161], Loss: 3.6996, Train Acc: 0.2344, Val Acc: 0.0250
Epoch [31/40], Batch [120/161], Loss: 3.9427, Train Acc: 0.2188, Val Acc: 0.0300
Epoch [31/40], Batch [130/161], Loss: 3.1993, Train Acc: 0.2969, Val Acc: 0.0300
Epoch [31/40], Batch [140/161], Loss: 3.3982, Train Acc: 0.3125, Val Acc: 0.0400
Epoch [31/40], Batch [150/161], Loss: 3.6771, Train Acc: 0.2188, Val Acc: 0.0400
Epoch [31/40], Batch [160/161], Loss: 3.5336, Train Acc: 0.2500, Val Acc: 0.0350
Epoch [32/40], Batch [10/161], Loss: 3.5753, Train Acc: 0.3281, Val Acc: 0.0350
Epoch [32/40], Batch [20/161], Loss: 3.7078, Train Acc: 0.2188, Val Acc: 0.0300
Epoch [32/40], Batch [30/161], Loss: 3.1252, Train Acc: 0.2500, Val Acc: 0.0350
Epoch [32/40], Batch [40/161], Loss: 3.5860, Train Acc: 0.2656, Val Acc: 0.0300
Epoch [32/40], Batch [50/161], Loss: 3.6997, Train Acc: 0.2031, Val Acc: 0.0250
Epoch [32/40], Batch [60/161], Loss: 3.6690, Train Acc: 0.2969, Val Acc: 0.0350
Epoch [32/40], Batch [70/161], Loss: 3.3604, Train Acc: 0.3125, Val Acc: 0.0400
Epoch [32/40], Batch [80/161], Loss: 3.5259, Train Acc: 0.2812, Val Acc: 0.0400
Epoch [32/40], Batch [90/161], Loss: 3.4607, Train Acc: 0.2656, Val Acc: 0.0400
Epoch [32/40], Batch [100/161], Loss: 3.6600, Train Acc: 0.2344, Val Acc: 0.0350
Epoch [32/40], Batch [110/161], Loss: 3.3759, Train Acc: 0.3125, Val Acc: 0.0300
Epoch [32/40], Batch [120/161], Loss: 3.3055, Train Acc: 0.2656, Val Acc: 0.0350
Epoch [32/40], Batch [130/161], Loss: 3.6109, Train Acc: 0.2656, Val Acc: 0.0350
Epoch [32/40], Batch [140/161], Loss: 3.7153, Train Acc: 0.2656, Val Acc: 0.0350
Epoch [32/40], Batch [150/161], Loss: 3.3510, Train Acc: 0.2656, Val Acc: 0.0350
Epoch [32/40], Batch [160/161], Loss: 3.3772, Train Acc: 0.2500, Val Acc: 0.0400
Epoch [33/40], Batch [10/161], Loss: 3.4041, Train Acc: 0.2344, Val Acc: 0.0350
Epoch [33/40], Batch [20/161], Loss: 3.4989, Train Acc: 0.2812, Val Acc: 0.0350
Epoch [33/40], Batch [30/161], Loss: 3.6251, Train Acc: 0.2812, Val Acc: 0.0350
Epoch [33/40], Batch [40/161], Loss: 3.5975, Train Acc: 0.2812, Val Acc: 0.0350
Epoch [33/40], Batch [50/161], Loss: 3.4518, Train Acc: 0.2656, Val Acc: 0.0300
Epoch [33/40], Batch [60/161], Loss: 3.3668, Train Acc: 0.3281, Val Acc: 0.0350
Epoch [33/40], Batch [70/161], Loss: 3.6544, Train Acc: 0.2812, Val Acc: 0.0350
Epoch [33/40], Batch [80/161], Loss: 3.3345, Train Acc: 0.3125, Val Acc: 0.0400
Epoch [33/40], Batch [90/161], Loss: 3.4204, Train Acc: 0.3438, Val Acc: 0.0400
Epoch [33/40], Batch [100/161], Loss: 3.3449, Train Acc: 0.3438, Val Acc: 0.0350
Epoch [33/40], Batch [110/161], Loss: 3.6015, Train Acc: 0.2500, Val Acc: 0.0450
Epoch [33/40], Batch [120/161], Loss: 3.4302, Train Acc: 0.2188, Val Acc: 0.0300
Epoch [33/40], Batch [130/161], Loss: 3.5368, Train Acc: 0.2812, Val Acc: 0.0400
Epoch [33/40], Batch [140/161], Loss: 3.5479, Train Acc: 0.2344, Val Acc: 0.0350
Epoch [33/40], Batch [150/161], Loss: 3.5831, Train Acc: 0.2031, Val Acc: 0.0400
Epoch [33/40], Batch [160/161], Loss: 3.5244, Train Acc: 0.2344, Val Acc: 0.0400
Epoch [34/40], Batch [10/161], Loss: 3.3993, Train Acc: 0.2969, Val Acc: 0.0400
Epoch [34/40], Batch [20/161], Loss: 3.6671, Train Acc: 0.3125, Val Acc: 0.0400
Epoch [34/40], Batch [30/161], Loss: 3.3380, Train Acc: 0.2812, Val Acc: 0.0400
Epoch [34/40], Batch [40/161], Loss: 3.6648, Train Acc: 0.2031, Val Acc: 0.0400
Epoch [34/40], Batch [50/161], Loss: 3.5969, Train Acc: 0.2031, Val Acc: 0.0350
Epoch [34/40], Batch [60/161], Loss: 3.3538, Train Acc: 0.2344, Val Acc: 0.0350
Epoch [34/40], Batch [70/161], Loss: 3.6565, Train Acc: 0.1719, Val Acc: 0.0400
Epoch [34/40], Batch [80/161], Loss: 3.5050, Train Acc: 0.2812, Val Acc: 0.0450
Epoch [34/40], Batch [90/161], Loss: 3.6047, Train Acc: 0.2031, Val Acc: 0.0400
Epoch [34/40], Batch [100/161], Loss: 3.4700, Train Acc: 0.2344, Val Acc: 0.0400
Epoch [34/40], Batch [110/161], Loss: 3.5613, Train Acc: 0.2656, Val Acc: 0.0400
Epoch [34/40], Batch [120/161], Loss: 3.4237, Train Acc: 0.2656, Val Acc: 0.0400
Epoch [34/40], Batch [130/161], Loss: 3.6290, Train Acc: 0.2500, Val Acc: 0.0400
Epoch [34/40], Batch [140/161], Loss: 3.9113, Train Acc: 0.2031, Val Acc: 0.0350
Epoch [34/40], Batch [150/161], Loss: 3.4089, Train Acc: 0.3281, Val Acc: 0.0300
Epoch [34/40], Batch [160/161], Loss: 3.4259, Train Acc: 0.2344, Val Acc: 0.0300
Epoch [35/40], Batch [10/161], Loss: 3.3327, Train Acc: 0.2656, Val Acc: 0.0350
Epoch [35/40], Batch [20/161], Loss: 3.2570, Train Acc: 0.2656, Val Acc: 0.0300
Epoch [35/40], Batch [30/161], Loss: 3.2801, Train Acc: 0.3125, Val Acc: 0.0400
Epoch [35/40], Batch [40/161], Loss: 3.6294, Train Acc: 0.2188, Val Acc: 0.0400
Epoch [35/40], Batch [50/161], Loss: 3.4698, Train Acc: 0.2969, Val Acc: 0.0300
Epoch [35/40], Batch [60/161], Loss: 3.4072, Train Acc: 0.2188, Val Acc: 0.0400
Epoch [35/40], Batch [70/161], Loss: 3.2330, Train Acc: 0.2656, Val Acc: 0.0450
Epoch [35/40], Batch [80/161], Loss: 3.3375, Train Acc: 0.2812, Val Acc: 0.0350
Epoch [35/40], Batch [90/161], Loss: 3.6221, Train Acc: 0.2969, Val Acc: 0.0350
Epoch [35/40], Batch [100/161], Loss: 3.5149, Train Acc: 0.2500, Val Acc: 0.0350
Epoch [35/40], Batch [110/161], Loss: 3.7712, Train Acc: 0.2188, Val Acc: 0.0350
Epoch [35/40], Batch [120/161], Loss: 3.2103, Train Acc: 0.2969, Val Acc: 0.0350
Epoch [35/40], Batch [130/161], Loss: 3.0432, Train Acc: 0.3750, Val Acc: 0.0300
Epoch [35/40], Batch [140/161], Loss: 3.2272, Train Acc: 0.2812, Val Acc: 0.0250
Epoch [35/40], Batch [150/161], Loss: 3.5624, Train Acc: 0.2656, Val Acc: 0.0300
Epoch [35/40], Batch [160/161], Loss: 3.8315, Train Acc: 0.1562, Val Acc: 0.0350
Epoch [36/40], Batch [10/161], Loss: 3.2155, Train Acc: 0.2812, Val Acc: 0.0400
Epoch [36/40], Batch [20/161], Loss: 3.4729, Train Acc: 0.2031, Val Acc: 0.0400
Epoch [36/40], Batch [30/161], Loss: 3.4039, Train Acc: 0.2969, Val Acc: 0.0350
Epoch [36/40], Batch [40/161], Loss: 3.3582, Train Acc: 0.2656, Val Acc: 0.0400
Epoch [36/40], Batch [50/161], Loss: 3.3198, Train Acc: 0.3125, Val Acc: 0.0350
Epoch [36/40], Batch [60/161], Loss: 3.3959, Train Acc: 0.2969, Val Acc: 0.0400
Epoch [36/40], Batch [70/161], Loss: 3.3066, Train Acc: 0.2656, Val Acc: 0.0350
Epoch [36/40], Batch [80/161], Loss: 3.4287, Train Acc: 0.3125, Val Acc: 0.0300
Epoch [36/40], Batch [90/161], Loss: 3.1837, Train Acc: 0.3438, Val Acc: 0.0350
Epoch [36/40], Batch [100/161], Loss: 3.6304, Train Acc: 0.1719, Val Acc: 0.0400
Epoch [36/40], Batch [110/161], Loss: 3.6629, Train Acc: 0.2812, Val Acc: 0.0450
Epoch [36/40], Batch [120/161], Loss: 3.5768, Train Acc: 0.2656, Val Acc: 0.0400
Epoch [36/40], Batch [130/161], Loss: 3.4404, Train Acc: 0.2812, Val Acc: 0.0400
Epoch [36/40], Batch [140/161], Loss: 3.7506, Train Acc: 0.1562, Val Acc: 0.0400
Epoch [36/40], Batch [150/161], Loss: 3.3409, Train Acc: 0.2188, Val Acc: 0.0350
Epoch [36/40], Batch [160/161], Loss: 3.5366, Train Acc: 0.2188, Val Acc: 0.0350
Epoch [37/40], Batch [10/161], Loss: 3.2139, Train Acc: 0.2031, Val Acc: 0.0350
Epoch [37/40], Batch [20/161], Loss: 3.3567, Train Acc: 0.3438, Val Acc: 0.0400
Epoch [37/40], Batch [30/161], Loss: 3.2399, Train Acc: 0.3281, Val Acc: 0.0300
Epoch [37/40], Batch [40/161], Loss: 3.6398, Train Acc: 0.2500, Val Acc: 0.0300
Epoch [37/40], Batch [50/161], Loss: 3.4853, Train Acc: 0.2031, Val Acc: 0.0400
Epoch [37/40], Batch [60/161], Loss: 3.6248, Train Acc: 0.3125, Val Acc: 0.0400
Epoch [37/40], Batch [70/161], Loss: 3.3035, Train Acc: 0.2812, Val Acc: 0.0300
Epoch [37/40], Batch [80/161], Loss: 3.0092, Train Acc: 0.3438, Val Acc: 0.0250
Epoch [37/40], Batch [90/161], Loss: 3.5962, Train Acc: 0.1875, Val Acc: 0.0250
Epoch [37/40], Batch [100/161], Loss: 3.9393, Train Acc: 0.2344, Val Acc: 0.0300
Epoch [37/40], Batch [110/161], Loss: 3.2210, Train Acc: 0.3281, Val Acc: 0.0400
Epoch [37/40], Batch [120/161], Loss: 3.1844, Train Acc: 0.3438, Val Acc: 0.0350
Epoch [37/40], Batch [130/161], Loss: 3.6527, Train Acc: 0.2656, Val Acc: 0.0300
Epoch [37/40], Batch [140/161], Loss: 3.5064, Train Acc: 0.2500, Val Acc: 0.0300
Epoch [37/40], Batch [150/161], Loss: 3.6922, Train Acc: 0.1875, Val Acc: 0.0350
Epoch [37/40], Batch [160/161], Loss: 3.5368, Train Acc: 0.2812, Val Acc: 0.0350
Epoch [38/40], Batch [10/161], Loss: 3.4575, Train Acc: 0.2656, Val Acc: 0.0400
Epoch [38/40], Batch [20/161], Loss: 3.2296, Train Acc: 0.2656, Val Acc: 0.0350
Epoch [38/40], Batch [30/161], Loss: 3.5070, Train Acc: 0.2656, Val Acc: 0.0400
Epoch [38/40], Batch [40/161], Loss: 3.2826, Train Acc: 0.2188, Val Acc: 0.0400
Epoch [38/40], Batch [50/161], Loss: 3.1406, Train Acc: 0.3125, Val Acc: 0.0350
Epoch [38/40], Batch [60/161], Loss: 3.3435, Train Acc: 0.2812, Val Acc: 0.0350
Epoch [38/40], Batch [70/161], Loss: 3.9648, Train Acc: 0.2188, Val Acc: 0.0350
Epoch [38/40], Batch [80/161], Loss: 3.3669, Train Acc: 0.2656, Val Acc: 0.0350
Epoch [38/40], Batch [90/161], Loss: 3.5270, Train Acc: 0.3281, Val Acc: 0.0400
Epoch [38/40], Batch [100/161], Loss: 3.4579, Train Acc: 0.3281, Val Acc: 0.0300
Epoch [38/40], Batch [110/161], Loss: 3.6657, Train Acc: 0.2500, Val Acc: 0.0350
Epoch [38/40], Batch [120/161], Loss: 3.3303, Train Acc: 0.3594, Val Acc: 0.0350
Epoch [38/40], Batch [130/161], Loss: 3.6529, Train Acc: 0.2031, Val Acc: 0.0350
Epoch [38/40], Batch [140/161], Loss: 3.3448, Train Acc: 0.2656, Val Acc: 0.0250
Epoch [38/40], Batch [150/161], Loss: 3.6508, Train Acc: 0.2656, Val Acc: 0.0250
Epoch [38/40], Batch [160/161], Loss: 3.5584, Train Acc: 0.2812, Val Acc: 0.0350
Epoch [39/40], Batch [10/161], Loss: 3.1955, Train Acc: 0.3906, Val Acc: 0.0350
Epoch [39/40], Batch [20/161], Loss: 3.1941, Train Acc: 0.3594, Val Acc: 0.0450
Epoch [39/40], Batch [30/161], Loss: 3.1469, Train Acc: 0.3281, Val Acc: 0.0400
Epoch [39/40], Batch [40/161], Loss: 3.4918, Train Acc: 0.2344, Val Acc: 0.0400
Epoch [39/40], Batch [50/161], Loss: 3.3098, Train Acc: 0.2812, Val Acc: 0.0300
Epoch [39/40], Batch [60/161], Loss: 3.3897, Train Acc: 0.2656, Val Acc: 0.0300
Epoch [39/40], Batch [70/161], Loss: 3.3465, Train Acc: 0.2656, Val Acc: 0.0250
Epoch [39/40], Batch [80/161], Loss: 3.7725, Train Acc: 0.2031, Val Acc: 0.0350
Epoch [39/40], Batch [90/161], Loss: 3.1519, Train Acc: 0.3594, Val Acc: 0.0400
Epoch [39/40], Batch [100/161], Loss: 3.4737, Train Acc: 0.3594, Val Acc: 0.0300
Epoch [39/40], Batch [110/161], Loss: 3.5912, Train Acc: 0.2656, Val Acc: 0.0400
Epoch [39/40], Batch [120/161], Loss: 3.3844, Train Acc: 0.2500, Val Acc: 0.0400
Epoch [39/40], Batch [130/161], Loss: 3.7588, Train Acc: 0.1406, Val Acc: 0.0350
Epoch [39/40], Batch [140/161], Loss: 3.5823, Train Acc: 0.3281, Val Acc: 0.0350
Epoch [39/40], Batch [150/161], Loss: 3.4540, Train Acc: 0.2344, Val Acc: 0.0300
Epoch [39/40], Batch [160/161], Loss: 3.4122, Train Acc: 0.2188, Val Acc: 0.0300
Epoch [40/40], Batch [10/161], Loss: 3.4014, Train Acc: 0.2969, Val Acc: 0.0350
Model saved to /home/sar0033/blindscrambler/scripts/models
Epoch [40/40], Batch [20/161], Loss: 3.3965, Train Acc: 0.2500, Val Acc: 0.0350
Model saved to /home/sar0033/blindscrambler/scripts/models
Epoch [40/40], Batch [30/161], Loss: 3.2980, Train Acc: 0.3125, Val Acc: 0.0300
Model saved to /home/sar0033/blindscrambler/scripts/models
Epoch [40/40], Batch [40/161], Loss: 3.4267, Train Acc: 0.2812, Val Acc: 0.0300
Model saved to /home/sar0033/blindscrambler/scripts/models
Epoch [40/40], Batch [50/161], Loss: 3.4949, Train Acc: 0.2812, Val Acc: 0.0250
Model saved to /home/sar0033/blindscrambler/scripts/models
Epoch [40/40], Batch [60/161], Loss: 3.2146, Train Acc: 0.3125, Val Acc: 0.0250
Model saved to /home/sar0033/blindscrambler/scripts/models
Epoch [40/40], Batch [70/161], Loss: 3.0022, Train Acc: 0.3594, Val Acc: 0.0300
Model saved to /home/sar0033/blindscrambler/scripts/models
Epoch [40/40], Batch [80/161], Loss: 3.7638, Train Acc: 0.2188, Val Acc: 0.0300
Model saved to /home/sar0033/blindscrambler/scripts/models
Epoch [40/40], Batch [90/161], Loss: 3.0885, Train Acc: 0.3438, Val Acc: 0.0250
Model saved to /home/sar0033/blindscrambler/scripts/models
Epoch [40/40], Batch [100/161], Loss: 3.4498, Train Acc: 0.2031, Val Acc: 0.0250
Model saved to /home/sar0033/blindscrambler/scripts/models
Epoch [40/40], Batch [110/161], Loss: 3.4542, Train Acc: 0.2500, Val Acc: 0.0250
Model saved to /home/sar0033/blindscrambler/scripts/models
Epoch [40/40], Batch [120/161], Loss: 3.5681, Train Acc: 0.2656, Val Acc: 0.0300
Model saved to /home/sar0033/blindscrambler/scripts/models
Epoch [40/40], Batch [130/161], Loss: 3.5471, Train Acc: 0.2344, Val Acc: 0.0350
Model saved to /home/sar0033/blindscrambler/scripts/models
Epoch [40/40], Batch [140/161], Loss: 3.4832, Train Acc: 0.2031, Val Acc: 0.0300
Model saved to /home/sar0033/blindscrambler/scripts/models
Epoch [40/40], Batch [150/161], Loss: 3.4182, Train Acc: 0.2344, Val Acc: 0.0300
Model saved to /home/sar0033/blindscrambler/scripts/models
Epoch [40/40], Batch [160/161], Loss: 3.8087, Train Acc: 0.1875, Val Acc: 0.0300
Model saved to /home/sar0033/blindscrambler/scripts/models
Model saved to /home/sar0033/blindscrambler/scripts/models
